[2026-04-17T23:42:42.575+0000][gc] Using G1
[2026-04-17T23:42:42.581+0000][gc,init] Version: 17.0.16+8-alpine-r0 (release)
[2026-04-17T23:42:42.582+0000][gc,init] CPUs: 20 total, 20 available
[2026-04-17T23:42:42.582+0000][gc,init] Memory: 15805M
[2026-04-17T23:42:42.582+0000][gc,init] Large Page Support: Disabled
[2026-04-17T23:42:42.582+0000][gc,init] NUMA Support: Disabled
[2026-04-17T23:42:42.582+0000][gc,init] Compressed Oops: Enabled (32-bit)
[2026-04-17T23:42:42.583+0000][gc,init] Heap Region Size: 1M
[2026-04-17T23:42:42.583+0000][gc,init] Heap Min Capacity: 1G
[2026-04-17T23:42:42.583+0000][gc,init] Heap Initial Capacity: 1G
[2026-04-17T23:42:42.583+0000][gc,init] Heap Max Capacity: 1G
[2026-04-17T23:42:42.584+0000][gc,init] Pre-touch: Disabled
[2026-04-17T23:42:42.584+0000][gc,init] Parallel Workers: 15
[2026-04-17T23:42:42.584+0000][gc,init] Concurrent Workers: 4
[2026-04-17T23:42:42.584+0000][gc,init] Concurrent Refinement Workers: 15
[2026-04-17T23:42:42.584+0000][gc,init] Periodic GC: Disabled
[2026-04-17T23:42:42.590+0000][gc,metaspace] CDS archive(s) mapped at: [0x00007288df000000-0x00007288dfbc7000-0x00007288dfbc7000), size 12349440, SharedBaseAddress: 0x00007288df000000, ArchiveRelocationMode: 1.
[2026-04-17T23:42:42.591+0000][gc,metaspace] Compressed class space mapped at: 0x00007288e0000000-0x0000728920000000, reserved size: 1073741824
[2026-04-17T23:42:42.591+0000][gc,metaspace] Narrow klass base: 0x00007288df000000, Narrow klass shift: 0, Narrow klass range: 0x100000000
[2026-04-17T23:42:45.215+0000][gc,start    ] GC(0) Pause Young (Concurrent Start) (Metadata GC Threshold)
[2026-04-17T23:42:45.217+0000][gc,task     ] GC(0) Using 15 workers of 15 for evacuation
[2026-04-17T23:42:45.225+0000][gc,phases   ] GC(0)   Pre Evacuate Collection Set: 0.2ms
[2026-04-17T23:42:45.225+0000][gc,phases   ] GC(0)   Merge Heap Roots: 0.2ms
[2026-04-17T23:42:45.225+0000][gc,phases   ] GC(0)   Evacuate Collection Set: 5.5ms
[2026-04-17T23:42:45.225+0000][gc,phases   ] GC(0)   Post Evacuate Collection Set: 1.5ms
[2026-04-17T23:42:45.226+0000][gc,phases   ] GC(0)   Other: 2.3ms
[2026-04-17T23:42:45.226+0000][gc,heap     ] GC(0) Eden regions: 367->0(492)
[2026-04-17T23:42:45.226+0000][gc,heap     ] GC(0) Survivor regions: 0->20(64)
[2026-04-17T23:42:45.226+0000][gc,heap     ] GC(0) Old regions: 0->0
[2026-04-17T23:42:45.227+0000][gc,heap     ] GC(0) Archive regions: 2->2
[2026-04-17T23:42:45.227+0000][gc,heap     ] GC(0) Humongous regions: 0->0
[2026-04-17T23:42:45.227+0000][gc,metaspace] GC(0) Metaspace: 21191K(21504K)->21191K(21504K) NonClass: 18603K(18752K)->18603K(18752K) Class: 2587K(2752K)->2587K(2752K)
[2026-04-17T23:42:45.227+0000][gc          ] GC(0) Pause Young (Concurrent Start) (Metadata GC Threshold) 367M->20M(1024M) 12.591ms
[2026-04-17T23:42:45.228+0000][gc,cpu      ] GC(0) User=0.05s Sys=0.04s Real=0.01s
[2026-04-17T23:42:45.228+0000][gc          ] GC(1) Concurrent Mark Cycle
[2026-04-17T23:42:45.228+0000][gc,marking  ] GC(1) Concurrent Clear Claimed Marks
[2026-04-17T23:42:45.228+0000][gc,marking  ] GC(1) Concurrent Clear Claimed Marks 0.264ms
[2026-04-17T23:42:45.229+0000][gc,marking  ] GC(1) Concurrent Scan Root Regions
[2026-04-17T23:42:45.232+0000][gc,marking  ] GC(1) Concurrent Scan Root Regions 3.096ms
[2026-04-17T23:42:45.232+0000][gc,marking  ] GC(1) Concurrent Mark
[2026-04-17T23:42:45.232+0000][gc,marking  ] GC(1) Concurrent Mark From Roots
[2026-04-17T23:42:45.233+0000][gc,task     ] GC(1) Using 4 workers of 4 for marking
[2026-04-17T23:42:45.234+0000][gc,marking  ] GC(1) Concurrent Mark From Roots 1.630ms
[2026-04-17T23:42:45.234+0000][gc,marking  ] GC(1) Concurrent Preclean
[2026-04-17T23:42:45.235+0000][gc,marking  ] GC(1) Concurrent Preclean 0.374ms
[2026-04-17T23:42:45.235+0000][gc,start    ] GC(1) Pause Remark
[2026-04-17T23:42:45.237+0000][gc          ] GC(1) Pause Remark 21M->21M(1024M) 1.966ms
[2026-04-17T23:42:45.237+0000][gc,cpu      ] GC(1) User=0.00s Sys=0.01s Real=0.00s
[2026-04-17T23:42:45.238+0000][gc,marking  ] GC(1) Concurrent Mark 5.570ms
[2026-04-17T23:42:45.238+0000][gc,marking  ] GC(1) Concurrent Rebuild Remembered Sets
[2026-04-17T23:42:45.238+0000][gc,marking  ] GC(1) Concurrent Rebuild Remembered Sets 0.470ms
[2026-04-17T23:42:45.239+0000][gc,start    ] GC(1) Pause Cleanup
[2026-04-17T23:42:45.239+0000][gc          ] GC(1) Pause Cleanup 21M->21M(1024M) 0.256ms
[2026-04-17T23:42:45.239+0000][gc,cpu      ] GC(1) User=0.01s Sys=0.00s Real=0.00s
[2026-04-17T23:42:45.240+0000][gc,marking  ] GC(1) Concurrent Cleanup for Next Mark
[2026-04-17T23:42:45.245+0000][gc,marking  ] GC(1) Concurrent Cleanup for Next Mark 4.975ms
[2026-04-17T23:42:45.245+0000][gc          ] GC(1) Concurrent Mark Cycle 17.080ms
[2026-04-17T23:42:47.375+0000][gc,start    ] GC(2) Pause Young (Concurrent Start) (Metadata GC Threshold)
[2026-04-17T23:42:47.375+0000][gc,task     ] GC(2) Using 15 workers of 15 for evacuation
[2026-04-17T23:42:47.391+0000][gc,phases   ] GC(2)   Pre Evacuate Collection Set: 0.2ms
[2026-04-17T23:42:47.391+0000][gc,phases   ] GC(2)   Merge Heap Roots: 0.1ms
[2026-04-17T23:42:47.391+0000][gc,phases   ] GC(2)   Evacuate Collection Set: 11.8ms
[2026-04-17T23:42:47.392+0000][gc,phases   ] GC(2)   Post Evacuate Collection Set: 2.6ms
[2026-04-17T23:42:47.392+0000][gc,phases   ] GC(2)   Other: 0.9ms
[2026-04-17T23:42:47.393+0000][gc,heap     ] GC(2) Eden regions: 488->0(465)
[2026-04-17T23:42:47.393+0000][gc,heap     ] GC(2) Survivor regions: 20->47(64)
[2026-04-17T23:42:47.393+0000][gc,heap     ] GC(2) Old regions: 0->0
[2026-04-17T23:42:47.393+0000][gc,heap     ] GC(2) Archive regions: 2->2
[2026-04-17T23:42:47.394+0000][gc,heap     ] GC(2) Humongous regions: 0->0
[2026-04-17T23:42:47.394+0000][gc,metaspace] GC(2) Metaspace: 35638K(36096K)->35638K(36096K) NonClass: 31178K(31424K)->31178K(31424K) Class: 4460K(4672K)->4460K(4672K)
[2026-04-17T23:42:47.394+0000][gc          ] GC(2) Pause Young (Concurrent Start) (Metadata GC Threshold) 508M->47M(1024M) 19.247ms
[2026-04-17T23:42:47.395+0000][gc,cpu      ] GC(2) User=0.15s Sys=0.04s Real=0.02s
[2026-04-17T23:42:47.395+0000][gc          ] GC(3) Concurrent Mark Cycle
[2026-04-17T23:42:47.395+0000][gc,marking  ] GC(3) Concurrent Clear Claimed Marks
[2026-04-17T23:42:47.396+0000][gc,marking  ] GC(3) Concurrent Clear Claimed Marks 0.211ms
[2026-04-17T23:42:47.396+0000][gc,marking  ] GC(3) Concurrent Scan Root Regions
[2026-04-17T23:42:47.401+0000][gc,marking  ] GC(3) Concurrent Scan Root Regions 4.636ms
[2026-04-17T23:42:47.401+0000][gc,marking  ] GC(3) Concurrent Mark
[2026-04-17T23:42:47.401+0000][gc,marking  ] GC(3) Concurrent Mark From Roots
[2026-04-17T23:42:47.401+0000][gc,task     ] GC(3) Using 4 workers of 4 for marking
[2026-04-17T23:42:47.403+0000][gc,marking  ] GC(3) Concurrent Mark From Roots 1.639ms
[2026-04-17T23:42:47.403+0000][gc,marking  ] GC(3) Concurrent Preclean
[2026-04-17T23:42:47.403+0000][gc,marking  ] GC(3) Concurrent Preclean 0.265ms
[2026-04-17T23:42:47.404+0000][gc,start    ] GC(3) Pause Remark
[2026-04-17T23:42:47.406+0000][gc          ] GC(3) Pause Remark 48M->48M(1024M) 2.246ms
[2026-04-17T23:42:47.406+0000][gc,cpu      ] GC(3) User=0.02s Sys=0.00s Real=0.00s
[2026-04-17T23:42:47.407+0000][gc,marking  ] GC(3) Concurrent Mark 5.619ms
[2026-04-17T23:42:47.407+0000][gc,marking  ] GC(3) Concurrent Rebuild Remembered Sets
[2026-04-17T23:42:47.407+0000][gc,marking  ] GC(3) Concurrent Rebuild Remembered Sets 0.194ms
[2026-04-17T23:42:47.408+0000][gc,start    ] GC(3) Pause Cleanup
[2026-04-17T23:42:47.408+0000][gc          ] GC(3) Pause Cleanup 48M->48M(1024M) 0.198ms
[2026-04-17T23:42:47.408+0000][gc,cpu      ] GC(3) User=0.00s Sys=0.00s Real=0.00s
[2026-04-17T23:42:47.408+0000][gc,marking  ] GC(3) Concurrent Cleanup for Next Mark
[2026-04-17T23:42:47.412+0000][gc,marking  ] GC(3) Concurrent Cleanup for Next Mark 3.680ms
[2026-04-17T23:42:47.412+0000][gc          ] GC(3) Concurrent Mark Cycle 17.110ms
[2026-04-17T23:42:50.630+0000][gc,start    ] GC(4) Pause Young (Concurrent Start) (Metadata GC Threshold)
[2026-04-17T23:42:50.631+0000][gc,task     ] GC(4) Using 15 workers of 15 for evacuation
[2026-04-17T23:42:50.646+0000][gc,phases   ] GC(4)   Pre Evacuate Collection Set: 0.2ms
[2026-04-17T23:42:50.647+0000][gc,phases   ] GC(4)   Merge Heap Roots: 0.2ms
[2026-04-17T23:42:50.647+0000][gc,phases   ] GC(4)   Evacuate Collection Set: 12.5ms
[2026-04-17T23:42:50.647+0000][gc,phases   ] GC(4)   Post Evacuate Collection Set: 2.4ms
[2026-04-17T23:42:50.647+0000][gc,phases   ] GC(4)   Other: 0.6ms
[2026-04-17T23:42:50.647+0000][gc,heap     ] GC(4) Eden regions: 361->0(461)
[2026-04-17T23:42:50.648+0000][gc,heap     ] GC(4) Survivor regions: 47->51(64)
[2026-04-17T23:42:50.648+0000][gc,heap     ] GC(4) Old regions: 0->19
[2026-04-17T23:42:50.648+0000][gc,heap     ] GC(4) Archive regions: 2->2
[2026-04-17T23:42:50.648+0000][gc,heap     ] GC(4) Humongous regions: 0->0
[2026-04-17T23:42:50.649+0000][gc,metaspace] GC(4) Metaspace: 59740K(60288K)->59740K(60288K) NonClass: 52340K(52608K)->52340K(52608K) Class: 7400K(7680K)->7400K(7680K)
[2026-04-17T23:42:50.649+0000][gc          ] GC(4) Pause Young (Concurrent Start) (Metadata GC Threshold) 408M->70M(1024M) 18.340ms
[2026-04-17T23:42:50.649+0000][gc,cpu      ] GC(4) User=0.15s Sys=0.04s Real=0.02s
[2026-04-17T23:42:50.649+0000][gc          ] GC(5) Concurrent Mark Cycle
[2026-04-17T23:42:50.650+0000][gc,marking  ] GC(5) Concurrent Clear Claimed Marks
[2026-04-17T23:42:50.650+0000][gc,marking  ] GC(5) Concurrent Clear Claimed Marks 0.216ms
[2026-04-17T23:42:50.650+0000][gc,marking  ] GC(5) Concurrent Scan Root Regions
[2026-04-17T23:42:50.656+0000][gc,marking  ] GC(5) Concurrent Scan Root Regions 5.835ms
[2026-04-17T23:42:50.656+0000][gc,marking  ] GC(5) Concurrent Mark
[2026-04-17T23:42:50.657+0000][gc,marking  ] GC(5) Concurrent Mark From Roots
[2026-04-17T23:42:50.657+0000][gc,task     ] GC(5) Using 4 workers of 4 for marking
[2026-04-17T23:42:50.658+0000][gc,marking  ] GC(5) Concurrent Mark From Roots 1.510ms
[2026-04-17T23:42:50.658+0000][gc,marking  ] GC(5) Concurrent Preclean
[2026-04-17T23:42:50.659+0000][gc,marking  ] GC(5) Concurrent Preclean 0.391ms
[2026-04-17T23:42:50.659+0000][gc,start    ] GC(5) Pause Remark
[2026-04-17T23:42:50.662+0000][gc          ] GC(5) Pause Remark 74M->74M(1024M) 3.017ms
[2026-04-17T23:42:50.663+0000][gc,cpu      ] GC(5) User=0.01s Sys=0.01s Real=0.01s
[2026-04-17T23:42:50.663+0000][gc,marking  ] GC(5) Concurrent Mark 6.609ms
[2026-04-17T23:42:50.663+0000][gc,marking  ] GC(5) Concurrent Rebuild Remembered Sets
[2026-04-17T23:42:50.664+0000][gc,marking  ] GC(5) Concurrent Rebuild Remembered Sets 0.307ms
[2026-04-17T23:42:50.664+0000][gc,start    ] GC(5) Pause Cleanup
[2026-04-17T23:42:50.664+0000][gc          ] GC(5) Pause Cleanup 75M->75M(1024M) 0.260ms
[2026-04-17T23:42:50.665+0000][gc,cpu      ] GC(5) User=0.00s Sys=0.00s Real=0.00s
[2026-04-17T23:42:50.665+0000][gc,marking  ] GC(5) Concurrent Cleanup for Next Mark
[2026-04-17T23:42:50.666+0000][gc,marking  ] GC(5) Concurrent Cleanup for Next Mark 0.890ms
[2026-04-17T23:42:50.666+0000][gc          ] GC(5) Concurrent Mark Cycle 16.938ms
[2026-04-17T23:42:53.014+0000][gc,start    ] GC(6) Pause Young (Normal) (G1 Evacuation Pause)
[2026-04-17T23:42:53.014+0000][gc,task     ] GC(6) Using 15 workers of 15 for evacuation
[2026-04-17T23:42:53.033+0000][gc,phases   ] GC(6)   Pre Evacuate Collection Set: 0.4ms
[2026-04-17T23:42:53.033+0000][gc,phases   ] GC(6)   Merge Heap Roots: 0.4ms
[2026-04-17T23:42:53.033+0000][gc,phases   ] GC(6)   Evacuate Collection Set: 14.6ms
[2026-04-17T23:42:53.034+0000][gc,phases   ] GC(6)   Post Evacuate Collection Set: 2.5ms
[2026-04-17T23:42:53.034+0000][gc,phases   ] GC(6)   Other: 0.9ms
[2026-04-17T23:42:53.034+0000][gc,heap     ] GC(6) Eden regions: 461->0(463)
[2026-04-17T23:42:53.035+0000][gc,heap     ] GC(6) Survivor regions: 51->49(64)
[2026-04-17T23:42:53.035+0000][gc,heap     ] GC(6) Old regions: 19->45
[2026-04-17T23:42:53.035+0000][gc,heap     ] GC(6) Archive regions: 2->2
[2026-04-17T23:42:53.036+0000][gc,heap     ] GC(6) Humongous regions: 0->0
[2026-04-17T23:42:53.036+0000][gc,metaspace] GC(6) Metaspace: 71760K(72320K)->71760K(72320K) NonClass: 62694K(62976K)->62694K(62976K) Class: 9065K(9344K)->9065K(9344K)
[2026-04-17T23:42:53.036+0000][gc          ] GC(6) Pause Young (Normal) (G1 Evacuation Pause) 531M->94M(1024M) 22.152ms
[2026-04-17T23:42:53.036+0000][gc,cpu      ] GC(6) User=0.28s Sys=0.02s Real=0.02s
[2026-04-17T23:42:54.923+0000][gc,start    ] GC(7) Pause Young (Normal) (G1 Evacuation Pause)
[2026-04-17T23:42:54.923+0000][gc,task     ] GC(7) Using 15 workers of 15 for evacuation
[2026-04-17T23:42:54.941+0000][gc,phases   ] GC(7)   Pre Evacuate Collection Set: 0.2ms
[2026-04-17T23:42:54.942+0000][gc,phases   ] GC(7)   Merge Heap Roots: 0.2ms
[2026-04-17T23:42:54.942+0000][gc,phases   ] GC(7)   Evacuate Collection Set: 14.9ms
[2026-04-17T23:42:54.942+0000][gc,phases   ] GC(7)   Post Evacuate Collection Set: 2.6ms
[2026-04-17T23:42:54.942+0000][gc,phases   ] GC(7)   Other: 0.8ms
[2026-04-17T23:42:54.942+0000][gc,heap     ] GC(7) Eden regions: 463->0(456)
[2026-04-17T23:42:54.943+0000][gc,heap     ] GC(7) Survivor regions: 49->56(64)
[2026-04-17T23:42:54.943+0000][gc,heap     ] GC(7) Old regions: 45->67
[2026-04-17T23:42:54.943+0000][gc,heap     ] GC(7) Archive regions: 2->2
[2026-04-17T23:42:54.943+0000][gc,heap     ] GC(7) Humongous regions: 0->0
[2026-04-17T23:42:54.943+0000][gc,metaspace] GC(7) Metaspace: 79655K(80256K)->79655K(80256K) NonClass: 69603K(69888K)->69603K(69888K) Class: 10051K(10368K)->10051K(10368K)
[2026-04-17T23:42:54.944+0000][gc          ] GC(7) Pause Young (Normal) (G1 Evacuation Pause) 557M->122M(1024M) 21.061ms
[2026-04-17T23:42:54.944+0000][gc,cpu      ] GC(7) User=0.23s Sys=0.04s Real=0.02s
[2026-04-17T23:51:01.506+0000][gc,start    ] GC(8) Pause Young (Normal) (G1 Evacuation Pause)
[2026-04-17T23:51:01.507+0000][gc,task     ] GC(8) Using 15 workers of 15 for evacuation
[2026-04-17T23:51:01.520+0000][gc,phases   ] GC(8)   Pre Evacuate Collection Set: 0.7ms
[2026-04-17T23:51:01.520+0000][gc,phases   ] GC(8)   Merge Heap Roots: 0.2ms
[2026-04-17T23:51:01.521+0000][gc,phases   ] GC(8)   Evacuate Collection Set: 9.6ms
[2026-04-17T23:51:01.521+0000][gc,phases   ] GC(8)   Post Evacuate Collection Set: 2.5ms
[2026-04-17T23:51:01.522+0000][gc,phases   ] GC(8)   Other: 0.7ms
[2026-04-17T23:51:01.522+0000][gc,heap     ] GC(8) Eden regions: 456->0(486)
[2026-04-17T23:51:01.522+0000][gc,heap     ] GC(8) Survivor regions: 56->26(64)
[2026-04-17T23:51:01.523+0000][gc,heap     ] GC(8) Old regions: 67->84
[2026-04-17T23:51:01.523+0000][gc,heap     ] GC(8) Archive regions: 2->2
[2026-04-17T23:51:01.523+0000][gc,heap     ] GC(8) Humongous regions: 1->1
[2026-04-17T23:51:01.523+0000][gc,metaspace] GC(8) Metaspace: 86430K(87232K)->86430K(87232K) NonClass: 75769K(76160K)->75769K(76160K) Class: 10661K(11072K)->10661K(11072K)
[2026-04-17T23:51:01.524+0000][gc          ] GC(8) Pause Young (Normal) (G1 Evacuation Pause) 579M->110M(1024M) 17.449ms
[2026-04-17T23:51:01.524+0000][gc,cpu      ] GC(8) User=0.12s Sys=0.04s Real=0.02s
[2026-04-18T01:53:33.439+0000][gc,start    ] GC(9) Pause Young (Normal) (G1 Evacuation Pause)
[2026-04-18T01:53:33.439+0000][gc,task     ] GC(9) Using 15 workers of 15 for evacuation
[2026-04-18T01:53:33.464+0000][gc,phases   ] GC(9)   Pre Evacuate Collection Set: 1.5ms
[2026-04-18T01:53:33.465+0000][gc,phases   ] GC(9)   Merge Heap Roots: 0.3ms
[2026-04-18T01:53:33.465+0000][gc,phases   ] GC(9)   Evacuate Collection Set: 20.7ms
[2026-04-18T01:53:33.465+0000][gc,phases   ] GC(9)   Post Evacuate Collection Set: 2.1ms
[2026-04-18T01:53:33.465+0000][gc,phases   ] GC(9)   Other: 1.6ms
[2026-04-18T01:53:33.466+0000][gc,heap     ] GC(9) Eden regions: 486->0(470)
[2026-04-18T01:53:33.466+0000][gc,heap     ] GC(9) Survivor regions: 26->42(64)
[2026-04-18T01:53:33.466+0000][gc,heap     ] GC(9) Old regions: 84->84
[2026-04-18T01:53:33.467+0000][gc,heap     ] GC(9) Archive regions: 2->2
[2026-04-18T01:53:33.467+0000][gc,heap     ] GC(9) Humongous regions: 1->1
[2026-04-18T01:53:33.468+0000][gc,metaspace] GC(9) Metaspace: 88447K(89344K)->88447K(89344K) NonClass: 77678K(78144K)->77678K(78144K) Class: 10769K(11200K)->10769K(11200K)
[2026-04-18T01:53:33.468+0000][gc          ] GC(9) Pause Young (Normal) (G1 Evacuation Pause) 596M->127M(1024M) 29.522ms
[2026-04-18T01:53:33.469+0000][gc,cpu      ] GC(9) User=0.30s Sys=0.00s Real=0.03s
[2026-04-18T02:22:26.452+0000][gc,start    ] GC(10) Pause Young (Normal) (G1 Evacuation Pause)
[2026-04-18T02:22:26.453+0000][gc,task     ] GC(10) Using 15 workers of 15 for evacuation
[2026-04-18T02:22:26.471+0000][gc,phases   ] GC(10)   Pre Evacuate Collection Set: 0.9ms
[2026-04-18T02:22:26.472+0000][gc,phases   ] GC(10)   Merge Heap Roots: 0.2ms
[2026-04-18T02:22:26.472+0000][gc,phases   ] GC(10)   Evacuate Collection Set: 14.9ms
[2026-04-18T02:22:26.472+0000][gc,phases   ] GC(10)   Post Evacuate Collection Set: 2.4ms
[2026-04-18T02:22:26.473+0000][gc,phases   ] GC(10)   Other: 1.2ms
[2026-04-18T02:22:26.473+0000][gc,heap     ] GC(10) Eden regions: 470->0(479)
[2026-04-18T02:22:26.473+0000][gc,heap     ] GC(10) Survivor regions: 42->33(64)
[2026-04-18T02:22:26.474+0000][gc,heap     ] GC(10) Old regions: 84->92
[2026-04-18T02:22:26.474+0000][gc,heap     ] GC(10) Archive regions: 2->2
[2026-04-18T02:22:26.474+0000][gc,heap     ] GC(10) Humongous regions: 1->1
[2026-04-18T02:22:26.475+0000][gc,metaspace] GC(10) Metaspace: 88777K(89600K)->88777K(89600K) NonClass: 78000K(78400K)->78000K(78400K) Class: 10777K(11200K)->10777K(11200K)
[2026-04-18T02:22:26.475+0000][gc          ] GC(10) Pause Young (Normal) (G1 Evacuation Pause) 597M->126M(1024M) 22.596ms
[2026-04-18T02:22:26.475+0000][gc,cpu      ] GC(10) User=0.22s Sys=0.00s Real=0.02s
[2026-04-18T02:51:49.897+0000][gc,start    ] GC(11) Pause Young (Normal) (G1 Evacuation Pause)
[2026-04-18T02:51:49.897+0000][gc,task     ] GC(11) Using 15 workers of 15 for evacuation
[2026-04-18T02:51:49.911+0000][gc,phases   ] GC(11)   Pre Evacuate Collection Set: 0.8ms
[2026-04-18T02:51:49.911+0000][gc,phases   ] GC(11)   Merge Heap Roots: 0.4ms
[2026-04-18T02:51:49.912+0000][gc,phases   ] GC(11)   Evacuate Collection Set: 9.2ms
[2026-04-18T02:51:49.912+0000][gc,phases   ] GC(11)   Post Evacuate Collection Set: 2.6ms
[2026-04-18T02:51:49.913+0000][gc,phases   ] GC(11)   Other: 1.1ms
[2026-04-18T02:51:49.913+0000][gc,heap     ] GC(11) Eden regions: 479->0(479)
[2026-04-18T02:51:49.914+0000][gc,heap     ] GC(11) Survivor regions: 33->33(64)
[2026-04-18T02:51:49.914+0000][gc,heap     ] GC(11) Old regions: 92->92
[2026-04-18T02:51:49.914+0000][gc,heap     ] GC(11) Archive regions: 2->2
[2026-04-18T02:51:49.915+0000][gc,heap     ] GC(11) Humongous regions: 1->1
[2026-04-18T02:51:49.915+0000][gc,metaspace] GC(11) Metaspace: 88928K(89792K)->88928K(89792K) NonClass: 78140K(78528K)->78140K(78528K) Class: 10787K(11264K)->10787K(11264K)
[2026-04-18T02:51:49.916+0000][gc          ] GC(11) Pause Young (Normal) (G1 Evacuation Pause) 605M->126M(1024M) 19.016ms
[2026-04-18T02:51:49.917+0000][gc,cpu      ] GC(11) User=0.14s Sys=0.00s Real=0.02s
[2026-04-18T03:21:23.023+0000][gc,start    ] GC(12) Pause Young (Normal) (G1 Evacuation Pause)
[2026-04-18T03:21:23.023+0000][gc,task     ] GC(12) Using 15 workers of 15 for evacuation
[2026-04-18T03:21:23.037+0000][gc,phases   ] GC(12)   Pre Evacuate Collection Set: 0.9ms
[2026-04-18T03:21:23.038+0000][gc,phases   ] GC(12)   Merge Heap Roots: 0.3ms
[2026-04-18T03:21:23.038+0000][gc,phases   ] GC(12)   Evacuate Collection Set: 8.8ms
[2026-04-18T03:21:23.038+0000][gc,phases   ] GC(12)   Post Evacuate Collection Set: 2.9ms
[2026-04-18T03:21:23.039+0000][gc,phases   ] GC(12)   Other: 1.7ms
[2026-04-18T03:21:23.039+0000][gc,heap     ] GC(12) Eden regions: 479->0(479)
[2026-04-18T03:21:23.040+0000][gc,heap     ] GC(12) Survivor regions: 33->33(64)
[2026-04-18T03:21:23.040+0000][gc,heap     ] GC(12) Old regions: 92->92
[2026-04-18T03:21:23.040+0000][gc,heap     ] GC(12) Archive regions: 2->2
[2026-04-18T03:21:23.041+0000][gc,heap     ] GC(12) Humongous regions: 1->1
[2026-04-18T03:21:23.041+0000][gc,metaspace] GC(12) Metaspace: 89003K(89920K)->89003K(89920K) NonClass: 78215K(78656K)->78215K(78656K) Class: 10788K(11264K)->10788K(11264K)
[2026-04-18T03:21:23.041+0000][gc          ] GC(12) Pause Young (Normal) (G1 Evacuation Pause) 605M->126M(1024M) 18.583ms
[2026-04-18T03:21:23.042+0000][gc,cpu      ] GC(12) User=0.11s Sys=0.00s Real=0.01s
[2026-04-18T06:43:27.906+0000][gc,start    ] GC(13) Pause Young (Normal) (G1 Evacuation Pause)
[2026-04-18T06:43:27.906+0000][gc,task     ] GC(13) Using 15 workers of 15 for evacuation
[2026-04-18T06:43:27.918+0000][gc,phases   ] GC(13)   Pre Evacuate Collection Set: 0.8ms
[2026-04-18T06:43:27.919+0000][gc,phases   ] GC(13)   Merge Heap Roots: 0.4ms
[2026-04-18T06:43:27.919+0000][gc,phases   ] GC(13)   Evacuate Collection Set: 7.7ms
[2026-04-18T06:43:27.919+0000][gc,phases   ] GC(13)   Post Evacuate Collection Set: 2.5ms
[2026-04-18T06:43:27.919+0000][gc,phases   ] GC(13)   Other: 1.3ms
[2026-04-18T06:43:27.919+0000][gc,heap     ] GC(13) Eden regions: 479->0(478)
[2026-04-18T06:43:27.920+0000][gc,heap     ] GC(13) Survivor regions: 33->34(64)
[2026-04-18T06:43:27.920+0000][gc,heap     ] GC(13) Old regions: 92->92
[2026-04-18T06:43:27.920+0000][gc,heap     ] GC(13) Archive regions: 2->2
[2026-04-18T06:43:27.920+0000][gc,heap     ] GC(13) Humongous regions: 4->4
[2026-04-18T06:43:27.920+0000][gc,metaspace] GC(13) Metaspace: 89116K(90048K)->89116K(90048K) NonClass: 78325K(78784K)->78325K(78784K) Class: 10790K(11264K)->10790K(11264K)
[2026-04-18T06:43:27.920+0000][gc          ] GC(13) Pause Young (Normal) (G1 Evacuation Pause) 608M->130M(1024M) 14.400ms
[2026-04-18T06:43:27.920+0000][gc,cpu      ] GC(13) User=0.08s Sys=0.01s Real=0.02s
[2026-04-18T09:38:25.912+0000][gc,start    ] GC(14) Pause Young (Normal) (G1 Evacuation Pause)
[2026-04-18T09:38:25.912+0000][gc,task     ] GC(14) Using 15 workers of 15 for evacuation
[2026-04-18T09:38:25.924+0000][gc,phases   ] GC(14)   Pre Evacuate Collection Set: 0.8ms
[2026-04-18T09:38:25.924+0000][gc,phases   ] GC(14)   Merge Heap Roots: 0.4ms
[2026-04-18T09:38:25.925+0000][gc,phases   ] GC(14)   Evacuate Collection Set: 7.1ms
[2026-04-18T09:38:25.925+0000][gc,phases   ] GC(14)   Post Evacuate Collection Set: 2.9ms
[2026-04-18T09:38:25.925+0000][gc,phases   ] GC(14)   Other: 1.5ms
[2026-04-18T09:38:25.926+0000][gc,heap     ] GC(14) Eden regions: 478->0(478)
[2026-04-18T09:38:25.926+0000][gc,heap     ] GC(14) Survivor regions: 34->34(64)
[2026-04-18T09:38:25.927+0000][gc,heap     ] GC(14) Old regions: 92->92
[2026-04-18T09:38:25.927+0000][gc,heap     ] GC(14) Archive regions: 2->2
[2026-04-18T09:38:25.927+0000][gc,heap     ] GC(14) Humongous regions: 4->4
[2026-04-18T09:38:25.927+0000][gc,metaspace] GC(14) Metaspace: 89137K(90048K)->89137K(90048K) NonClass: 78345K(78784K)->78345K(78784K) Class: 10791K(11264K)->10791K(11264K)
[2026-04-18T09:38:25.927+0000][gc          ] GC(14) Pause Young (Normal) (G1 Evacuation Pause) 608M->130M(1024M) 15.727ms
[2026-04-18T09:38:25.928+0000][gc,cpu      ] GC(14) User=0.08s Sys=0.00s Real=0.02s
[2026-04-18T10:07:59.214+0000][gc,start    ] GC(15) Pause Young (Normal) (G1 Evacuation Pause)
[2026-04-18T10:07:59.215+0000][gc,task     ] GC(15) Using 15 workers of 15 for evacuation
[2026-04-18T10:07:59.227+0000][gc,phases   ] GC(15)   Pre Evacuate Collection Set: 0.5ms
[2026-04-18T10:07:59.228+0000][gc,phases   ] GC(15)   Merge Heap Roots: 0.4ms
[2026-04-18T10:07:59.228+0000][gc,phases   ] GC(15)   Evacuate Collection Set: 7.8ms
[2026-04-18T10:07:59.229+0000][gc,phases   ] GC(15)   Post Evacuate Collection Set: 3.2ms
[2026-04-18T10:07:59.229+0000][gc,phases   ] GC(15)   Other: 1.2ms
[2026-04-18T10:07:59.229+0000][gc,heap     ] GC(15) Eden regions: 478->0(479)
[2026-04-18T10:07:59.230+0000][gc,heap     ] GC(15) Survivor regions: 34->33(64)
[2026-04-18T10:07:59.230+0000][gc,heap     ] GC(15) Old regions: 92->92
[2026-04-18T10:07:59.230+0000][gc,heap     ] GC(15) Archive regions: 2->2
[2026-04-18T10:07:59.231+0000][gc,heap     ] GC(15) Humongous regions: 4->4
[2026-04-18T10:07:59.231+0000][gc,metaspace] GC(15) Metaspace: 89151K(90048K)->89151K(90048K) NonClass: 78358K(78784K)->78358K(78784K) Class: 10792K(11264K)->10792K(11264K)
[2026-04-18T10:07:59.231+0000][gc          ] GC(15) Pause Young (Normal) (G1 Evacuation Pause) 608M->129M(1024M) 17.327ms
[2026-04-18T10:07:59.232+0000][gc,cpu      ] GC(15) User=0.10s Sys=0.01s Real=0.02s
[2026-04-18T10:47:29.317+0000][gc,start    ] GC(16) Pause Young (Normal) (G1 Evacuation Pause)
[2026-04-18T10:47:29.317+0000][gc,task     ] GC(16) Using 15 workers of 15 for evacuation
[2026-04-18T10:47:29.341+0000][gc,phases   ] GC(16)   Pre Evacuate Collection Set: 0.9ms
[2026-04-18T10:47:29.341+0000][gc,phases   ] GC(16)   Merge Heap Roots: 0.6ms
[2026-04-18T10:47:29.342+0000][gc,phases   ] GC(16)   Evacuate Collection Set: 18.3ms
[2026-04-18T10:47:29.343+0000][gc,phases   ] GC(16)   Post Evacuate Collection Set: 3.0ms
[2026-04-18T10:47:29.343+0000][gc,phases   ] GC(16)   Other: 2.0ms
[2026-04-18T10:47:29.344+0000][gc,heap     ] GC(16) Eden regions: 479->0(478)
[2026-04-18T10:47:29.344+0000][gc,heap     ] GC(16) Survivor regions: 33->34(64)
[2026-04-18T10:47:29.345+0000][gc,heap     ] GC(16) Old regions: 92->92
[2026-04-18T10:47:29.345+0000][gc,heap     ] GC(16) Archive regions: 2->2
[2026-04-18T10:47:29.346+0000][gc,heap     ] GC(16) Humongous regions: 4->4
[2026-04-18T10:47:29.347+0000][gc,metaspace] GC(16) Metaspace: 89192K(90112K)->89192K(90112K) NonClass: 78399K(78848K)->78399K(78848K) Class: 10792K(11264K)->10792K(11264K)
[2026-04-18T10:47:29.349+0000][gc          ] GC(16) Pause Young (Normal) (G1 Evacuation Pause) 608M->130M(1024M) 32.063ms
[2026-04-18T10:47:29.350+0000][gc,cpu      ] GC(16) User=0.27s Sys=0.00s Real=0.03s
[2026-04-18T14:04:31.111+0000][gc,start    ] GC(17) Pause Young (Normal) (G1 Evacuation Pause)
[2026-04-18T14:04:31.111+0000][gc,task     ] GC(17) Using 15 workers of 15 for evacuation
[2026-04-18T14:04:31.122+0000][gc,phases   ] GC(17)   Pre Evacuate Collection Set: 0.7ms
[2026-04-18T14:04:31.123+0000][gc,phases   ] GC(17)   Merge Heap Roots: 0.3ms
[2026-04-18T14:04:31.123+0000][gc,phases   ] GC(17)   Evacuate Collection Set: 7.3ms
[2026-04-18T14:04:31.124+0000][gc,phases   ] GC(17)   Post Evacuate Collection Set: 2.4ms
[2026-04-18T14:04:31.124+0000][gc,phases   ] GC(17)   Other: 1.3ms
[2026-04-18T14:04:31.125+0000][gc,heap     ] GC(17) Eden regions: 478->0(478)
[2026-04-18T14:04:31.126+0000][gc,heap     ] GC(17) Survivor regions: 34->34(64)
[2026-04-18T14:04:31.126+0000][gc,heap     ] GC(17) Old regions: 92->92
[2026-04-18T14:04:31.126+0000][gc,heap     ] GC(17) Archive regions: 2->2
[2026-04-18T14:04:31.127+0000][gc,heap     ] GC(17) Humongous regions: 4->4
[2026-04-18T14:04:31.127+0000][gc,metaspace] GC(17) Metaspace: 89304K(90240K)->89304K(90240K) NonClass: 78511K(78976K)->78511K(78976K) Class: 10792K(11264K)->10792K(11264K)
[2026-04-18T14:04:31.128+0000][gc          ] GC(17) Pause Young (Normal) (G1 Evacuation Pause) 608M->130M(1024M) 17.846ms
[2026-04-18T14:04:31.129+0000][gc,cpu      ] GC(17) User=0.08s Sys=0.01s Real=0.01s
[2026-04-18T14:33:46.447+0000][gc,start    ] GC(18) Pause Young (Normal) (G1 Evacuation Pause)
[2026-04-18T14:33:46.447+0000][gc,task     ] GC(18) Using 15 workers of 15 for evacuation
[2026-04-18T14:33:46.456+0000][gc,phases   ] GC(18)   Pre Evacuate Collection Set: 0.4ms
[2026-04-18T14:33:46.456+0000][gc,phases   ] GC(18)   Merge Heap Roots: 0.2ms
[2026-04-18T14:33:46.456+0000][gc,phases   ] GC(18)   Evacuate Collection Set: 6.0ms
[2026-04-18T14:33:46.457+0000][gc,phases   ] GC(18)   Post Evacuate Collection Set: 1.6ms
[2026-04-18T14:33:46.457+0000][gc,phases   ] GC(18)   Other: 1.0ms
[2026-04-18T14:33:46.457+0000][gc,heap     ] GC(18) Eden regions: 478->0(479)
[2026-04-18T14:33:46.457+0000][gc,heap     ] GC(18) Survivor regions: 34->33(64)
[2026-04-18T14:33:46.457+0000][gc,heap     ] GC(18) Old regions: 92->92
[2026-04-18T14:33:46.457+0000][gc,heap     ] GC(18) Archive regions: 2->2
[2026-04-18T14:33:46.457+0000][gc,heap     ] GC(18) Humongous regions: 4->4
[2026-04-18T14:33:46.457+0000][gc,metaspace] GC(18) Metaspace: 89324K(90240K)->89324K(90240K) NonClass: 78531K(78976K)->78531K(78976K) Class: 10792K(11264K)->10792K(11264K)
[2026-04-18T14:33:46.458+0000][gc          ] GC(18) Pause Young (Normal) (G1 Evacuation Pause) 608M->129M(1024M) 10.983ms
[2026-04-18T14:33:46.458+0000][gc,cpu      ] GC(18) User=0.08s Sys=0.00s Real=0.01s
[2026-04-18T15:08:09.164+0000][gc,start    ] GC(19) Pause Young (Normal) (G1 Evacuation Pause)
[2026-04-18T15:08:09.164+0000][gc,task     ] GC(19) Using 15 workers of 15 for evacuation
[2026-04-18T15:08:09.174+0000][gc,phases   ] GC(19)   Pre Evacuate Collection Set: 0.4ms
[2026-04-18T15:08:09.175+0000][gc,phases   ] GC(19)   Merge Heap Roots: 0.5ms
[2026-04-18T15:08:09.175+0000][gc,phases   ] GC(19)   Evacuate Collection Set: 6.1ms
[2026-04-18T15:08:09.175+0000][gc,phases   ] GC(19)   Post Evacuate Collection Set: 2.1ms
[2026-04-18T15:08:09.175+0000][gc,phases   ] GC(19)   Other: 1.6ms
[2026-04-18T15:08:09.176+0000][gc,heap     ] GC(19) Eden regions: 479->0(479)
[2026-04-18T15:08:09.176+0000][gc,heap     ] GC(19) Survivor regions: 33->33(64)
[2026-04-18T15:08:09.176+0000][gc,heap     ] GC(19) Old regions: 92->92
[2026-04-18T15:08:09.176+0000][gc,heap     ] GC(19) Archive regions: 2->2
[2026-04-18T15:08:09.176+0000][gc,heap     ] GC(19) Humongous regions: 4->4
[2026-04-18T15:08:09.177+0000][gc,metaspace] GC(19) Metaspace: 89326K(90240K)->89326K(90240K) NonClass: 78533K(78976K)->78533K(78976K) Class: 10792K(11264K)->10792K(11264K)
[2026-04-18T15:08:09.177+0000][gc          ] GC(19) Pause Young (Normal) (G1 Evacuation Pause) 608M->129M(1024M) 12.980ms
[2026-04-18T15:08:09.177+0000][gc,cpu      ] GC(19) User=0.09s Sys=0.00s Real=0.01s
[2026-04-18T23:24:38.423+0000][gc,start    ] GC(20) Pause Young (Normal) (G1 Evacuation Pause)
[2026-04-18T23:24:38.423+0000][gc,task     ] GC(20) Using 15 workers of 15 for evacuation
[2026-04-18T23:24:38.433+0000][gc,phases   ] GC(20)   Pre Evacuate Collection Set: 0.4ms
[2026-04-18T23:24:38.433+0000][gc,phases   ] GC(20)   Merge Heap Roots: 0.2ms
[2026-04-18T23:24:38.434+0000][gc,phases   ] GC(20)   Evacuate Collection Set: 6.6ms
[2026-04-18T23:24:38.434+0000][gc,phases   ] GC(20)   Post Evacuate Collection Set: 2.1ms
[2026-04-18T23:24:38.434+0000][gc,phases   ] GC(20)   Other: 0.8ms
[2026-04-18T23:24:38.435+0000][gc,heap     ] GC(20) Eden regions: 479->0(478)
[2026-04-18T23:24:38.435+0000][gc,heap     ] GC(20) Survivor regions: 33->34(64)
[2026-04-18T23:24:38.435+0000][gc,heap     ] GC(20) Old regions: 92->92
[2026-04-18T23:24:38.436+0000][gc,heap     ] GC(20) Archive regions: 2->2
[2026-04-18T23:24:38.436+0000][gc,heap     ] GC(20) Humongous regions: 4->4
[2026-04-18T23:24:38.436+0000][gc,metaspace] GC(20) Metaspace: 89421K(90304K)->89421K(90304K) NonClass: 78628K(79040K)->78628K(79040K) Class: 10792K(11264K)->10792K(11264K)
[2026-04-18T23:24:38.436+0000][gc          ] GC(20) Pause Young (Normal) (G1 Evacuation Pause) 608M->130M(1024M) 13.283ms
[2026-04-18T23:24:38.437+0000][gc,cpu      ] GC(20) User=0.09s Sys=0.00s Real=0.01s
[2026-04-18T23:53:32.904+0000][gc,start    ] GC(21) Pause Young (Normal) (G1 Evacuation Pause)
[2026-04-18T23:53:32.904+0000][gc,task     ] GC(21) Using 15 workers of 15 for evacuation
[2026-04-18T23:53:32.914+0000][gc,phases   ] GC(21)   Pre Evacuate Collection Set: 0.5ms
[2026-04-18T23:53:32.914+0000][gc,phases   ] GC(21)   Merge Heap Roots: 0.4ms
[2026-04-18T23:53:32.914+0000][gc,phases   ] GC(21)   Evacuate Collection Set: 6.2ms
[2026-04-18T23:53:32.914+0000][gc,phases   ] GC(21)   Post Evacuate Collection Set: 1.8ms
[2026-04-18T23:53:32.915+0000][gc,phases   ] GC(21)   Other: 0.9ms
[2026-04-18T23:53:32.915+0000][gc,heap     ] GC(21) Eden regions: 478->0(478)
[2026-04-18T23:53:32.915+0000][gc,heap     ] GC(21) Survivor regions: 34->34(64)
[2026-04-18T23:53:32.915+0000][gc,heap     ] GC(21) Old regions: 92->92
[2026-04-18T23:53:32.916+0000][gc,heap     ] GC(21) Archive regions: 2->2
[2026-04-18T23:53:32.916+0000][gc,heap     ] GC(21) Humongous regions: 4->4
[2026-04-18T23:53:32.916+0000][gc,metaspace] GC(21) Metaspace: 89507K(90368K)->89507K(90368K) NonClass: 78714K(79104K)->78714K(79104K) Class: 10792K(11264K)->10792K(11264K)
[2026-04-18T23:53:32.916+0000][gc          ] GC(21) Pause Young (Normal) (G1 Evacuation Pause) 608M->130M(1024M) 12.478ms
[2026-04-18T23:53:32.917+0000][gc,cpu      ] GC(21) User=0.09s Sys=0.01s Real=0.01s
[2026-04-19T00:22:20.559+0000][gc,start    ] GC(22) Pause Young (Normal) (G1 Evacuation Pause)
[2026-04-19T00:22:20.559+0000][gc,task     ] GC(22) Using 15 workers of 15 for evacuation
[2026-04-19T00:22:20.570+0000][gc,phases   ] GC(22)   Pre Evacuate Collection Set: 0.7ms
[2026-04-19T00:22:20.570+0000][gc,phases   ] GC(22)   Merge Heap Roots: 0.4ms
[2026-04-19T00:22:20.570+0000][gc,phases   ] GC(22)   Evacuate Collection Set: 7.0ms
[2026-04-19T00:22:20.571+0000][gc,phases   ] GC(22)   Post Evacuate Collection Set: 2.2ms
[2026-04-19T00:22:20.571+0000][gc,phases   ] GC(22)   Other: 1.4ms
[2026-04-19T00:22:20.571+0000][gc,heap     ] GC(22) Eden regions: 478->0(479)
[2026-04-19T00:22:20.571+0000][gc,heap     ] GC(22) Survivor regions: 34->33(64)
[2026-04-19T00:22:20.572+0000][gc,heap     ] GC(22) Old regions: 92->92
[2026-04-19T00:22:20.572+0000][gc,heap     ] GC(22) Archive regions: 2->2
[2026-04-19T00:22:20.572+0000][gc,heap     ] GC(22) Humongous regions: 4->4
[2026-04-19T00:22:20.572+0000][gc,metaspace] GC(22) Metaspace: 89552K(90496K)->89552K(90496K) NonClass: 78759K(79232K)->78759K(79232K) Class: 10792K(11264K)->10792K(11264K)
[2026-04-19T00:22:20.573+0000][gc          ] GC(22) Pause Young (Normal) (G1 Evacuation Pause) 608M->129M(1024M) 13.966ms
[2026-04-19T00:22:20.573+0000][gc,cpu      ] GC(22) User=0.09s Sys=0.00s Real=0.01s
[2026-04-19T03:18:57.721+0000][gc,start    ] GC(23) Pause Young (Normal) (G1 Evacuation Pause)
[2026-04-19T03:18:57.722+0000][gc,task     ] GC(23) Using 15 workers of 15 for evacuation
[2026-04-19T03:18:57.735+0000][gc,phases   ] GC(23)   Pre Evacuate Collection Set: 0.6ms
[2026-04-19T03:18:57.735+0000][gc,phases   ] GC(23)   Merge Heap Roots: 0.4ms
[2026-04-19T03:18:57.735+0000][gc,phases   ] GC(23)   Evacuate Collection Set: 8.3ms
[2026-04-19T03:18:57.736+0000][gc,phases   ] GC(23)   Post Evacuate Collection Set: 3.0ms
[2026-04-19T03:18:57.736+0000][gc,phases   ] GC(23)   Other: 1.6ms
[2026-04-19T03:18:57.736+0000][gc,heap     ] GC(23) Eden regions: 479->0(490)
[2026-04-19T03:18:57.736+0000][gc,heap     ] GC(23) Survivor regions: 33->22(64)
[2026-04-19T03:18:57.737+0000][gc,heap     ] GC(23) Old regions: 92->104
[2026-04-19T03:18:57.737+0000][gc,heap     ] GC(23) Archive regions: 2->2
[2026-04-19T03:18:57.738+0000][gc,heap     ] GC(23) Humongous regions: 4->4
[2026-04-19T03:18:57.738+0000][gc,metaspace] GC(23) Metaspace: 89579K(90496K)->89579K(90496K) NonClass: 78786K(79232K)->78786K(79232K) Class: 10792K(11264K)->10792K(11264K)
[2026-04-19T03:18:57.738+0000][gc          ] GC(23) Pause Young (Normal) (G1 Evacuation Pause) 608M->130M(1024M) 17.101ms
[2026-04-19T03:18:57.738+0000][gc,cpu      ] GC(23) User=0.10s Sys=0.00s Real=0.02s
[2026-04-19T03:53:28.961+0000][gc,start    ] GC(24) Pause Young (Normal) (G1 Evacuation Pause)
[2026-04-19T03:53:28.962+0000][gc,task     ] GC(24) Using 15 workers of 15 for evacuation
[2026-04-19T03:53:28.976+0000][gc,phases   ] GC(24)   Pre Evacuate Collection Set: 0.7ms
[2026-04-19T03:53:28.977+0000][gc,phases   ] GC(24)   Merge Heap Roots: 0.3ms
[2026-04-19T03:53:28.977+0000][gc,phases   ] GC(24)   Evacuate Collection Set: 7.8ms
[2026-04-19T03:53:28.977+0000][gc,phases   ] GC(24)   Post Evacuate Collection Set: 2.7ms
[2026-04-19T03:53:28.977+0000][gc,phases   ] GC(24)   Other: 3.4ms
[2026-04-19T03:53:28.977+0000][gc,heap     ] GC(24) Eden regions: 490->0(507)
[2026-04-19T03:53:28.978+0000][gc,heap     ] GC(24) Survivor regions: 22->5(64)
[2026-04-19T03:53:28.978+0000][gc,heap     ] GC(24) Old regions: 104->122
[2026-04-19T03:53:28.978+0000][gc,heap     ] GC(24) Archive regions: 2->2
[2026-04-19T03:53:28.978+0000][gc,heap     ] GC(24) Humongous regions: 4->4
[2026-04-19T03:53:28.978+0000][gc,metaspace] GC(24) Metaspace: 89631K(90560K)->89631K(90560K) NonClass: 78838K(79296K)->78838K(79296K) Class: 10792K(11264K)->10792K(11264K)
[2026-04-19T03:53:28.979+0000][gc          ] GC(24) Pause Young (Normal) (G1 Evacuation Pause) 620M->131M(1024M) 17.156ms
[2026-04-19T03:53:28.979+0000][gc,cpu      ] GC(24) User=0.04s Sys=0.03s Real=0.02s
[2026-04-19T04:24:21.410+0000][gc,start    ] GC(25) Pause Young (Normal) (G1 Evacuation Pause)
[2026-04-19T04:24:21.411+0000][gc,task     ] GC(25) Using 15 workers of 15 for evacuation
[2026-04-19T04:24:21.431+0000][gc,phases   ] GC(25)   Pre Evacuate Collection Set: 1.0ms
[2026-04-19T04:24:21.432+0000][gc,phases   ] GC(25)   Merge Heap Roots: 0.3ms
[2026-04-19T04:24:21.432+0000][gc,phases   ] GC(25)   Evacuate Collection Set: 4.3ms
[2026-04-19T04:24:21.432+0000][gc,phases   ] GC(25)   Post Evacuate Collection Set: 1.6ms
[2026-04-19T04:24:21.432+0000][gc,phases   ] GC(25)   Other: 14.2ms
[2026-04-19T04:24:21.433+0000][gc,heap     ] GC(25) Eden regions: 507->0(509)
[2026-04-19T04:24:21.433+0000][gc,heap     ] GC(25) Survivor regions: 5->3(64)
[2026-04-19T04:24:21.433+0000][gc,heap     ] GC(25) Old regions: 122->124
[2026-04-19T04:24:21.433+0000][gc,heap     ] GC(25) Archive regions: 2->2
[2026-04-19T04:24:21.434+0000][gc,heap     ] GC(25) Humongous regions: 4->4
[2026-04-19T04:24:21.434+0000][gc,metaspace] GC(25) Metaspace: 89675K(90560K)->89675K(90560K) NonClass: 78882K(79296K)->78882K(79296K) Class: 10792K(11264K)->10792K(11264K)
[2026-04-19T04:24:21.434+0000][gc          ] GC(25) Pause Young (Normal) (G1 Evacuation Pause) 638M->131M(1024M) 24.073ms
[2026-04-19T04:24:21.435+0000][gc,cpu      ] GC(25) User=0.04s Sys=0.01s Real=0.03s
[2026-04-19T07:58:43.567+0000][gc,start    ] GC(26) Pause Young (Normal) (G1 Evacuation Pause)
[2026-04-19T07:58:43.568+0000][gc,task     ] GC(26) Using 15 workers of 15 for evacuation
[2026-04-19T07:58:43.576+0000][gc,phases   ] GC(26)   Pre Evacuate Collection Set: 1.2ms
[2026-04-19T07:58:43.576+0000][gc,phases   ] GC(26)   Merge Heap Roots: 0.4ms
[2026-04-19T07:58:43.576+0000][gc,phases   ] GC(26)   Evacuate Collection Set: 3.5ms
[2026-04-19T07:58:43.577+0000][gc,phases   ] GC(26)   Post Evacuate Collection Set: 2.0ms
[2026-04-19T07:58:43.577+0000][gc,phases   ] GC(26)   Other: 1.8ms
[2026-04-19T07:58:43.577+0000][gc,heap     ] GC(26) Eden regions: 509->0(509)
[2026-04-19T07:58:43.577+0000][gc,heap     ] GC(26) Survivor regions: 3->3(64)
[2026-04-19T07:58:43.577+0000][gc,heap     ] GC(26) Old regions: 124->125
[2026-04-19T07:58:43.577+0000][gc,heap     ] GC(26) Archive regions: 2->2
[2026-04-19T07:58:43.577+0000][gc,heap     ] GC(26) Humongous regions: 4->4
[2026-04-19T07:58:43.578+0000][gc,metaspace] GC(26) Metaspace: 89687K(90624K)->89687K(90624K) NonClass: 78894K(79360K)->78894K(79360K) Class: 10792K(11264K)->10792K(11264K)
[2026-04-19T07:58:43.578+0000][gc          ] GC(26) Pause Young (Normal) (G1 Evacuation Pause) 640M->131M(1024M) 11.013ms
[2026-04-19T07:58:43.578+0000][gc,cpu      ] GC(26) User=0.03s Sys=0.01s Real=0.01s
[2026-04-19T08:29:42.079+0000][gc,start    ] GC(27) Pause Young (Normal) (G1 Evacuation Pause)
[2026-04-19T08:29:42.080+0000][gc,task     ] GC(27) Using 15 workers of 15 for evacuation
[2026-04-19T08:29:42.092+0000][gc,phases   ] GC(27)   Pre Evacuate Collection Set: 2.4ms
[2026-04-19T08:29:42.092+0000][gc,phases   ] GC(27)   Merge Heap Roots: 0.5ms
[2026-04-19T08:29:42.093+0000][gc,phases   ] GC(27)   Evacuate Collection Set: 5.2ms
[2026-04-19T08:29:42.093+0000][gc,phases   ] GC(27)   Post Evacuate Collection Set: 2.7ms
[2026-04-19T08:29:42.094+0000][gc,phases   ] GC(27)   Other: 3.4ms
[2026-04-19T08:29:42.094+0000][gc,heap     ] GC(27) Eden regions: 509->0(509)
[2026-04-19T08:29:42.094+0000][gc,heap     ] GC(27) Survivor regions: 3->3(64)
[2026-04-19T08:29:42.094+0000][gc,heap     ] GC(27) Old regions: 125->125
[2026-04-19T08:29:42.095+0000][gc,heap     ] GC(27) Archive regions: 2->2
[2026-04-19T08:29:42.095+0000][gc,heap     ] GC(27) Humongous regions: 4->4
[2026-04-19T08:29:42.095+0000][gc,metaspace] GC(27) Metaspace: 89742K(90624K)->89742K(90624K) NonClass: 78949K(79360K)->78949K(79360K) Class: 10792K(11264K)->10792K(11264K)
[2026-04-19T08:29:42.096+0000][gc          ] GC(27) Pause Young (Normal) (G1 Evacuation Pause) 640M->131M(1024M) 16.623ms
[2026-04-19T08:29:42.096+0000][gc,cpu      ] GC(27) User=0.07s Sys=0.00s Real=0.02s
[2026-04-19T09:00:43.966+0000][gc,start    ] GC(28) Pause Young (Normal) (G1 Evacuation Pause)
[2026-04-19T09:00:43.967+0000][gc,task     ] GC(28) Using 15 workers of 15 for evacuation
[2026-04-19T09:00:43.978+0000][gc,phases   ] GC(28)   Pre Evacuate Collection Set: 0.8ms
[2026-04-19T09:00:43.978+0000][gc,phases   ] GC(28)   Merge Heap Roots: 0.8ms
[2026-04-19T09:00:43.978+0000][gc,phases   ] GC(28)   Evacuate Collection Set: 4.4ms
[2026-04-19T09:00:43.978+0000][gc,phases   ] GC(28)   Post Evacuate Collection Set: 2.2ms
[2026-04-19T09:00:43.979+0000][gc,phases   ] GC(28)   Other: 3.8ms
[2026-04-19T09:00:43.979+0000][gc,heap     ] GC(28) Eden regions: 509->0(510)
[2026-04-19T09:00:43.979+0000][gc,heap     ] GC(28) Survivor regions: 3->2(64)
[2026-04-19T09:00:43.979+0000][gc,heap     ] GC(28) Old regions: 125->126
[2026-04-19T09:00:43.980+0000][gc,heap     ] GC(28) Archive regions: 2->2
[2026-04-19T09:00:43.980+0000][gc,heap     ] GC(28) Humongous regions: 4->4
[2026-04-19T09:00:43.980+0000][gc,metaspace] GC(28) Metaspace: 89753K(90624K)->89753K(90624K) NonClass: 78960K(79360K)->78960K(79360K) Class: 10792K(11264K)->10792K(11264K)
[2026-04-19T09:00:43.981+0000][gc          ] GC(28) Pause Young (Normal) (G1 Evacuation Pause) 640M->131M(1024M) 14.243ms
[2026-04-19T09:00:43.981+0000][gc,cpu      ] GC(28) User=0.04s Sys=0.01s Real=0.02s
[2026-04-19T12:55:57.008+0000][gc,start    ] GC(29) Pause Young (Normal) (G1 Evacuation Pause)
[2026-04-19T12:55:57.009+0000][gc,task     ] GC(29) Using 15 workers of 15 for evacuation
[2026-04-19T12:55:57.015+0000][gc,phases   ] GC(29)   Pre Evacuate Collection Set: 0.7ms
[2026-04-19T12:55:57.016+0000][gc,phases   ] GC(29)   Merge Heap Roots: 0.4ms
[2026-04-19T12:55:57.016+0000][gc,phases   ] GC(29)   Evacuate Collection Set: 3.6ms
[2026-04-19T12:55:57.016+0000][gc,phases   ] GC(29)   Post Evacuate Collection Set: 1.4ms
[2026-04-19T12:55:57.017+0000][gc,phases   ] GC(29)   Other: 1.7ms
[2026-04-19T12:55:57.017+0000][gc,heap     ] GC(29) Eden regions: 510->0(510)
[2026-04-19T12:55:57.017+0000][gc,heap     ] GC(29) Survivor regions: 2->2(64)
[2026-04-19T12:55:57.018+0000][gc,heap     ] GC(29) Old regions: 126->126
[2026-04-19T12:55:57.018+0000][gc,heap     ] GC(29) Archive regions: 2->2
[2026-04-19T12:55:57.018+0000][gc,heap     ] GC(29) Humongous regions: 4->4
[2026-04-19T12:55:57.018+0000][gc,metaspace] GC(29) Metaspace: 89817K(90688K)->89817K(90688K) NonClass: 79024K(79424K)->79024K(79424K) Class: 10792K(11264K)->10792K(11264K)
[2026-04-19T12:55:57.019+0000][gc          ] GC(29) Pause Young (Normal) (G1 Evacuation Pause) 641M->131M(1024M) 10.879ms
[2026-04-19T12:55:57.019+0000][gc,cpu      ] GC(29) User=0.02s Sys=0.01s Real=0.01s
[2026-04-19T13:45:09.509+0000][gc,start    ] GC(30) Pause Young (Normal) (G1 Evacuation Pause)
[2026-04-19T13:45:09.509+0000][gc,task     ] GC(30) Using 15 workers of 15 for evacuation
[2026-04-19T13:45:09.518+0000][gc,phases   ] GC(30)   Pre Evacuate Collection Set: 0.6ms
[2026-04-19T13:45:09.518+0000][gc,phases   ] GC(30)   Merge Heap Roots: 0.4ms
[2026-04-19T13:45:09.519+0000][gc,phases   ] GC(30)   Evacuate Collection Set: 3.8ms
[2026-04-19T13:45:09.519+0000][gc,phases   ] GC(30)   Post Evacuate Collection Set: 1.8ms
[2026-04-19T13:45:09.519+0000][gc,phases   ] GC(30)   Other: 3.1ms
[2026-04-19T13:45:09.519+0000][gc,heap     ] GC(30) Eden regions: 510->0(510)
[2026-04-19T13:45:09.520+0000][gc,heap     ] GC(30) Survivor regions: 2->2(64)
[2026-04-19T13:45:09.520+0000][gc,heap     ] GC(30) Old regions: 126->126
[2026-04-19T13:45:09.520+0000][gc,heap     ] GC(30) Archive regions: 2->2
[2026-04-19T13:45:09.520+0000][gc,heap     ] GC(30) Humongous regions: 4->4
[2026-04-19T13:45:09.520+0000][gc,metaspace] GC(30) Metaspace: 89831K(90688K)->89831K(90688K) NonClass: 79038K(79424K)->79038K(79424K) Class: 10792K(11264K)->10792K(11264K)
[2026-04-19T13:45:09.521+0000][gc          ] GC(30) Pause Young (Normal) (G1 Evacuation Pause) 641M->131M(1024M) 11.945ms
[2026-04-19T13:45:09.521+0000][gc,cpu      ] GC(30) User=0.03s Sys=0.01s Real=0.01s
[2026-04-19T14:23:32.276+0000][gc,start    ] GC(31) Pause Young (Normal) (G1 Evacuation Pause)
[2026-04-19T14:23:32.276+0000][gc,task     ] GC(31) Using 15 workers of 15 for evacuation
[2026-04-19T14:23:32.283+0000][gc,phases   ] GC(31)   Pre Evacuate Collection Set: 0.6ms
[2026-04-19T14:23:32.283+0000][gc,phases   ] GC(31)   Merge Heap Roots: 0.3ms
[2026-04-19T14:23:32.284+0000][gc,phases   ] GC(31)   Evacuate Collection Set: 4.0ms
[2026-04-19T14:23:32.284+0000][gc,phases   ] GC(31)   Post Evacuate Collection Set: 1.4ms
[2026-04-19T14:23:32.284+0000][gc,phases   ] GC(31)   Other: 0.9ms
[2026-04-19T14:23:32.284+0000][gc,heap     ] GC(31) Eden regions: 510->0(510)
[2026-04-19T14:23:32.285+0000][gc,heap     ] GC(31) Survivor regions: 2->2(64)
[2026-04-19T14:23:32.285+0000][gc,heap     ] GC(31) Old regions: 126->126
[2026-04-19T14:23:32.285+0000][gc,heap     ] GC(31) Archive regions: 2->2
[2026-04-19T14:23:32.285+0000][gc,heap     ] GC(31) Humongous regions: 4->4
[2026-04-19T14:23:32.285+0000][gc,metaspace] GC(31) Metaspace: 89904K(90816K)->89904K(90816K) NonClass: 79111K(79552K)->79111K(79552K) Class: 10792K(11264K)->10792K(11264K)
[2026-04-19T14:23:32.286+0000][gc          ] GC(31) Pause Young (Normal) (G1 Evacuation Pause) 641M->131M(1024M) 9.729ms
[2026-04-19T14:23:32.286+0000][gc,cpu      ] GC(31) User=0.04s Sys=0.00s Real=0.00s
[2026-04-19T14:54:26.887+0000][gc,start    ] GC(32) Pause Young (Normal) (G1 Evacuation Pause)
[2026-04-19T14:54:26.888+0000][gc,task     ] GC(32) Using 15 workers of 15 for evacuation
[2026-04-19T14:54:26.897+0000][gc,phases   ] GC(32)   Pre Evacuate Collection Set: 0.8ms
[2026-04-19T14:54:26.898+0000][gc,phases   ] GC(32)   Merge Heap Roots: 0.5ms
[2026-04-19T14:54:26.898+0000][gc,phases   ] GC(32)   Evacuate Collection Set: 4.1ms
[2026-04-19T14:54:26.898+0000][gc,phases   ] GC(32)   Post Evacuate Collection Set: 2.0ms
[2026-04-19T14:54:26.898+0000][gc,phases   ] GC(32)   Other: 3.4ms
[2026-04-19T14:54:26.899+0000][gc,heap     ] GC(32) Eden regions: 510->0(510)
[2026-04-19T14:54:26.899+0000][gc,heap     ] GC(32) Survivor regions: 2->2(64)
[2026-04-19T14:54:26.899+0000][gc,heap     ] GC(32) Old regions: 126->126
[2026-04-19T14:54:26.899+0000][gc,heap     ] GC(32) Archive regions: 2->2
[2026-04-19T14:54:26.899+0000][gc,heap     ] GC(32) Humongous regions: 4->4
[2026-04-19T14:54:26.899+0000][gc,metaspace] GC(32) Metaspace: 89940K(90880K)->89940K(90880K) NonClass: 79147K(79616K)->79147K(79616K) Class: 10792K(11264K)->10792K(11264K)
[2026-04-19T14:54:26.900+0000][gc          ] GC(32) Pause Young (Normal) (G1 Evacuation Pause) 641M->131M(1024M) 12.528ms
[2026-04-19T14:54:26.900+0000][gc,cpu      ] GC(32) User=0.04s Sys=0.01s Real=0.01s
[2026-04-19T15:25:26.989+0000][gc,start    ] GC(33) Pause Young (Normal) (G1 Evacuation Pause)
[2026-04-19T15:25:26.990+0000][gc,task     ] GC(33) Using 15 workers of 15 for evacuation
[2026-04-19T15:25:26.999+0000][gc,phases   ] GC(33)   Pre Evacuate Collection Set: 0.8ms
[2026-04-19T15:25:26.999+0000][gc,phases   ] GC(33)   Merge Heap Roots: 0.3ms
[2026-04-19T15:25:26.999+0000][gc,phases   ] GC(33)   Evacuate Collection Set: 2.9ms
[2026-04-19T15:25:26.999+0000][gc,phases   ] GC(33)   Post Evacuate Collection Set: 2.4ms
[2026-04-19T15:25:27.000+0000][gc,phases   ] GC(33)   Other: 3.3ms
[2026-04-19T15:25:27.000+0000][gc,heap     ] GC(33) Eden regions: 510->0(510)
[2026-04-19T15:25:27.000+0000][gc,heap     ] GC(33) Survivor regions: 2->2(64)
[2026-04-19T15:25:27.000+0000][gc,heap     ] GC(33) Old regions: 126->126
[2026-04-19T15:25:27.000+0000][gc,heap     ] GC(33) Archive regions: 2->2
[2026-04-19T15:25:27.001+0000][gc,heap     ] GC(33) Humongous regions: 4->4
[2026-04-19T15:25:27.001+0000][gc,metaspace] GC(33) Metaspace: 90012K(90944K)->90012K(90944K) NonClass: 79219K(79680K)->79219K(79680K) Class: 10792K(11264K)->10792K(11264K)
[2026-04-19T15:25:27.001+0000][gc          ] GC(33) Pause Young (Normal) (G1 Evacuation Pause) 641M->131M(1024M) 11.688ms
[2026-04-19T15:25:27.001+0000][gc,cpu      ] GC(33) User=0.03s Sys=0.01s Real=0.01s
[2026-04-19T15:56:42.927+0000][gc,start    ] GC(34) Pause Young (Normal) (G1 Evacuation Pause)
[2026-04-19T15:56:42.927+0000][gc,task     ] GC(34) Using 15 workers of 15 for evacuation
[2026-04-19T15:56:42.933+0000][gc,phases   ] GC(34)   Pre Evacuate Collection Set: 0.5ms
[2026-04-19T15:56:42.934+0000][gc,phases   ] GC(34)   Merge Heap Roots: 0.3ms
[2026-04-19T15:56:42.934+0000][gc,phases   ] GC(34)   Evacuate Collection Set: 3.4ms
[2026-04-19T15:56:42.934+0000][gc,phases   ] GC(34)   Post Evacuate Collection Set: 1.4ms
[2026-04-19T15:56:42.934+0000][gc,phases   ] GC(34)   Other: 1.1ms
[2026-04-19T15:56:42.934+0000][gc,heap     ] GC(34) Eden regions: 510->0(510)
[2026-04-19T15:56:42.934+0000][gc,heap     ] GC(34) Survivor regions: 2->2(64)
[2026-04-19T15:56:42.934+0000][gc,heap     ] GC(34) Old regions: 126->126
[2026-04-19T15:56:42.934+0000][gc,heap     ] GC(34) Archive regions: 2->2
[2026-04-19T15:56:42.935+0000][gc,heap     ] GC(34) Humongous regions: 4->4
[2026-04-19T15:56:42.935+0000][gc,metaspace] GC(34) Metaspace: 90017K(90944K)->90017K(90944K) NonClass: 79224K(79680K)->79224K(79680K) Class: 10792K(11264K)->10792K(11264K)
[2026-04-19T15:56:42.935+0000][gc          ] GC(34) Pause Young (Normal) (G1 Evacuation Pause) 641M->131M(1024M) 7.894ms
[2026-04-19T15:56:42.935+0000][gc,cpu      ] GC(34) User=0.02s Sys=0.01s Real=0.01s
[2026-04-19T16:27:31.934+0000][gc,start    ] GC(35) Pause Young (Normal) (G1 Evacuation Pause)
[2026-04-19T16:27:31.935+0000][gc,task     ] GC(35) Using 15 workers of 15 for evacuation
[2026-04-19T16:27:31.941+0000][gc,phases   ] GC(35)   Pre Evacuate Collection Set: 0.6ms
[2026-04-19T16:27:31.941+0000][gc,phases   ] GC(35)   Merge Heap Roots: 0.3ms
[2026-04-19T16:27:31.941+0000][gc,phases   ] GC(35)   Evacuate Collection Set: 2.8ms
[2026-04-19T16:27:31.942+0000][gc,phases   ] GC(35)   Post Evacuate Collection Set: 1.7ms
[2026-04-19T16:27:31.942+0000][gc,phases   ] GC(35)   Other: 1.1ms
[2026-04-19T16:27:31.942+0000][gc,heap     ] GC(35) Eden regions: 510->0(510)
[2026-04-19T16:27:31.942+0000][gc,heap     ] GC(35) Survivor regions: 2->2(64)
[2026-04-19T16:27:31.943+0000][gc,heap     ] GC(35) Old regions: 126->126
[2026-04-19T16:27:31.943+0000][gc,heap     ] GC(35) Archive regions: 2->2
[2026-04-19T16:27:31.943+0000][gc,heap     ] GC(35) Humongous regions: 4->4
[2026-04-19T16:27:31.944+0000][gc,metaspace] GC(35) Metaspace: 90082K(91008K)->90082K(91008K) NonClass: 79289K(79744K)->79289K(79744K) Class: 10792K(11264K)->10792K(11264K)
[2026-04-19T16:27:31.944+0000][gc          ] GC(35) Pause Young (Normal) (G1 Evacuation Pause) 641M->131M(1024M) 9.801ms
[2026-04-19T16:27:31.945+0000][gc,cpu      ] GC(35) User=0.02s Sys=0.01s Real=0.01s
[2026-04-19T16:58:30.621+0000][gc,start    ] GC(36) Pause Young (Normal) (G1 Evacuation Pause)
[2026-04-19T16:58:30.622+0000][gc,task     ] GC(36) Using 15 workers of 15 for evacuation
[2026-04-19T16:58:30.634+0000][gc,phases   ] GC(36)   Pre Evacuate Collection Set: 1.8ms
[2026-04-19T16:58:30.634+0000][gc,phases   ] GC(36)   Merge Heap Roots: 0.5ms
[2026-04-19T16:58:30.634+0000][gc,phases   ] GC(36)   Evacuate Collection Set: 6.6ms
[2026-04-19T16:58:30.634+0000][gc,phases   ] GC(36)   Post Evacuate Collection Set: 2.3ms
[2026-04-19T16:58:30.635+0000][gc,phases   ] GC(36)   Other: 2.9ms
[2026-04-19T16:58:30.635+0000][gc,heap     ] GC(36) Eden regions: 510->0(510)
[2026-04-19T16:58:30.635+0000][gc,heap     ] GC(36) Survivor regions: 2->2(64)
[2026-04-19T16:58:30.635+0000][gc,heap     ] GC(36) Old regions: 126->126
[2026-04-19T16:58:30.635+0000][gc,heap     ] GC(36) Archive regions: 2->2
[2026-04-19T16:58:30.636+0000][gc,heap     ] GC(36) Humongous regions: 4->4
[2026-04-19T16:58:30.636+0000][gc,metaspace] GC(36) Metaspace: 90093K(91008K)->90093K(91008K) NonClass: 79300K(79744K)->79300K(79744K) Class: 10792K(11264K)->10792K(11264K)
[2026-04-19T16:58:30.636+0000][gc          ] GC(36) Pause Young (Normal) (G1 Evacuation Pause) 641M->132M(1024M) 15.157ms
[2026-04-19T16:58:30.636+0000][gc,cpu      ] GC(36) User=0.07s Sys=0.00s Real=0.01s
[2026-04-19T17:29:40.490+0000][gc,start    ] GC(37) Pause Young (Normal) (G1 Evacuation Pause)
[2026-04-19T17:29:40.491+0000][gc,task     ] GC(37) Using 15 workers of 15 for evacuation
[2026-04-19T17:29:40.500+0000][gc,phases   ] GC(37)   Pre Evacuate Collection Set: 0.7ms
[2026-04-19T17:29:40.500+0000][gc,phases   ] GC(37)   Merge Heap Roots: 0.5ms
[2026-04-19T17:29:40.501+0000][gc,phases   ] GC(37)   Evacuate Collection Set: 4.1ms
[2026-04-19T17:29:40.501+0000][gc,phases   ] GC(37)   Post Evacuate Collection Set: 2.8ms
[2026-04-19T17:29:40.501+0000][gc,phases   ] GC(37)   Other: 1.5ms
[2026-04-19T17:29:40.501+0000][gc,heap     ] GC(37) Eden regions: 510->0(510)
[2026-04-19T17:29:40.502+0000][gc,heap     ] GC(37) Survivor regions: 2->2(64)
[2026-04-19T17:29:40.502+0000][gc,heap     ] GC(37) Old regions: 126->126
[2026-04-19T17:29:40.502+0000][gc,heap     ] GC(37) Archive regions: 2->2
[2026-04-19T17:29:40.502+0000][gc,heap     ] GC(37) Humongous regions: 4->4
[2026-04-19T17:29:40.502+0000][gc,metaspace] GC(37) Metaspace: 90108K(91008K)->90108K(91008K) NonClass: 79315K(79744K)->79315K(79744K) Class: 10792K(11264K)->10792K(11264K)
[2026-04-19T17:29:40.503+0000][gc          ] GC(37) Pause Young (Normal) (G1 Evacuation Pause) 642M->132M(1024M) 12.285ms
[2026-04-19T17:29:40.503+0000][gc,cpu      ] GC(37) User=0.04s Sys=0.01s Real=0.01s
[2026-04-19T18:00:52.374+0000][gc,start    ] GC(38) Pause Young (Normal) (G1 Evacuation Pause)
[2026-04-19T18:00:52.374+0000][gc,task     ] GC(38) Using 15 workers of 15 for evacuation
[2026-04-19T18:00:52.381+0000][gc,phases   ] GC(38)   Pre Evacuate Collection Set: 0.9ms
[2026-04-19T18:00:52.381+0000][gc,phases   ] GC(38)   Merge Heap Roots: 0.4ms
[2026-04-19T18:00:52.381+0000][gc,phases   ] GC(38)   Evacuate Collection Set: 3.0ms
[2026-04-19T18:00:52.382+0000][gc,phases   ] GC(38)   Post Evacuate Collection Set: 1.8ms
[2026-04-19T18:00:52.382+0000][gc,phases   ] GC(38)   Other: 1.4ms
[2026-04-19T18:00:52.382+0000][gc,heap     ] GC(38) Eden regions: 510->0(510)
[2026-04-19T18:00:52.382+0000][gc,heap     ] GC(38) Survivor regions: 2->2(64)
[2026-04-19T18:00:52.383+0000][gc,heap     ] GC(38) Old regions: 126->126
[2026-04-19T18:00:52.383+0000][gc,heap     ] GC(38) Archive regions: 2->2
[2026-04-19T18:00:52.383+0000][gc,heap     ] GC(38) Humongous regions: 4->4
[2026-04-19T18:00:52.383+0000][gc,metaspace] GC(38) Metaspace: 90110K(91008K)->90110K(91008K) NonClass: 79317K(79744K)->79317K(79744K) Class: 10792K(11264K)->10792K(11264K)
[2026-04-19T18:00:52.383+0000][gc          ] GC(38) Pause Young (Normal) (G1 Evacuation Pause) 642M->131M(1024M) 9.485ms
[2026-04-19T18:00:52.384+0000][gc,cpu      ] GC(38) User=0.03s Sys=0.01s Real=0.02s
[2026-04-19T18:32:00.929+0000][gc,start    ] GC(39) Pause Young (Normal) (G1 Evacuation Pause)
[2026-04-19T18:32:00.930+0000][gc,task     ] GC(39) Using 15 workers of 15 for evacuation
[2026-04-19T18:32:00.935+0000][gc,phases   ] GC(39)   Pre Evacuate Collection Set: 0.6ms
[2026-04-19T18:32:00.936+0000][gc,phases   ] GC(39)   Merge Heap Roots: 0.3ms
[2026-04-19T18:32:00.936+0000][gc,phases   ] GC(39)   Evacuate Collection Set: 2.7ms
[2026-04-19T18:32:00.937+0000][gc,phases   ] GC(39)   Post Evacuate Collection Set: 1.1ms
[2026-04-19T18:32:00.937+0000][gc,phases   ] GC(39)   Other: 1.4ms
[2026-04-19T18:32:00.937+0000][gc,heap     ] GC(39) Eden regions: 510->0(510)
[2026-04-19T18:32:00.938+0000][gc,heap     ] GC(39) Survivor regions: 2->2(64)
[2026-04-19T18:32:00.938+0000][gc,heap     ] GC(39) Old regions: 126->126
[2026-04-19T18:32:00.938+0000][gc,heap     ] GC(39) Archive regions: 2->2
[2026-04-19T18:32:00.938+0000][gc,heap     ] GC(39) Humongous regions: 4->4
[2026-04-19T18:32:00.939+0000][gc,metaspace] GC(39) Metaspace: 90137K(91008K)->90137K(91008K) NonClass: 79344K(79744K)->79344K(79744K) Class: 10792K(11264K)->10792K(11264K)
[2026-04-19T18:32:00.939+0000][gc          ] GC(39) Pause Young (Normal) (G1 Evacuation Pause) 641M->131M(1024M) 9.413ms
[2026-04-19T18:32:00.939+0000][gc,cpu      ] GC(39) User=0.04s Sys=0.00s Real=0.00s
[2026-04-19T19:03:02.497+0000][gc,start    ] GC(40) Pause Young (Normal) (G1 Evacuation Pause)
[2026-04-19T19:03:02.497+0000][gc,task     ] GC(40) Using 15 workers of 15 for evacuation
[2026-04-19T19:03:02.507+0000][gc,phases   ] GC(40)   Pre Evacuate Collection Set: 1.4ms
[2026-04-19T19:03:02.508+0000][gc,phases   ] GC(40)   Merge Heap Roots: 0.4ms
[2026-04-19T19:03:02.508+0000][gc,phases   ] GC(40)   Evacuate Collection Set: 4.7ms
[2026-04-19T19:03:02.509+0000][gc,phases   ] GC(40)   Post Evacuate Collection Set: 2.7ms
[2026-04-19T19:03:02.509+0000][gc,phases   ] GC(40)   Other: 1.9ms
[2026-04-19T19:03:02.509+0000][gc,heap     ] GC(40) Eden regions: 510->0(510)
[2026-04-19T19:03:02.510+0000][gc,heap     ] GC(40) Survivor regions: 2->2(64)
[2026-04-19T19:03:02.510+0000][gc,heap     ] GC(40) Old regions: 126->126
[2026-04-19T19:03:02.510+0000][gc,heap     ] GC(40) Archive regions: 2->2
[2026-04-19T19:03:02.510+0000][gc,heap     ] GC(40) Humongous regions: 4->4
[2026-04-19T19:03:02.511+0000][gc,metaspace] GC(40) Metaspace: 90152K(91072K)->90152K(91072K) NonClass: 79359K(79808K)->79359K(79808K) Class: 10792K(11264K)->10792K(11264K)
[2026-04-19T19:03:02.511+0000][gc          ] GC(40) Pause Young (Normal) (G1 Evacuation Pause) 641M->132M(1024M) 14.188ms
[2026-04-19T19:03:02.511+0000][gc,cpu      ] GC(40) User=0.06s Sys=0.00s Real=0.01s
[2026-04-19T19:34:14.431+0000][gc,start    ] GC(41) Pause Young (Normal) (G1 Evacuation Pause)
[2026-04-19T19:34:14.432+0000][gc,task     ] GC(41) Using 15 workers of 15 for evacuation
[2026-04-19T19:34:14.446+0000][gc,phases   ] GC(41)   Pre Evacuate Collection Set: 1.9ms
[2026-04-19T19:34:14.446+0000][gc,phases   ] GC(41)   Merge Heap Roots: 0.5ms
[2026-04-19T19:34:14.446+0000][gc,phases   ] GC(41)   Evacuate Collection Set: 8.2ms
[2026-04-19T19:34:14.446+0000][gc,phases   ] GC(41)   Post Evacuate Collection Set: 2.6ms
[2026-04-19T19:34:14.447+0000][gc,phases   ] GC(41)   Other: 2.7ms
[2026-04-19T19:34:14.447+0000][gc,heap     ] GC(41) Eden regions: 510->0(510)
[2026-04-19T19:34:14.447+0000][gc,heap     ] GC(41) Survivor regions: 2->2(64)
[2026-04-19T19:34:14.447+0000][gc,heap     ] GC(41) Old regions: 126->126
[2026-04-19T19:34:14.448+0000][gc,heap     ] GC(41) Archive regions: 2->2
[2026-04-19T19:34:14.448+0000][gc,heap     ] GC(41) Humongous regions: 4->4
[2026-04-19T19:34:14.448+0000][gc,metaspace] GC(41) Metaspace: 90160K(91072K)->90160K(91072K) NonClass: 79366K(79808K)->79366K(79808K) Class: 10793K(11264K)->10793K(11264K)
[2026-04-19T19:34:14.449+0000][gc          ] GC(41) Pause Young (Normal) (G1 Evacuation Pause) 642M->131M(1024M) 17.731ms
[2026-04-19T19:34:14.450+0000][gc,cpu      ] GC(41) User=0.11s Sys=0.00s Real=0.02s
[2026-04-20T02:15:14.426+0000][gc,start    ] GC(42) Pause Young (Normal) (G1 Evacuation Pause)
[2026-04-20T02:15:14.427+0000][gc,task     ] GC(42) Using 15 workers of 15 for evacuation
[2026-04-20T02:15:14.448+0000][gc,phases   ] GC(42)   Pre Evacuate Collection Set: 0.9ms
[2026-04-20T02:15:14.448+0000][gc,phases   ] GC(42)   Merge Heap Roots: 0.6ms
[2026-04-20T02:15:14.449+0000][gc,phases   ] GC(42)   Evacuate Collection Set: 17.5ms
[2026-04-20T02:15:14.449+0000][gc,phases   ] GC(42)   Post Evacuate Collection Set: 1.4ms
[2026-04-20T02:15:14.449+0000][gc,phases   ] GC(42)   Other: 1.5ms
[2026-04-20T02:15:14.450+0000][gc,heap     ] GC(42) Eden regions: 510->0(509)
[2026-04-20T02:15:14.450+0000][gc,heap     ] GC(42) Survivor regions: 2->3(64)
[2026-04-20T02:15:14.451+0000][gc,heap     ] GC(42) Old regions: 126->126
[2026-04-20T02:15:14.451+0000][gc,heap     ] GC(42) Archive regions: 2->2
[2026-04-20T02:15:14.452+0000][gc,heap     ] GC(42) Humongous regions: 4->4
[2026-04-20T02:15:14.452+0000][gc,metaspace] GC(42) Metaspace: 90245K(91200K)->90245K(91200K) NonClass: 79452K(79936K)->79452K(79936K) Class: 10793K(11264K)->10793K(11264K)
[2026-04-20T02:15:14.453+0000][gc          ] GC(42) Pause Young (Normal) (G1 Evacuation Pause) 641M->132M(1024M) 26.774ms
[2026-04-20T02:15:14.453+0000][gc,cpu      ] GC(42) User=0.21s Sys=0.04s Real=0.02s
[2026-04-20T02:46:16.270+0000][gc,start    ] GC(43) Pause Young (Normal) (G1 Evacuation Pause)
[2026-04-20T02:46:16.270+0000][gc,task     ] GC(43) Using 15 workers of 15 for evacuation
[2026-04-20T02:46:16.281+0000][gc,phases   ] GC(43)   Pre Evacuate Collection Set: 1.4ms
[2026-04-20T02:46:16.281+0000][gc,phases   ] GC(43)   Merge Heap Roots: 0.4ms
[2026-04-20T02:46:16.281+0000][gc,phases   ] GC(43)   Evacuate Collection Set: 5.9ms
[2026-04-20T02:46:16.281+0000][gc,phases   ] GC(43)   Post Evacuate Collection Set: 2.1ms
[2026-04-20T02:46:16.281+0000][gc,phases   ] GC(43)   Other: 1.8ms
[2026-04-20T02:46:16.281+0000][gc,heap     ] GC(43) Eden regions: 509->0(510)
[2026-04-20T02:46:16.281+0000][gc,heap     ] GC(43) Survivor regions: 3->2(64)
[2026-04-20T02:46:16.281+0000][gc,heap     ] GC(43) Old regions: 126->126
[2026-04-20T02:46:16.281+0000][gc,heap     ] GC(43) Archive regions: 2->2
[2026-04-20T02:46:16.282+0000][gc,heap     ] GC(43) Humongous regions: 4->4
[2026-04-20T02:46:16.282+0000][gc,metaspace] GC(43) Metaspace: 90249K(91200K)->90249K(91200K) NonClass: 79455K(79936K)->79455K(79936K) Class: 10793K(11264K)->10793K(11264K)
[2026-04-20T02:46:16.282+0000][gc          ] GC(43) Pause Young (Normal) (G1 Evacuation Pause) 641M->132M(1024M) 11.924ms
[2026-04-20T02:46:16.282+0000][gc,cpu      ] GC(43) User=0.06s Sys=0.01s Real=0.02s
[2026-04-20T03:25:38.323+0000][gc,start    ] GC(44) Pause Young (Normal) (G1 Evacuation Pause)
[2026-04-20T03:25:38.324+0000][gc,task     ] GC(44) Using 15 workers of 15 for evacuation
[2026-04-20T03:25:38.336+0000][gc,phases   ] GC(44)   Pre Evacuate Collection Set: 1.6ms
[2026-04-20T03:25:38.336+0000][gc,phases   ] GC(44)   Merge Heap Roots: 0.6ms
[2026-04-20T03:25:38.336+0000][gc,phases   ] GC(44)   Evacuate Collection Set: 7.5ms
[2026-04-20T03:25:38.337+0000][gc,phases   ] GC(44)   Post Evacuate Collection Set: 1.9ms
[2026-04-20T03:25:38.337+0000][gc,phases   ] GC(44)   Other: 2.5ms
[2026-04-20T03:25:38.337+0000][gc,heap     ] GC(44) Eden regions: 510->0(509)
[2026-04-20T03:25:38.337+0000][gc,heap     ] GC(44) Survivor regions: 2->3(64)
[2026-04-20T03:25:38.337+0000][gc,heap     ] GC(44) Old regions: 126->126
[2026-04-20T03:25:38.337+0000][gc,heap     ] GC(44) Archive regions: 2->2
[2026-04-20T03:25:38.337+0000][gc,heap     ] GC(44) Humongous regions: 4->4
[2026-04-20T03:25:38.338+0000][gc,metaspace] GC(44) Metaspace: 90483K(91392K)->90483K(91392K) NonClass: 79690K(80128K)->79690K(80128K) Class: 10793K(11264K)->10793K(11264K)
[2026-04-20T03:25:38.338+0000][gc          ] GC(44) Pause Young (Normal) (G1 Evacuation Pause) 642M->132M(1024M) 14.789ms
[2026-04-20T03:25:38.338+0000][gc,cpu      ] GC(44) User=0.09s Sys=0.01s Real=0.01s
[2026-04-20T03:56:26.034+0000][gc,start    ] GC(45) Pause Young (Normal) (G1 Evacuation Pause)
[2026-04-20T03:56:26.034+0000][gc,task     ] GC(45) Using 15 workers of 15 for evacuation
[2026-04-20T03:56:26.041+0000][gc,phases   ] GC(45)   Pre Evacuate Collection Set: 0.6ms
[2026-04-20T03:56:26.042+0000][gc,phases   ] GC(45)   Merge Heap Roots: 0.3ms
[2026-04-20T03:56:26.042+0000][gc,phases   ] GC(45)   Evacuate Collection Set: 3.9ms
[2026-04-20T03:56:26.042+0000][gc,phases   ] GC(45)   Post Evacuate Collection Set: 1.8ms
[2026-04-20T03:56:26.042+0000][gc,phases   ] GC(45)   Other: 0.8ms
[2026-04-20T03:56:26.043+0000][gc,heap     ] GC(45) Eden regions: 509->0(509)
[2026-04-20T03:56:26.043+0000][gc,heap     ] GC(45) Survivor regions: 3->3(64)
[2026-04-20T03:56:26.043+0000][gc,heap     ] GC(45) Old regions: 126->126
[2026-04-20T03:56:26.043+0000][gc,heap     ] GC(45) Archive regions: 2->2
[2026-04-20T03:56:26.043+0000][gc,heap     ] GC(45) Humongous regions: 4->4
[2026-04-20T03:56:26.043+0000][gc,metaspace] GC(45) Metaspace: 90550K(91456K)->90550K(91456K) NonClass: 79756K(80192K)->79756K(80192K) Class: 10793K(11264K)->10793K(11264K)
[2026-04-20T03:56:26.044+0000][gc          ] GC(45) Pause Young (Normal) (G1 Evacuation Pause) 641M->132M(1024M) 9.643ms
[2026-04-20T03:56:26.044+0000][gc,cpu      ] GC(45) User=0.05s Sys=0.00s Real=0.02s
[2026-04-20T04:27:25.032+0000][gc,start    ] GC(46) Pause Young (Normal) (G1 Evacuation Pause)
[2026-04-20T04:27:25.033+0000][gc,task     ] GC(46) Using 15 workers of 15 for evacuation
[2026-04-20T04:27:25.040+0000][gc,phases   ] GC(46)   Pre Evacuate Collection Set: 1.1ms
[2026-04-20T04:27:25.041+0000][gc,phases   ] GC(46)   Merge Heap Roots: 0.3ms
[2026-04-20T04:27:25.041+0000][gc,phases   ] GC(46)   Evacuate Collection Set: 3.9ms
[2026-04-20T04:27:25.041+0000][gc,phases   ] GC(46)   Post Evacuate Collection Set: 1.7ms
[2026-04-20T04:27:25.041+0000][gc,phases   ] GC(46)   Other: 2.0ms
[2026-04-20T04:27:25.042+0000][gc,heap     ] GC(46) Eden regions: 509->0(510)
[2026-04-20T04:27:25.042+0000][gc,heap     ] GC(46) Survivor regions: 3->2(64)
[2026-04-20T04:27:25.042+0000][gc,heap     ] GC(46) Old regions: 126->126
[2026-04-20T04:27:25.042+0000][gc,heap     ] GC(46) Archive regions: 2->2
[2026-04-20T04:27:25.042+0000][gc,heap     ] GC(46) Humongous regions: 4->4
[2026-04-20T04:27:25.042+0000][gc,metaspace] GC(46) Metaspace: 90565K(91456K)->90565K(91456K) NonClass: 79771K(80192K)->79771K(80192K) Class: 10793K(11264K)->10793K(11264K)
[2026-04-20T04:27:25.043+0000][gc          ] GC(46) Pause Young (Normal) (G1 Evacuation Pause) 641M->132M(1024M) 10.630ms
[2026-04-20T04:27:25.043+0000][gc,cpu      ] GC(46) User=0.05s Sys=0.02s Real=0.01s
[2026-04-20T08:08:51.331+0000][gc,start    ] GC(47) Pause Young (Normal) (G1 Evacuation Pause)
[2026-04-20T08:08:51.331+0000][gc,task     ] GC(47) Using 15 workers of 15 for evacuation
[2026-04-20T08:08:51.339+0000][gc,phases   ] GC(47)   Pre Evacuate Collection Set: 0.6ms
[2026-04-20T08:08:51.339+0000][gc,phases   ] GC(47)   Merge Heap Roots: 0.3ms
[2026-04-20T08:08:51.339+0000][gc,phases   ] GC(47)   Evacuate Collection Set: 4.5ms
[2026-04-20T08:08:51.339+0000][gc,phases   ] GC(47)   Post Evacuate Collection Set: 1.6ms
[2026-04-20T08:08:51.340+0000][gc,phases   ] GC(47)   Other: 1.1ms
[2026-04-20T08:08:51.340+0000][gc,heap     ] GC(47) Eden regions: 510->0(509)
[2026-04-20T08:08:51.340+0000][gc,heap     ] GC(47) Survivor regions: 2->3(64)
[2026-04-20T08:08:51.341+0000][gc,heap     ] GC(47) Old regions: 126->126
[2026-04-20T08:08:51.341+0000][gc,heap     ] GC(47) Archive regions: 2->2
[2026-04-20T08:08:51.341+0000][gc,heap     ] GC(47) Humongous regions: 4->4
[2026-04-20T08:08:51.341+0000][gc,metaspace] GC(47) Metaspace: 90581K(91456K)->90581K(91456K) NonClass: 79788K(80192K)->79788K(80192K) Class: 10793K(11264K)->10793K(11264K)
[2026-04-20T08:08:51.341+0000][gc          ] GC(47) Pause Young (Normal) (G1 Evacuation Pause) 642M->132M(1024M) 10.328ms
[2026-04-20T08:08:51.342+0000][gc,cpu      ] GC(47) User=0.05s Sys=0.01s Real=0.02s
[2026-04-20T08:39:49.103+0000][gc,start    ] GC(48) Pause Young (Normal) (G1 Evacuation Pause)
[2026-04-20T08:39:49.103+0000][gc,task     ] GC(48) Using 15 workers of 15 for evacuation
[2026-04-20T08:39:49.114+0000][gc,phases   ] GC(48)   Pre Evacuate Collection Set: 1.5ms
[2026-04-20T08:39:49.114+0000][gc,phases   ] GC(48)   Merge Heap Roots: 0.6ms
[2026-04-20T08:39:49.115+0000][gc,phases   ] GC(48)   Evacuate Collection Set: 4.6ms
[2026-04-20T08:39:49.115+0000][gc,phases   ] GC(48)   Post Evacuate Collection Set: 3.2ms
[2026-04-20T08:39:49.116+0000][gc,phases   ] GC(48)   Other: 2.2ms
[2026-04-20T08:39:49.116+0000][gc,heap     ] GC(48) Eden regions: 509->0(510)
[2026-04-20T08:39:49.117+0000][gc,heap     ] GC(48) Survivor regions: 3->2(64)
[2026-04-20T08:39:49.117+0000][gc,heap     ] GC(48) Old regions: 126->126
[2026-04-20T08:39:49.117+0000][gc,heap     ] GC(48) Archive regions: 2->2
[2026-04-20T08:39:49.118+0000][gc,heap     ] GC(48) Humongous regions: 4->4
[2026-04-20T08:39:49.118+0000][gc,metaspace] GC(48) Metaspace: 90591K(91456K)->90591K(91456K) NonClass: 79798K(80192K)->79798K(80192K) Class: 10793K(11264K)->10793K(11264K)
[2026-04-20T08:39:49.118+0000][gc          ] GC(48) Pause Young (Normal) (G1 Evacuation Pause) 641M->132M(1024M) 15.727ms
[2026-04-20T08:39:49.119+0000][gc,cpu      ] GC(48) User=0.06s Sys=0.02s Real=0.02s
[2026-04-20T09:10:50.823+0000][gc,start    ] GC(49) Pause Young (Normal) (G1 Evacuation Pause)
[2026-04-20T09:10:50.823+0000][gc,task     ] GC(49) Using 15 workers of 15 for evacuation
[2026-04-20T09:10:50.833+0000][gc,phases   ] GC(49)   Pre Evacuate Collection Set: 0.8ms
[2026-04-20T09:10:50.833+0000][gc,phases   ] GC(49)   Merge Heap Roots: 0.4ms
[2026-04-20T09:10:50.834+0000][gc,phases   ] GC(49)   Evacuate Collection Set: 4.8ms
[2026-04-20T09:10:50.834+0000][gc,phases   ] GC(49)   Post Evacuate Collection Set: 2.8ms
[2026-04-20T09:10:50.835+0000][gc,phases   ] GC(49)   Other: 2.1ms
[2026-04-20T09:10:50.835+0000][gc,heap     ] GC(49) Eden regions: 510->0(510)
[2026-04-20T09:10:50.835+0000][gc,heap     ] GC(49) Survivor regions: 2->2(64)
[2026-04-20T09:10:50.836+0000][gc,heap     ] GC(49) Old regions: 126->126
[2026-04-20T09:10:50.836+0000][gc,heap     ] GC(49) Archive regions: 2->2
[2026-04-20T09:10:50.837+0000][gc,heap     ] GC(49) Humongous regions: 4->4
[2026-04-20T09:10:50.837+0000][gc,metaspace] GC(49) Metaspace: 90617K(91520K)->90617K(91520K) NonClass: 79824K(80256K)->79824K(80256K) Class: 10793K(11264K)->10793K(11264K)
[2026-04-20T09:10:50.838+0000][gc          ] GC(49) Pause Young (Normal) (G1 Evacuation Pause) 642M->132M(1024M) 15.002ms
[2026-04-20T09:10:50.839+0000][gc,cpu      ] GC(49) User=0.06s Sys=0.00s Real=0.02s
[2026-04-20T09:41:32.391+0000][gc,start    ] GC(50) Pause Young (Normal) (G1 Evacuation Pause)
[2026-04-20T09:41:32.392+0000][gc,task     ] GC(50) Using 15 workers of 15 for evacuation
[2026-04-20T09:41:32.399+0000][gc,phases   ] GC(50)   Pre Evacuate Collection Set: 0.9ms
[2026-04-20T09:41:32.400+0000][gc,phases   ] GC(50)   Merge Heap Roots: 0.5ms
[2026-04-20T09:41:32.400+0000][gc,phases   ] GC(50)   Evacuate Collection Set: 3.7ms
[2026-04-20T09:41:32.400+0000][gc,phases   ] GC(50)   Post Evacuate Collection Set: 1.7ms
[2026-04-20T09:41:32.401+0000][gc,phases   ] GC(50)   Other: 1.7ms
[2026-04-20T09:41:32.401+0000][gc,heap     ] GC(50) Eden regions: 510->0(510)
[2026-04-20T09:41:32.401+0000][gc,heap     ] GC(50) Survivor regions: 2->2(64)
[2026-04-20T09:41:32.401+0000][gc,heap     ] GC(50) Old regions: 126->127
[2026-04-20T09:41:32.402+0000][gc,heap     ] GC(50) Archive regions: 2->2
[2026-04-20T09:41:32.402+0000][gc,heap     ] GC(50) Humongous regions: 4->4
[2026-04-20T09:41:32.402+0000][gc,metaspace] GC(50) Metaspace: 90650K(91520K)->90650K(91520K) NonClass: 79857K(80256K)->79857K(80256K) Class: 10793K(11264K)->10793K(11264K)
[2026-04-20T09:41:32.402+0000][gc          ] GC(50) Pause Young (Normal) (G1 Evacuation Pause) 642M->132M(1024M) 11.104ms
[2026-04-20T09:41:32.403+0000][gc,cpu      ] GC(50) User=0.05s Sys=0.00s Real=0.01s
[2026-04-20T10:12:28.835+0000][gc,start    ] GC(51) Pause Young (Normal) (G1 Evacuation Pause)
[2026-04-20T10:12:28.835+0000][gc,task     ] GC(51) Using 15 workers of 15 for evacuation
[2026-04-20T10:12:28.843+0000][gc,phases   ] GC(51)   Pre Evacuate Collection Set: 0.8ms
[2026-04-20T10:12:28.844+0000][gc,phases   ] GC(51)   Merge Heap Roots: 0.4ms
[2026-04-20T10:12:28.844+0000][gc,phases   ] GC(51)   Evacuate Collection Set: 3.5ms
[2026-04-20T10:12:28.844+0000][gc,phases   ] GC(51)   Post Evacuate Collection Set: 2.8ms
[2026-04-20T10:12:28.845+0000][gc,phases   ] GC(51)   Other: 1.4ms
[2026-04-20T10:12:28.845+0000][gc,heap     ] GC(51) Eden regions: 510->0(510)
[2026-04-20T10:12:28.845+0000][gc,heap     ] GC(51) Survivor regions: 2->2(64)
[2026-04-20T10:12:28.845+0000][gc,heap     ] GC(51) Old regions: 127->127
[2026-04-20T10:12:28.846+0000][gc,heap     ] GC(51) Archive regions: 2->2
[2026-04-20T10:12:28.846+0000][gc,heap     ] GC(51) Humongous regions: 4->4
[2026-04-20T10:12:28.846+0000][gc,metaspace] GC(51) Metaspace: 90789K(91712K)->90789K(91712K) NonClass: 79995K(80448K)->79995K(80448K) Class: 10794K(11264K)->10794K(11264K)
[2026-04-20T10:12:28.846+0000][gc          ] GC(51) Pause Young (Normal) (G1 Evacuation Pause) 642M->132M(1024M) 11.286ms
[2026-04-20T10:12:28.847+0000][gc,cpu      ] GC(51) User=0.05s Sys=0.00s Real=0.02s
[2026-04-20T10:43:27.739+0000][gc,start    ] GC(52) Pause Young (Normal) (G1 Evacuation Pause)
[2026-04-20T10:43:27.739+0000][gc,task     ] GC(52) Using 15 workers of 15 for evacuation
[2026-04-20T10:43:27.746+0000][gc,phases   ] GC(52)   Pre Evacuate Collection Set: 0.6ms
[2026-04-20T10:43:27.747+0000][gc,phases   ] GC(52)   Merge Heap Roots: 0.3ms
[2026-04-20T10:43:27.747+0000][gc,phases   ] GC(52)   Evacuate Collection Set: 2.8ms
[2026-04-20T10:43:27.747+0000][gc,phases   ] GC(52)   Post Evacuate Collection Set: 2.5ms
[2026-04-20T10:43:27.748+0000][gc,phases   ] GC(52)   Other: 1.4ms
[2026-04-20T10:43:27.748+0000][gc,heap     ] GC(52) Eden regions: 510->0(510)
[2026-04-20T10:43:27.748+0000][gc,heap     ] GC(52) Survivor regions: 2->2(64)
[2026-04-20T10:43:27.748+0000][gc,heap     ] GC(52) Old regions: 127->127
[2026-04-20T10:43:27.748+0000][gc,heap     ] GC(52) Archive regions: 2->2
[2026-04-20T10:43:27.748+0000][gc,heap     ] GC(52) Humongous regions: 4->4
[2026-04-20T10:43:27.749+0000][gc,metaspace] GC(52) Metaspace: 90815K(91712K)->90815K(91712K) NonClass: 80021K(80448K)->80021K(80448K) Class: 10794K(11264K)->10794K(11264K)
[2026-04-20T10:43:27.749+0000][gc          ] GC(52) Pause Young (Normal) (G1 Evacuation Pause) 642M->132M(1024M) 10.023ms
[2026-04-20T10:43:27.749+0000][gc,cpu      ] GC(52) User=0.03s Sys=0.01s Real=0.01s
[2026-04-20T11:14:19.917+0000][gc,start    ] GC(53) Pause Young (Normal) (G1 Evacuation Pause)
[2026-04-20T11:14:19.917+0000][gc,task     ] GC(53) Using 15 workers of 15 for evacuation
[2026-04-20T11:14:19.923+0000][gc,phases   ] GC(53)   Pre Evacuate Collection Set: 0.6ms
[2026-04-20T11:14:19.924+0000][gc,phases   ] GC(53)   Merge Heap Roots: 0.3ms
[2026-04-20T11:14:19.924+0000][gc,phases   ] GC(53)   Evacuate Collection Set: 2.6ms
[2026-04-20T11:14:19.924+0000][gc,phases   ] GC(53)   Post Evacuate Collection Set: 2.0ms
[2026-04-20T11:14:19.924+0000][gc,phases   ] GC(53)   Other: 0.8ms
[2026-04-20T11:14:19.924+0000][gc,heap     ] GC(53) Eden regions: 510->0(510)
[2026-04-20T11:14:19.928+0000][gc,heap     ] GC(53) Survivor regions: 2->2(64)
[2026-04-20T11:14:19.933+0000][gc,heap     ] GC(53) Old regions: 127->127
[2026-04-20T11:14:19.933+0000][gc,heap     ] GC(53) Archive regions: 2->2
[2026-04-20T11:14:19.933+0000][gc,heap     ] GC(53) Humongous regions: 4->4
[2026-04-20T11:14:19.933+0000][gc,metaspace] GC(53) Metaspace: 90838K(91712K)->90838K(91712K) NonClass: 80044K(80448K)->80044K(80448K) Class: 10794K(11264K)->10794K(11264K)
[2026-04-20T11:14:19.934+0000][gc          ] GC(53) Pause Young (Normal) (G1 Evacuation Pause) 642M->132M(1024M) 16.586ms
[2026-04-20T11:14:19.934+0000][gc,cpu      ] GC(53) User=0.02s Sys=0.01s Real=0.02s
[2026-04-20T15:29:37.976+0000][gc,start    ] GC(54) Pause Young (Normal) (G1 Evacuation Pause)
[2026-04-20T15:29:37.976+0000][gc,task     ] GC(54) Using 15 workers of 15 for evacuation
[2026-04-20T15:29:37.983+0000][gc,phases   ] GC(54)   Pre Evacuate Collection Set: 0.6ms
[2026-04-20T15:29:37.983+0000][gc,phases   ] GC(54)   Merge Heap Roots: 0.3ms
[2026-04-20T15:29:37.983+0000][gc,phases   ] GC(54)   Evacuate Collection Set: 3.6ms
[2026-04-20T15:29:37.983+0000][gc,phases   ] GC(54)   Post Evacuate Collection Set: 1.8ms
[2026-04-20T15:29:37.983+0000][gc,phases   ] GC(54)   Other: 1.1ms
[2026-04-20T15:29:37.984+0000][gc,heap     ] GC(54) Eden regions: 510->0(510)
[2026-04-20T15:29:37.984+0000][gc,heap     ] GC(54) Survivor regions: 2->2(64)
[2026-04-20T15:29:37.984+0000][gc,heap     ] GC(54) Old regions: 127->127
[2026-04-20T15:29:37.984+0000][gc,heap     ] GC(54) Archive regions: 2->2
[2026-04-20T15:29:37.984+0000][gc,heap     ] GC(54) Humongous regions: 4->4
[2026-04-20T15:29:37.984+0000][gc,metaspace] GC(54) Metaspace: 90887K(91776K)->90887K(91776K) NonClass: 80093K(80512K)->80093K(80512K) Class: 10794K(11264K)->10794K(11264K)
[2026-04-20T15:29:37.984+0000][gc          ] GC(54) Pause Young (Normal) (G1 Evacuation Pause) 642M->133M(1024M) 8.785ms
[2026-04-20T15:29:37.985+0000][gc,cpu      ] GC(54) User=0.04s Sys=0.00s Real=0.00s
[2026-04-20T16:00:36.611+0000][gc,start    ] GC(55) Pause Young (Normal) (G1 Evacuation Pause)
[2026-04-20T16:00:36.611+0000][gc,task     ] GC(55) Using 15 workers of 15 for evacuation
[2026-04-20T16:00:36.633+0000][gc,phases   ] GC(55)   Pre Evacuate Collection Set: 2.9ms
[2026-04-20T16:00:36.633+0000][gc,phases   ] GC(55)   Merge Heap Roots: 0.6ms
[2026-04-20T16:00:36.634+0000][gc,phases   ] GC(55)   Evacuate Collection Set: 13.7ms
[2026-04-20T16:00:36.634+0000][gc,phases   ] GC(55)   Post Evacuate Collection Set: 2.9ms
[2026-04-20T16:00:36.634+0000][gc,phases   ] GC(55)   Other: 4.8ms
[2026-04-20T16:00:36.634+0000][gc,heap     ] GC(55) Eden regions: 510->0(510)
[2026-04-20T16:00:36.634+0000][gc,heap     ] GC(55) Survivor regions: 2->2(64)
[2026-04-20T16:00:36.634+0000][gc,heap     ] GC(55) Old regions: 127->127
[2026-04-20T16:00:36.634+0000][gc,heap     ] GC(55) Archive regions: 2->2
[2026-04-20T16:00:36.635+0000][gc,heap     ] GC(55) Humongous regions: 4->4
[2026-04-20T16:00:36.635+0000][gc,metaspace] GC(55) Metaspace: 90898K(91776K)->90898K(91776K) NonClass: 80104K(80512K)->80104K(80512K) Class: 10794K(11264K)->10794K(11264K)
[2026-04-20T16:00:36.635+0000][gc          ] GC(55) Pause Young (Normal) (G1 Evacuation Pause) 643M->132M(1024M) 23.992ms
[2026-04-20T16:00:36.635+0000][gc,cpu      ] GC(55) User=0.20s Sys=0.02s Real=0.02s
[2026-04-20T16:30:58.189+0000][gc,start    ] GC(56) Pause Young (Normal) (G1 Evacuation Pause)
[2026-04-20T16:30:58.190+0000][gc,task     ] GC(56) Using 15 workers of 15 for evacuation
[2026-04-20T16:30:58.197+0000][gc,phases   ] GC(56)   Pre Evacuate Collection Set: 1.0ms
[2026-04-20T16:30:58.198+0000][gc,phases   ] GC(56)   Merge Heap Roots: 0.4ms
[2026-04-20T16:30:58.198+0000][gc,phases   ] GC(56)   Evacuate Collection Set: 4.4ms
[2026-04-20T16:30:58.198+0000][gc,phases   ] GC(56)   Post Evacuate Collection Set: 1.4ms
[2026-04-20T16:30:58.199+0000][gc,phases   ] GC(56)   Other: 1.6ms
[2026-04-20T16:30:58.199+0000][gc,heap     ] GC(56) Eden regions: 510->0(509)
[2026-04-20T16:30:58.199+0000][gc,heap     ] GC(56) Survivor regions: 2->3(64)
[2026-04-20T16:30:58.199+0000][gc,heap     ] GC(56) Old regions: 127->127
[2026-04-20T16:30:58.200+0000][gc,heap     ] GC(56) Archive regions: 2->2
[2026-04-20T16:30:58.200+0000][gc,heap     ] GC(56) Humongous regions: 4->4
[2026-04-20T16:30:58.200+0000][gc,metaspace] GC(56) Metaspace: 90971K(91840K)->90971K(91840K) NonClass: 80177K(80576K)->80177K(80576K) Class: 10794K(11264K)->10794K(11264K)
[2026-04-20T16:30:58.200+0000][gc          ] GC(56) Pause Young (Normal) (G1 Evacuation Pause) 642M->133M(1024M) 10.855ms
[2026-04-20T16:30:58.200+0000][gc,cpu      ] GC(56) User=0.04s Sys=0.01s Real=0.01s
[2026-04-20T17:02:03.957+0000][gc,start    ] GC(57) Pause Young (Normal) (G1 Evacuation Pause)
[2026-04-20T17:02:03.958+0000][gc,task     ] GC(57) Using 15 workers of 15 for evacuation
[2026-04-20T17:02:03.968+0000][gc,phases   ] GC(57)   Pre Evacuate Collection Set: 0.8ms
[2026-04-20T17:02:03.968+0000][gc,phases   ] GC(57)   Merge Heap Roots: 0.4ms
[2026-04-20T17:02:03.968+0000][gc,phases   ] GC(57)   Evacuate Collection Set: 6.3ms
[2026-04-20T17:02:03.968+0000][gc,phases   ] GC(57)   Post Evacuate Collection Set: 2.0ms
[2026-04-20T17:02:03.969+0000][gc,phases   ] GC(57)   Other: 1.2ms
[2026-04-20T17:02:03.969+0000][gc,heap     ] GC(57) Eden regions: 509->0(510)
[2026-04-20T17:02:03.969+0000][gc,heap     ] GC(57) Survivor regions: 3->2(64)
[2026-04-20T17:02:03.969+0000][gc,heap     ] GC(57) Old regions: 127->127
[2026-04-20T17:02:03.970+0000][gc,heap     ] GC(57) Archive regions: 2->2
[2026-04-20T17:02:03.970+0000][gc,heap     ] GC(57) Humongous regions: 4->4
[2026-04-20T17:02:03.970+0000][gc,metaspace] GC(57) Metaspace: 90979K(91840K)->90979K(91840K) NonClass: 80185K(80576K)->80185K(80576K) Class: 10794K(11264K)->10794K(11264K)
[2026-04-20T17:02:03.971+0000][gc          ] GC(57) Pause Young (Normal) (G1 Evacuation Pause) 642M->133M(1024M) 13.596ms
[2026-04-20T17:02:03.971+0000][gc,cpu      ] GC(57) User=0.08s Sys=0.00s Real=0.02s
[2026-04-20T17:33:13.213+0000][gc,start    ] GC(58) Pause Young (Normal) (G1 Evacuation Pause)
[2026-04-20T17:33:13.214+0000][gc,task     ] GC(58) Using 15 workers of 15 for evacuation
[2026-04-20T17:33:13.223+0000][gc,phases   ] GC(58)   Pre Evacuate Collection Set: 1.1ms
[2026-04-20T17:33:13.223+0000][gc,phases   ] GC(58)   Merge Heap Roots: 0.5ms
[2026-04-20T17:33:13.223+0000][gc,phases   ] GC(58)   Evacuate Collection Set: 4.0ms
[2026-04-20T17:33:13.223+0000][gc,phases   ] GC(58)   Post Evacuate Collection Set: 2.3ms
[2026-04-20T17:33:13.224+0000][gc,phases   ] GC(58)   Other: 1.8ms
[2026-04-20T17:33:13.224+0000][gc,heap     ] GC(58) Eden regions: 510->0(510)
[2026-04-20T17:33:13.224+0000][gc,heap     ] GC(58) Survivor regions: 2->2(64)
[2026-04-20T17:33:13.224+0000][gc,heap     ] GC(58) Old regions: 127->127
[2026-04-20T17:33:13.225+0000][gc,heap     ] GC(58) Archive regions: 2->2
[2026-04-20T17:33:13.225+0000][gc,heap     ] GC(58) Humongous regions: 4->4
[2026-04-20T17:33:13.225+0000][gc,metaspace] GC(58) Metaspace: 90990K(91904K)->90990K(91904K) NonClass: 80196K(80640K)->80196K(80640K) Class: 10794K(11264K)->10794K(11264K)
[2026-04-20T17:33:13.225+0000][gc          ] GC(58) Pause Young (Normal) (G1 Evacuation Pause) 643M->133M(1024M) 12.133ms
[2026-04-20T17:33:13.226+0000][gc,cpu      ] GC(58) User=0.04s Sys=0.01s Real=0.01s
[2026-04-20T18:04:16.579+0000][gc,start    ] GC(59) Pause Young (Normal) (G1 Evacuation Pause)
[2026-04-20T18:04:16.579+0000][gc,task     ] GC(59) Using 15 workers of 15 for evacuation
[2026-04-20T18:04:16.593+0000][gc,phases   ] GC(59)   Pre Evacuate Collection Set: 1.8ms
[2026-04-20T18:04:16.593+0000][gc,phases   ] GC(59)   Merge Heap Roots: 0.6ms
[2026-04-20T18:04:16.594+0000][gc,phases   ] GC(59)   Evacuate Collection Set: 6.6ms
[2026-04-20T18:04:16.594+0000][gc,phases   ] GC(59)   Post Evacuate Collection Set: 3.4ms
[2026-04-20T18:04:16.595+0000][gc,phases   ] GC(59)   Other: 4.1ms
[2026-04-20T18:04:16.595+0000][gc,heap     ] GC(59) Eden regions: 510->0(510)
[2026-04-20T18:04:16.595+0000][gc,heap     ] GC(59) Survivor regions: 2->2(64)
[2026-04-20T18:04:16.595+0000][gc,heap     ] GC(59) Old regions: 127->127
[2026-04-20T18:04:16.596+0000][gc,heap     ] GC(59) Archive regions: 2->2
[2026-04-20T18:04:16.596+0000][gc,heap     ] GC(59) Humongous regions: 4->4
[2026-04-20T18:04:16.596+0000][gc,metaspace] GC(59) Metaspace: 91025K(91968K)->91025K(91968K) NonClass: 80231K(80704K)->80231K(80704K) Class: 10794K(11264K)->10794K(11264K)
[2026-04-20T18:04:16.596+0000][gc          ] GC(59) Pause Young (Normal) (G1 Evacuation Pause) 643M->133M(1024M) 17.741ms
[2026-04-20T18:04:16.597+0000][gc,cpu      ] GC(59) User=0.11s Sys=0.00s Real=0.02s
[2026-04-21T01:30:45.272+0000][gc,start    ] GC(60) Pause Young (Normal) (G1 Evacuation Pause)
[2026-04-21T01:30:45.272+0000][gc,task     ] GC(60) Using 15 workers of 15 for evacuation
[2026-04-21T01:30:45.280+0000][gc,phases   ] GC(60)   Pre Evacuate Collection Set: 0.9ms
[2026-04-21T01:30:45.281+0000][gc,phases   ] GC(60)   Merge Heap Roots: 0.4ms
[2026-04-21T01:30:45.281+0000][gc,phases   ] GC(60)   Evacuate Collection Set: 4.5ms
[2026-04-21T01:30:45.282+0000][gc,phases   ] GC(60)   Post Evacuate Collection Set: 1.5ms
[2026-04-21T01:30:45.282+0000][gc,phases   ] GC(60)   Other: 1.5ms
[2026-04-21T01:30:45.283+0000][gc,heap     ] GC(60) Eden regions: 510->0(509)
[2026-04-21T01:30:45.283+0000][gc,heap     ] GC(60) Survivor regions: 2->3(64)
[2026-04-21T01:30:45.284+0000][gc,heap     ] GC(60) Old regions: 127->127
[2026-04-21T01:30:45.284+0000][gc,heap     ] GC(60) Archive regions: 2->2
[2026-04-21T01:30:45.284+0000][gc,heap     ] GC(60) Humongous regions: 4->4
[2026-04-21T01:30:45.285+0000][gc,metaspace] GC(60) Metaspace: 91099K(92032K)->91099K(92032K) NonClass: 80304K(80768K)->80304K(80768K) Class: 10794K(11264K)->10794K(11264K)
[2026-04-21T01:30:45.285+0000][gc          ] GC(60) Pause Young (Normal) (G1 Evacuation Pause) 643M->133M(1024M) 13.396ms
[2026-04-21T01:30:45.286+0000][gc,cpu      ] GC(60) User=0.07s Sys=0.00s Real=0.01s
[2026-04-21T02:01:52.369+0000][gc,start    ] GC(61) Pause Young (Normal) (G1 Evacuation Pause)
[2026-04-21T02:01:52.371+0000][gc,task     ] GC(61) Using 15 workers of 15 for evacuation
[2026-04-21T02:01:52.393+0000][gc,phases   ] GC(61)   Pre Evacuate Collection Set: 7.7ms
[2026-04-21T02:01:52.393+0000][gc,phases   ] GC(61)   Merge Heap Roots: 0.7ms
[2026-04-21T02:01:52.393+0000][gc,phases   ] GC(61)   Evacuate Collection Set: 8.6ms
[2026-04-21T02:01:52.393+0000][gc,phases   ] GC(61)   Post Evacuate Collection Set: 3.3ms
[2026-04-21T02:01:52.394+0000][gc,phases   ] GC(61)   Other: 8.3ms
[2026-04-21T02:01:52.394+0000][gc,heap     ] GC(61) Eden regions: 509->0(510)
[2026-04-21T02:01:52.394+0000][gc,heap     ] GC(61) Survivor regions: 3->2(64)
[2026-04-21T02:01:52.395+0000][gc,heap     ] GC(61) Old regions: 127->127
[2026-04-21T02:01:52.395+0000][gc,heap     ] GC(61) Archive regions: 2->2
[2026-04-21T02:01:52.395+0000][gc,heap     ] GC(61) Humongous regions: 4->4
[2026-04-21T02:01:52.395+0000][gc,metaspace] GC(61) Metaspace: 91100K(92032K)->91100K(92032K) NonClass: 80305K(80768K)->80305K(80768K) Class: 10794K(11264K)->10794K(11264K)
[2026-04-21T02:01:52.396+0000][gc          ] GC(61) Pause Young (Normal) (G1 Evacuation Pause) 642M->133M(1024M) 26.256ms
[2026-04-21T02:01:52.396+0000][gc,cpu      ] GC(61) User=0.14s Sys=0.03s Real=0.03s
[2026-04-21T02:33:05.064+0000][gc,start    ] GC(62) Pause Young (Normal) (G1 Evacuation Pause)
[2026-04-21T02:33:05.064+0000][gc,task     ] GC(62) Using 15 workers of 15 for evacuation
[2026-04-21T02:33:05.072+0000][gc,phases   ] GC(62)   Pre Evacuate Collection Set: 0.6ms
[2026-04-21T02:33:05.072+0000][gc,phases   ] GC(62)   Merge Heap Roots: 0.3ms
[2026-04-21T02:33:05.072+0000][gc,phases   ] GC(62)   Evacuate Collection Set: 2.9ms
[2026-04-21T02:33:05.073+0000][gc,phases   ] GC(62)   Post Evacuate Collection Set: 1.3ms
[2026-04-21T02:33:05.073+0000][gc,phases   ] GC(62)   Other: 3.6ms
[2026-04-21T02:33:05.073+0000][gc,heap     ] GC(62) Eden regions: 510->0(510)
[2026-04-21T02:33:05.073+0000][gc,heap     ] GC(62) Survivor regions: 2->2(64)
[2026-04-21T02:33:05.073+0000][gc,heap     ] GC(62) Old regions: 127->127
[2026-04-21T02:33:05.073+0000][gc,heap     ] GC(62) Archive regions: 2->2
[2026-04-21T02:33:05.073+0000][gc,heap     ] GC(62) Humongous regions: 4->4
[2026-04-21T02:33:05.073+0000][gc,metaspace] GC(62) Metaspace: 91100K(92032K)->91100K(92032K) NonClass: 80305K(80768K)->80305K(80768K) Class: 10794K(11264K)->10794K(11264K)
[2026-04-21T02:33:05.073+0000][gc          ] GC(62) Pause Young (Normal) (G1 Evacuation Pause) 643M->133M(1024M) 9.698ms
[2026-04-21T02:33:05.074+0000][gc,cpu      ] GC(62) User=0.03s Sys=0.01s Real=0.01s
[2026-04-21T05:48:57.390+0000][gc,start    ] GC(63) Pause Young (Normal) (G1 Evacuation Pause)
[2026-04-21T05:48:57.391+0000][gc,task     ] GC(63) Using 15 workers of 15 for evacuation
[2026-04-21T05:48:57.405+0000][gc,phases   ] GC(63)   Pre Evacuate Collection Set: 0.9ms
[2026-04-21T05:48:57.406+0000][gc,phases   ] GC(63)   Merge Heap Roots: 0.4ms
[2026-04-21T05:48:57.406+0000][gc,phases   ] GC(63)   Evacuate Collection Set: 11.0ms
[2026-04-21T05:48:57.407+0000][gc,phases   ] GC(63)   Post Evacuate Collection Set: 1.2ms
[2026-04-21T05:48:57.407+0000][gc,phases   ] GC(63)   Other: 1.7ms
[2026-04-21T05:48:57.408+0000][gc,heap     ] GC(63) Eden regions: 510->0(508)
[2026-04-21T05:48:57.408+0000][gc,heap     ] GC(63) Survivor regions: 2->4(64)
[2026-04-21T05:48:57.409+0000][gc,heap     ] GC(63) Old regions: 127->127
[2026-04-21T05:48:57.409+0000][gc,heap     ] GC(63) Archive regions: 2->2
[2026-04-21T05:48:57.410+0000][gc,heap     ] GC(63) Humongous regions: 16->16
[2026-04-21T05:48:57.410+0000][gc,metaspace] GC(63) Metaspace: 91136K(92032K)->91136K(92032K) NonClass: 80341K(80768K)->80341K(80768K) Class: 10794K(11264K)->10794K(11264K)
[2026-04-21T05:48:57.411+0000][gc          ] GC(63) Pause Young (Normal) (G1 Evacuation Pause) 655M->146M(1024M) 20.451ms
[2026-04-21T05:48:57.411+0000][gc,cpu      ] GC(63) User=0.08s Sys=0.00s Real=0.02s
[2026-04-21T06:22:27.700+0000][gc,start    ] GC(64) Pause Young (Normal) (G1 Evacuation Pause)
[2026-04-21T06:22:27.700+0000][gc,task     ] GC(64) Using 15 workers of 15 for evacuation
[2026-04-21T06:22:27.711+0000][gc,phases   ] GC(64)   Pre Evacuate Collection Set: 0.7ms
[2026-04-21T06:22:27.712+0000][gc,phases   ] GC(64)   Merge Heap Roots: 0.5ms
[2026-04-21T06:22:27.712+0000][gc,phases   ] GC(64)   Evacuate Collection Set: 7.4ms
[2026-04-21T06:22:27.712+0000][gc,phases   ] GC(64)   Post Evacuate Collection Set: 2.0ms
[2026-04-21T06:22:27.712+0000][gc,phases   ] GC(64)   Other: 1.1ms
[2026-04-21T06:22:27.713+0000][gc,heap     ] GC(64) Eden regions: 508->0(509)
[2026-04-21T06:22:27.713+0000][gc,heap     ] GC(64) Survivor regions: 4->3(64)
[2026-04-21T06:22:27.713+0000][gc,heap     ] GC(64) Old regions: 127->127
[2026-04-21T06:22:27.714+0000][gc,heap     ] GC(64) Archive regions: 2->2
[2026-04-21T06:22:27.714+0000][gc,heap     ] GC(64) Humongous regions: 16->16
[2026-04-21T06:22:27.714+0000][gc,metaspace] GC(64) Metaspace: 91139K(92032K)->91139K(92032K) NonClass: 80344K(80768K)->80344K(80768K) Class: 10794K(11264K)->10794K(11264K)
[2026-04-21T06:22:27.715+0000][gc          ] GC(64) Pause Young (Normal) (G1 Evacuation Pause) 654M->146M(1024M) 15.050ms
[2026-04-21T06:22:27.715+0000][gc,cpu      ] GC(64) User=0.04s Sys=0.02s Real=0.01s
[2026-04-21T07:02:34.126+0000][gc,start    ] GC(65) Pause Young (Normal) (G1 Evacuation Pause)
[2026-04-21T07:02:34.126+0000][gc,task     ] GC(65) Using 15 workers of 15 for evacuation
[2026-04-21T07:02:34.135+0000][gc,phases   ] GC(65)   Pre Evacuate Collection Set: 0.6ms
[2026-04-21T07:02:34.135+0000][gc,phases   ] GC(65)   Merge Heap Roots: 0.4ms
[2026-04-21T07:02:34.136+0000][gc,phases   ] GC(65)   Evacuate Collection Set: 4.8ms
[2026-04-21T07:02:34.136+0000][gc,phases   ] GC(65)   Post Evacuate Collection Set: 2.6ms
[2026-04-21T07:02:34.136+0000][gc,phases   ] GC(65)   Other: 1.4ms
[2026-04-21T07:02:34.136+0000][gc,heap     ] GC(65) Eden regions: 509->0(509)
[2026-04-21T07:02:34.136+0000][gc,heap     ] GC(65) Survivor regions: 3->3(64)
[2026-04-21T07:02:34.136+0000][gc,heap     ] GC(65) Old regions: 127->127
[2026-04-21T07:02:34.137+0000][gc,heap     ] GC(65) Archive regions: 2->2
[2026-04-21T07:02:34.137+0000][gc,heap     ] GC(65) Humongous regions: 16->16
[2026-04-21T07:02:34.137+0000][gc,metaspace] GC(65) Metaspace: 91140K(92032K)->91140K(92032K) NonClass: 80345K(80768K)->80345K(80768K) Class: 10794K(11264K)->10794K(11264K)
[2026-04-21T07:02:34.137+0000][gc          ] GC(65) Pause Young (Normal) (G1 Evacuation Pause) 655M->146M(1024M) 11.543ms
[2026-04-21T07:02:34.137+0000][gc,cpu      ] GC(65) User=0.05s Sys=0.00s Real=0.01s
[2026-04-21T09:46:53.468+0000][gc,start    ] GC(66) Pause Young (Normal) (G1 Evacuation Pause)
[2026-04-21T09:46:53.469+0000][gc,task     ] GC(66) Using 15 workers of 15 for evacuation
[2026-04-21T09:46:53.475+0000][gc,phases   ] GC(66)   Pre Evacuate Collection Set: 0.8ms
[2026-04-21T09:46:53.475+0000][gc,phases   ] GC(66)   Merge Heap Roots: 0.3ms
[2026-04-21T09:46:53.476+0000][gc,phases   ] GC(66)   Evacuate Collection Set: 3.6ms
[2026-04-21T09:46:53.476+0000][gc,phases   ] GC(66)   Post Evacuate Collection Set: 1.1ms
[2026-04-21T09:46:53.476+0000][gc,phases   ] GC(66)   Other: 1.3ms
[2026-04-21T09:46:53.476+0000][gc,heap     ] GC(66) Eden regions: 509->0(509)
[2026-04-21T09:46:53.477+0000][gc,heap     ] GC(66) Survivor regions: 3->3(64)
[2026-04-21T09:46:53.477+0000][gc,heap     ] GC(66) Old regions: 127->127
[2026-04-21T09:46:53.477+0000][gc,heap     ] GC(66) Archive regions: 2->2
[2026-04-21T09:46:53.477+0000][gc,heap     ] GC(66) Humongous regions: 16->16
[2026-04-21T09:46:53.477+0000][gc,metaspace] GC(66) Metaspace: 91140K(92032K)->91140K(92032K) NonClass: 80345K(80768K)->80345K(80768K) Class: 10794K(11264K)->10794K(11264K)
[2026-04-21T09:46:53.477+0000][gc          ] GC(66) Pause Young (Normal) (G1 Evacuation Pause) 655M->146M(1024M) 9.426ms
[2026-04-21T09:46:53.478+0000][gc,cpu      ] GC(66) User=0.03s Sys=0.01s Real=0.01s
[2026-04-21T10:18:59.022+0000][gc,start    ] GC(67) Pause Young (Normal) (G1 Evacuation Pause)
[2026-04-21T10:18:59.022+0000][gc,task     ] GC(67) Using 15 workers of 15 for evacuation
[2026-04-21T10:18:59.030+0000][gc,phases   ] GC(67)   Pre Evacuate Collection Set: 0.8ms
[2026-04-21T10:18:59.031+0000][gc,phases   ] GC(67)   Merge Heap Roots: 0.7ms
[2026-04-21T10:18:59.031+0000][gc,phases   ] GC(67)   Evacuate Collection Set: 5.1ms
[2026-04-21T10:18:59.031+0000][gc,phases   ] GC(67)   Post Evacuate Collection Set: 1.3ms
[2026-04-21T10:18:59.031+0000][gc,phases   ] GC(67)   Other: 1.3ms
[2026-04-21T10:18:59.031+0000][gc,heap     ] GC(67) Eden regions: 509->0(509)
[2026-04-21T10:18:59.031+0000][gc,heap     ] GC(67) Survivor regions: 3->3(64)
[2026-04-21T10:18:59.032+0000][gc,heap     ] GC(67) Old regions: 127->127
[2026-04-21T10:18:59.032+0000][gc,heap     ] GC(67) Archive regions: 2->2
[2026-04-21T10:18:59.032+0000][gc,heap     ] GC(67) Humongous regions: 16->16
[2026-04-21T10:18:59.032+0000][gc,metaspace] GC(67) Metaspace: 91140K(92032K)->91140K(92032K) NonClass: 80345K(80768K)->80345K(80768K) Class: 10794K(11264K)->10794K(11264K)
[2026-04-21T10:18:59.033+0000][gc          ] GC(67) Pause Young (Normal) (G1 Evacuation Pause) 655M->146M(1024M) 10.993ms
[2026-04-21T10:18:59.033+0000][gc,cpu      ] GC(67) User=0.05s Sys=0.00s Real=0.01s
[2026-04-21T10:50:02.528+0000][gc,start    ] GC(68) Pause Young (Normal) (G1 Evacuation Pause)
[2026-04-21T10:50:02.529+0000][gc,task     ] GC(68) Using 15 workers of 15 for evacuation
[2026-04-21T10:50:02.538+0000][gc,phases   ] GC(68)   Pre Evacuate Collection Set: 0.7ms
[2026-04-21T10:50:02.538+0000][gc,phases   ] GC(68)   Merge Heap Roots: 0.9ms
[2026-04-21T10:50:02.538+0000][gc,phases   ] GC(68)   Evacuate Collection Set: 4.6ms
[2026-04-21T10:50:02.539+0000][gc,phases   ] GC(68)   Post Evacuate Collection Set: 1.9ms
[2026-04-21T10:50:02.539+0000][gc,phases   ] GC(68)   Other: 1.6ms
[2026-04-21T10:50:02.539+0000][gc,heap     ] GC(68) Eden regions: 509->0(509)
[2026-04-21T10:50:02.539+0000][gc,heap     ] GC(68) Survivor regions: 3->3(64)
[2026-04-21T10:50:02.539+0000][gc,heap     ] GC(68) Old regions: 127->127
[2026-04-21T10:50:02.540+0000][gc,heap     ] GC(68) Archive regions: 2->2
[2026-04-21T10:50:02.540+0000][gc,heap     ] GC(68) Humongous regions: 16->16
[2026-04-21T10:50:02.540+0000][gc,metaspace] GC(68) Metaspace: 91144K(92032K)->91144K(92032K) NonClass: 80349K(80768K)->80349K(80768K) Class: 10794K(11264K)->10794K(11264K)
[2026-04-21T10:50:02.540+0000][gc          ] GC(68) Pause Young (Normal) (G1 Evacuation Pause) 655M->146M(1024M) 11.679ms
[2026-04-21T10:50:02.540+0000][gc,cpu      ] GC(68) User=0.03s Sys=0.01s Real=0.01s
[2026-04-21T11:21:12.617+0000][gc,start    ] GC(69) Pause Young (Normal) (G1 Evacuation Pause)
[2026-04-21T11:21:12.617+0000][gc,task     ] GC(69) Using 15 workers of 15 for evacuation
[2026-04-21T11:21:12.630+0000][gc,phases   ] GC(69)   Pre Evacuate Collection Set: 1.8ms
[2026-04-21T11:21:12.630+0000][gc,phases   ] GC(69)   Merge Heap Roots: 2.8ms
[2026-04-21T11:21:12.631+0000][gc,phases   ] GC(69)   Evacuate Collection Set: 4.8ms
[2026-04-21T11:21:12.631+0000][gc,phases   ] GC(69)   Post Evacuate Collection Set: 2.6ms
[2026-04-21T11:21:12.632+0000][gc,phases   ] GC(69)   Other: 2.6ms
[2026-04-21T11:21:12.632+0000][gc,heap     ] GC(69) Eden regions: 509->0(509)
[2026-04-21T11:21:12.632+0000][gc,heap     ] GC(69) Survivor regions: 3->3(64)
[2026-04-21T11:21:12.633+0000][gc,heap     ] GC(69) Old regions: 127->127
[2026-04-21T11:21:12.633+0000][gc,heap     ] GC(69) Archive regions: 2->2
[2026-04-21T11:21:12.634+0000][gc,heap     ] GC(69) Humongous regions: 16->16
[2026-04-21T11:21:12.634+0000][gc,metaspace] GC(69) Metaspace: 91149K(92032K)->91149K(92032K) NonClass: 80354K(80768K)->80354K(80768K) Class: 10794K(11264K)->10794K(11264K)
[2026-04-21T11:21:12.634+0000][gc          ] GC(69) Pause Young (Normal) (G1 Evacuation Pause) 655M->146M(1024M) 17.444ms
[2026-04-21T11:21:12.635+0000][gc,cpu      ] GC(69) User=0.06s Sys=0.02s Real=0.02s
[2026-04-21T12:05:26.018+0000][gc,start    ] GC(70) Pause Young (Normal) (G1 Evacuation Pause)
[2026-04-21T12:05:26.018+0000][gc,task     ] GC(70) Using 15 workers of 15 for evacuation
[2026-04-21T12:05:26.026+0000][gc,phases   ] GC(70)   Pre Evacuate Collection Set: 0.6ms
[2026-04-21T12:05:26.026+0000][gc,phases   ] GC(70)   Merge Heap Roots: 0.8ms
[2026-04-21T12:05:26.026+0000][gc,phases   ] GC(70)   Evacuate Collection Set: 4.0ms
[2026-04-21T12:05:26.026+0000][gc,phases   ] GC(70)   Post Evacuate Collection Set: 1.5ms
[2026-04-21T12:05:26.027+0000][gc,phases   ] GC(70)   Other: 1.1ms
[2026-04-21T12:05:26.027+0000][gc,heap     ] GC(70) Eden regions: 509->0(509)
[2026-04-21T12:05:26.027+0000][gc,heap     ] GC(70) Survivor regions: 3->3(64)
[2026-04-21T12:05:26.027+0000][gc,heap     ] GC(70) Old regions: 127->127
[2026-04-21T12:05:26.027+0000][gc,heap     ] GC(70) Archive regions: 2->2
[2026-04-21T12:05:26.028+0000][gc,heap     ] GC(70) Humongous regions: 16->16
[2026-04-21T12:05:26.028+0000][gc,metaspace] GC(70) Metaspace: 91160K(92032K)->91160K(92032K) NonClass: 80365K(80768K)->80365K(80768K) Class: 10794K(11264K)->10794K(11264K)
[2026-04-21T12:05:26.028+0000][gc          ] GC(70) Pause Young (Normal) (G1 Evacuation Pause) 655M->146M(1024M) 10.082ms
[2026-04-21T12:05:26.028+0000][gc,cpu      ] GC(70) User=0.03s Sys=0.02s Real=0.01s
[2026-04-21T15:21:04.278+0000][gc,start    ] GC(71) Pause Young (Normal) (G1 Evacuation Pause)
[2026-04-21T15:21:04.279+0000][gc,task     ] GC(71) Using 15 workers of 15 for evacuation
[2026-04-21T15:21:04.287+0000][gc,phases   ] GC(71)   Pre Evacuate Collection Set: 0.8ms
[2026-04-21T15:21:04.287+0000][gc,phases   ] GC(71)   Merge Heap Roots: 0.4ms
[2026-04-21T15:21:04.288+0000][gc,phases   ] GC(71)   Evacuate Collection Set: 4.2ms
[2026-04-21T15:21:04.288+0000][gc,phases   ] GC(71)   Post Evacuate Collection Set: 2.3ms
[2026-04-21T15:21:04.288+0000][gc,phases   ] GC(71)   Other: 0.9ms
[2026-04-21T15:21:04.289+0000][gc,heap     ] GC(71) Eden regions: 509->0(509)
[2026-04-21T15:21:04.289+0000][gc,heap     ] GC(71) Survivor regions: 3->3(64)
[2026-04-21T15:21:04.289+0000][gc,heap     ] GC(71) Old regions: 127->128
[2026-04-21T15:21:04.289+0000][gc,heap     ] GC(71) Archive regions: 2->2
[2026-04-21T15:21:04.290+0000][gc,heap     ] GC(71) Humongous regions: 16->16
[2026-04-21T15:21:04.290+0000][gc,metaspace] GC(71) Metaspace: 91190K(92096K)->91190K(92096K) NonClass: 80395K(80832K)->80395K(80832K) Class: 10794K(11264K)->10794K(11264K)
[2026-04-21T15:21:04.290+0000][gc          ] GC(71) Pause Young (Normal) (G1 Evacuation Pause) 655M->146M(1024M) 12.125ms
[2026-04-21T15:21:04.291+0000][gc,cpu      ] GC(71) User=0.04s Sys=0.00s Real=0.01s
[2026-04-21T15:52:00.052+0000][gc,start    ] GC(72) Pause Young (Normal) (G1 Evacuation Pause)
[2026-04-21T15:52:00.053+0000][gc,task     ] GC(72) Using 15 workers of 15 for evacuation
[2026-04-21T15:52:00.061+0000][gc,phases   ] GC(72)   Pre Evacuate Collection Set: 0.9ms
[2026-04-21T15:52:00.062+0000][gc,phases   ] GC(72)   Merge Heap Roots: 0.7ms
[2026-04-21T15:52:00.063+0000][gc,phases   ] GC(72)   Evacuate Collection Set: 3.8ms
[2026-04-21T15:52:00.063+0000][gc,phases   ] GC(72)   Post Evacuate Collection Set: 2.1ms
[2026-04-21T15:52:00.064+0000][gc,phases   ] GC(72)   Other: 2.3ms
[2026-04-21T15:52:00.064+0000][gc,heap     ] GC(72) Eden regions: 509->0(509)
[2026-04-21T15:52:00.065+0000][gc,heap     ] GC(72) Survivor regions: 3->3(64)
[2026-04-21T15:52:00.065+0000][gc,heap     ] GC(72) Old regions: 128->128
[2026-04-21T15:52:00.066+0000][gc,heap     ] GC(72) Archive regions: 2->2
[2026-04-21T15:52:00.066+0000][gc,heap     ] GC(72) Humongous regions: 16->16
[2026-04-21T15:52:00.067+0000][gc,metaspace] GC(72) Metaspace: 91193K(92096K)->91193K(92096K) NonClass: 80398K(80832K)->80398K(80832K) Class: 10794K(11264K)->10794K(11264K)
[2026-04-21T15:52:00.068+0000][gc          ] GC(72) Pause Young (Normal) (G1 Evacuation Pause) 655M->146M(1024M) 15.368ms
[2026-04-21T15:52:00.068+0000][gc,cpu      ] GC(72) User=0.03s Sys=0.02s Real=0.01s
[2026-04-21T16:22:52.543+0000][gc,start    ] GC(73) Pause Young (Normal) (G1 Evacuation Pause)
[2026-04-21T16:22:52.543+0000][gc,task     ] GC(73) Using 15 workers of 15 for evacuation
[2026-04-21T16:22:52.557+0000][gc,phases   ] GC(73)   Pre Evacuate Collection Set: 1.8ms
[2026-04-21T16:22:52.558+0000][gc,phases   ] GC(73)   Merge Heap Roots: 0.5ms
[2026-04-21T16:22:52.558+0000][gc,phases   ] GC(73)   Evacuate Collection Set: 7.5ms
[2026-04-21T16:22:52.558+0000][gc,phases   ] GC(73)   Post Evacuate Collection Set: 3.5ms
[2026-04-21T16:22:52.559+0000][gc,phases   ] GC(73)   Other: 2.4ms
