[2026-03-26T23:35:03.704+0000][gc] Using G1
[2026-03-26T23:35:03.712+0000][gc,init] Version: 17.0.16+8-alpine-r0 (release)
[2026-03-26T23:35:03.713+0000][gc,init] CPUs: 20 total, 20 available
[2026-03-26T23:35:03.713+0000][gc,init] Memory: 15805M
[2026-03-26T23:35:03.714+0000][gc,init] Large Page Support: Disabled
[2026-03-26T23:35:03.714+0000][gc,init] NUMA Support: Disabled
[2026-03-26T23:35:03.714+0000][gc,init] Compressed Oops: Enabled (32-bit)
[2026-03-26T23:35:03.715+0000][gc,init] Heap Region Size: 1M
[2026-03-26T23:35:03.715+0000][gc,init] Heap Min Capacity: 1G
[2026-03-26T23:35:03.716+0000][gc,init] Heap Initial Capacity: 1G
[2026-03-26T23:35:03.723+0000][gc,init] Heap Max Capacity: 1G
[2026-03-26T23:35:03.723+0000][gc,init] Pre-touch: Disabled
[2026-03-26T23:35:03.723+0000][gc,init] Parallel Workers: 15
[2026-03-26T23:35:03.724+0000][gc,init] Concurrent Workers: 4
[2026-03-26T23:35:03.724+0000][gc,init] Concurrent Refinement Workers: 15
[2026-03-26T23:35:03.725+0000][gc,init] Periodic GC: Disabled
[2026-03-26T23:35:03.740+0000][gc,metaspace] CDS archive(s) mapped at: [0x0000767b83000000-0x0000767b83bc7000-0x0000767b83bc7000), size 12349440, SharedBaseAddress: 0x0000767b83000000, ArchiveRelocationMode: 1.
[2026-03-26T23:35:03.741+0000][gc,metaspace] Compressed class space mapped at: 0x0000767b84000000-0x0000767bc4000000, reserved size: 1073741824
[2026-03-26T23:35:03.741+0000][gc,metaspace] Narrow klass base: 0x0000767b83000000, Narrow klass shift: 0, Narrow klass range: 0x100000000
[2026-03-26T23:35:06.450+0000][gc,start    ] GC(0) Pause Young (Concurrent Start) (Metadata GC Threshold)
[2026-03-26T23:35:06.452+0000][gc,task     ] GC(0) Using 15 workers of 15 for evacuation
[2026-03-26T23:35:06.461+0000][gc,phases   ] GC(0)   Pre Evacuate Collection Set: 0.2ms
[2026-03-26T23:35:06.461+0000][gc,phases   ] GC(0)   Merge Heap Roots: 0.2ms
[2026-03-26T23:35:06.461+0000][gc,phases   ] GC(0)   Evacuate Collection Set: 6.6ms
[2026-03-26T23:35:06.461+0000][gc,phases   ] GC(0)   Post Evacuate Collection Set: 1.4ms
[2026-03-26T23:35:06.462+0000][gc,phases   ] GC(0)   Other: 2.4ms
[2026-03-26T23:35:06.462+0000][gc,heap     ] GC(0) Eden regions: 347->0(493)
[2026-03-26T23:35:06.462+0000][gc,heap     ] GC(0) Survivor regions: 0->19(64)
[2026-03-26T23:35:06.462+0000][gc,heap     ] GC(0) Old regions: 0->0
[2026-03-26T23:35:06.463+0000][gc,heap     ] GC(0) Archive regions: 2->2
[2026-03-26T23:35:06.463+0000][gc,heap     ] GC(0) Humongous regions: 0->0
[2026-03-26T23:35:06.463+0000][gc,metaspace] GC(0) Metaspace: 21134K(21504K)->21134K(21504K) NonClass: 18559K(18752K)->18559K(18752K) Class: 2574K(2752K)->2574K(2752K)
[2026-03-26T23:35:06.463+0000][gc          ] GC(0) Pause Young (Concurrent Start) (Metadata GC Threshold) 347M->19M(1024M) 13.309ms
[2026-03-26T23:35:06.464+0000][gc,cpu      ] GC(0) User=0.07s Sys=0.03s Real=0.01s
[2026-03-26T23:35:06.464+0000][gc          ] GC(1) Concurrent Mark Cycle
[2026-03-26T23:35:06.464+0000][gc,marking  ] GC(1) Concurrent Clear Claimed Marks
[2026-03-26T23:35:06.464+0000][gc,marking  ] GC(1) Concurrent Clear Claimed Marks 0.285ms
[2026-03-26T23:35:06.465+0000][gc,marking  ] GC(1) Concurrent Scan Root Regions
[2026-03-26T23:35:06.467+0000][gc,marking  ] GC(1) Concurrent Scan Root Regions 2.549ms
[2026-03-26T23:35:06.467+0000][gc,marking  ] GC(1) Concurrent Mark
[2026-03-26T23:35:06.468+0000][gc,marking  ] GC(1) Concurrent Mark From Roots
[2026-03-26T23:35:06.468+0000][gc,task     ] GC(1) Using 4 workers of 4 for marking
[2026-03-26T23:35:06.469+0000][gc,marking  ] GC(1) Concurrent Mark From Roots 1.602ms
[2026-03-26T23:35:06.470+0000][gc,marking  ] GC(1) Concurrent Preclean
[2026-03-26T23:35:06.470+0000][gc,marking  ] GC(1) Concurrent Preclean 0.283ms
[2026-03-26T23:35:06.470+0000][gc,start    ] GC(1) Pause Remark
[2026-03-26T23:35:06.472+0000][gc          ] GC(1) Pause Remark 20M->20M(1024M) 1.993ms
[2026-03-26T23:35:06.473+0000][gc,cpu      ] GC(1) User=0.01s Sys=0.00s Real=0.00s
[2026-03-26T23:35:06.473+0000][gc,marking  ] GC(1) Concurrent Mark 5.258ms
[2026-03-26T23:35:06.473+0000][gc,marking  ] GC(1) Concurrent Rebuild Remembered Sets
[2026-03-26T23:35:06.473+0000][gc,marking  ] GC(1) Concurrent Rebuild Remembered Sets 0.275ms
[2026-03-26T23:35:06.473+0000][gc,start    ] GC(1) Pause Cleanup
[2026-03-26T23:35:06.474+0000][gc          ] GC(1) Pause Cleanup 20M->20M(1024M) 0.175ms
[2026-03-26T23:35:06.474+0000][gc,cpu      ] GC(1) User=0.00s Sys=0.00s Real=0.00s
[2026-03-26T23:35:06.474+0000][gc,marking  ] GC(1) Concurrent Cleanup for Next Mark
[2026-03-26T23:35:06.483+0000][gc,marking  ] GC(1) Concurrent Cleanup for Next Mark 9.154ms
[2026-03-26T23:35:06.483+0000][gc          ] GC(1) Concurrent Mark Cycle 19.676ms
[2026-03-26T23:35:08.602+0000][gc,start    ] GC(2) Pause Young (Normal) (G1 Evacuation Pause)
[2026-03-26T23:35:08.603+0000][gc,task     ] GC(2) Using 15 workers of 15 for evacuation
[2026-03-26T23:35:08.621+0000][gc,phases   ] GC(2)   Pre Evacuate Collection Set: 0.2ms
[2026-03-26T23:35:08.621+0000][gc,phases   ] GC(2)   Merge Heap Roots: 0.1ms
[2026-03-26T23:35:08.622+0000][gc,phases   ] GC(2)   Evacuate Collection Set: 14.5ms
[2026-03-26T23:35:08.622+0000][gc,phases   ] GC(2)   Post Evacuate Collection Set: 2.3ms
[2026-03-26T23:35:08.622+0000][gc,phases   ] GC(2)   Other: 1.5ms
[2026-03-26T23:35:08.623+0000][gc,heap     ] GC(2) Eden regions: 493->0(465)
[2026-03-26T23:35:08.623+0000][gc,heap     ] GC(2) Survivor regions: 19->47(64)
[2026-03-26T23:35:08.624+0000][gc,heap     ] GC(2) Old regions: 0->0
[2026-03-26T23:35:08.624+0000][gc,heap     ] GC(2) Archive regions: 2->2
[2026-03-26T23:35:08.624+0000][gc,heap     ] GC(2) Humongous regions: 0->0
[2026-03-26T23:35:08.625+0000][gc,metaspace] GC(2) Metaspace: 34219K(34624K)->34219K(34624K) NonClass: 29915K(30144K)->29915K(30144K) Class: 4303K(4480K)->4303K(4480K)
[2026-03-26T23:35:08.625+0000][gc          ] GC(2) Pause Young (Normal) (G1 Evacuation Pause) 512M->47M(1024M) 22.464ms
[2026-03-26T23:35:08.625+0000][gc,cpu      ] GC(2) User=0.20s Sys=0.08s Real=0.02s
[2026-03-26T23:35:08.697+0000][gc,start    ] GC(3) Pause Young (Concurrent Start) (Metadata GC Threshold)
[2026-03-26T23:35:08.697+0000][gc,task     ] GC(3) Using 15 workers of 15 for evacuation
[2026-03-26T23:35:08.708+0000][gc,phases   ] GC(3)   Pre Evacuate Collection Set: 0.3ms
[2026-03-26T23:35:08.708+0000][gc,phases   ] GC(3)   Merge Heap Roots: 0.2ms
[2026-03-26T23:35:08.709+0000][gc,phases   ] GC(3)   Evacuate Collection Set: 9.2ms
[2026-03-26T23:35:08.709+0000][gc,phases   ] GC(3)   Post Evacuate Collection Set: 1.2ms
[2026-03-26T23:35:08.709+0000][gc,phases   ] GC(3)   Other: 0.5ms
[2026-03-26T23:35:08.710+0000][gc,heap     ] GC(3) Eden regions: 10->0(481)
[2026-03-26T23:35:08.710+0000][gc,heap     ] GC(3) Survivor regions: 47->31(64)
[2026-03-26T23:35:08.710+0000][gc,heap     ] GC(3) Old regions: 0->18
[2026-03-26T23:35:08.710+0000][gc,heap     ] GC(3) Archive regions: 2->2
[2026-03-26T23:35:08.711+0000][gc,heap     ] GC(3) Humongous regions: 0->0
[2026-03-26T23:35:08.711+0000][gc,metaspace] GC(3) Metaspace: 35634K(35968K)->35634K(35968K) NonClass: 31179K(31360K)->31179K(31360K) Class: 4455K(4608K)->4455K(4608K)
[2026-03-26T23:35:08.711+0000][gc          ] GC(3) Pause Young (Concurrent Start) (Metadata GC Threshold) 56M->49M(1024M) 14.308ms
[2026-03-26T23:35:08.711+0000][gc,cpu      ] GC(3) User=0.11s Sys=0.04s Real=0.02s
[2026-03-26T23:35:08.711+0000][gc          ] GC(4) Concurrent Mark Cycle
[2026-03-26T23:35:08.712+0000][gc,marking  ] GC(4) Concurrent Clear Claimed Marks
[2026-03-26T23:35:08.712+0000][gc,marking  ] GC(4) Concurrent Clear Claimed Marks 0.329ms
[2026-03-26T23:35:08.712+0000][gc,marking  ] GC(4) Concurrent Scan Root Regions
[2026-03-26T23:35:08.716+0000][gc,marking  ] GC(4) Concurrent Scan Root Regions 3.688ms
[2026-03-26T23:35:08.716+0000][gc,marking  ] GC(4) Concurrent Mark
[2026-03-26T23:35:08.716+0000][gc,marking  ] GC(4) Concurrent Mark From Roots
[2026-03-26T23:35:08.717+0000][gc,task     ] GC(4) Using 4 workers of 4 for marking
[2026-03-26T23:35:08.718+0000][gc,marking  ] GC(4) Concurrent Mark From Roots 1.545ms
[2026-03-26T23:35:08.718+0000][gc,marking  ] GC(4) Concurrent Preclean
[2026-03-26T23:35:08.719+0000][gc,marking  ] GC(4) Concurrent Preclean 0.345ms
[2026-03-26T23:35:08.719+0000][gc,start    ] GC(4) Pause Remark
[2026-03-26T23:35:08.721+0000][gc          ] GC(4) Pause Remark 49M->49M(1024M) 2.169ms
[2026-03-26T23:35:08.721+0000][gc,cpu      ] GC(4) User=0.01s Sys=0.01s Real=0.01s
[2026-03-26T23:35:08.722+0000][gc,marking  ] GC(4) Concurrent Mark 5.787ms
[2026-03-26T23:35:08.722+0000][gc,marking  ] GC(4) Concurrent Rebuild Remembered Sets
[2026-03-26T23:35:08.725+0000][gc,marking  ] GC(4) Concurrent Rebuild Remembered Sets 2.818ms
[2026-03-26T23:35:08.728+0000][gc,start    ] GC(4) Pause Cleanup
[2026-03-26T23:35:08.728+0000][gc          ] GC(4) Pause Cleanup 49M->49M(1024M) 0.470ms
[2026-03-26T23:35:08.728+0000][gc,cpu      ] GC(4) User=0.00s Sys=0.00s Real=0.01s
[2026-03-26T23:35:08.729+0000][gc,marking  ] GC(4) Concurrent Cleanup for Next Mark
[2026-03-26T23:35:08.733+0000][gc,marking  ] GC(4) Concurrent Cleanup for Next Mark 3.816ms
[2026-03-26T23:35:08.733+0000][gc          ] GC(4) Concurrent Mark Cycle 21.368ms
[2026-03-26T23:35:11.926+0000][gc,start    ] GC(5) Pause Young (Concurrent Start) (Metadata GC Threshold)
[2026-03-26T23:35:11.927+0000][gc,task     ] GC(5) Using 15 workers of 15 for evacuation
[2026-03-26T23:35:11.938+0000][gc,phases   ] GC(5)   Pre Evacuate Collection Set: 0.3ms
[2026-03-26T23:35:11.939+0000][gc,phases   ] GC(5)   Merge Heap Roots: 0.2ms
[2026-03-26T23:35:11.939+0000][gc,phases   ] GC(5)   Evacuate Collection Set: 8.5ms
[2026-03-26T23:35:11.939+0000][gc,phases   ] GC(5)   Post Evacuate Collection Set: 2.0ms
[2026-03-26T23:35:11.940+0000][gc,phases   ] GC(5)   Other: 1.0ms
[2026-03-26T23:35:11.940+0000][gc,heap     ] GC(5) Eden regions: 380->0(458)
[2026-03-26T23:35:11.941+0000][gc,heap     ] GC(5) Survivor regions: 31->54(64)
[2026-03-26T23:35:11.941+0000][gc,heap     ] GC(5) Old regions: 18->18
[2026-03-26T23:35:11.941+0000][gc,heap     ] GC(5) Archive regions: 2->2
[2026-03-26T23:35:11.941+0000][gc,heap     ] GC(5) Humongous regions: 0->0
[2026-03-26T23:35:11.942+0000][gc,metaspace] GC(5) Metaspace: 59892K(60416K)->59892K(60416K) NonClass: 52460K(52736K)->52460K(52736K) Class: 7432K(7680K)->7432K(7680K)
[2026-03-26T23:35:11.942+0000][gc          ] GC(5) Pause Young (Concurrent Start) (Metadata GC Threshold) 428M->72M(1024M) 15.607ms
[2026-03-26T23:35:11.942+0000][gc,cpu      ] GC(5) User=0.12s Sys=0.02s Real=0.02s
[2026-03-26T23:35:11.943+0000][gc          ] GC(6) Concurrent Mark Cycle
[2026-03-26T23:35:11.943+0000][gc,marking  ] GC(6) Concurrent Clear Claimed Marks
[2026-03-26T23:35:11.943+0000][gc,marking  ] GC(6) Concurrent Clear Claimed Marks 0.329ms
[2026-03-26T23:35:11.944+0000][gc,marking  ] GC(6) Concurrent Scan Root Regions
[2026-03-26T23:35:11.949+0000][gc,marking  ] GC(6) Concurrent Scan Root Regions 5.525ms
[2026-03-26T23:35:11.950+0000][gc,marking  ] GC(6) Concurrent Mark
[2026-03-26T23:35:11.950+0000][gc,marking  ] GC(6) Concurrent Mark From Roots
[2026-03-26T23:35:11.950+0000][gc,task     ] GC(6) Using 4 workers of 4 for marking
[2026-03-26T23:35:11.956+0000][gc,marking  ] GC(6) Concurrent Mark From Roots 5.604ms
[2026-03-26T23:35:11.956+0000][gc,marking  ] GC(6) Concurrent Preclean
[2026-03-26T23:35:11.956+0000][gc,marking  ] GC(6) Concurrent Preclean 0.465ms
[2026-03-26T23:35:11.957+0000][gc,start    ] GC(6) Pause Remark
[2026-03-26T23:35:11.961+0000][gc          ] GC(6) Pause Remark 76M->76M(1024M) 3.679ms
[2026-03-26T23:35:11.961+0000][gc,cpu      ] GC(6) User=0.02s Sys=0.02s Real=0.01s
[2026-03-26T23:35:11.961+0000][gc,marking  ] GC(6) Concurrent Mark 11.867ms
[2026-03-26T23:35:11.962+0000][gc,marking  ] GC(6) Concurrent Rebuild Remembered Sets
[2026-03-26T23:35:11.966+0000][gc,marking  ] GC(6) Concurrent Rebuild Remembered Sets 3.800ms
[2026-03-26T23:35:11.966+0000][gc,start    ] GC(6) Pause Cleanup
[2026-03-26T23:35:11.967+0000][gc          ] GC(6) Pause Cleanup 77M->77M(1024M) 0.539ms
[2026-03-26T23:35:11.967+0000][gc,cpu      ] GC(6) User=0.00s Sys=0.00s Real=0.00s
[2026-03-26T23:35:11.968+0000][gc,marking  ] GC(6) Concurrent Cleanup for Next Mark
[2026-03-26T23:35:11.968+0000][gc,marking  ] GC(6) Concurrent Cleanup for Next Mark 0.962ms
[2026-03-26T23:35:11.969+0000][gc          ] GC(6) Concurrent Mark Cycle 26.030ms
[2026-03-26T23:35:13.991+0000][gc,start    ] GC(7) Pause Young (Normal) (G1 Evacuation Pause)
[2026-03-26T23:35:13.991+0000][gc,task     ] GC(7) Using 15 workers of 15 for evacuation
[2026-03-26T23:35:14.009+0000][gc,phases   ] GC(7)   Pre Evacuate Collection Set: 0.6ms
[2026-03-26T23:35:14.010+0000][gc,phases   ] GC(7)   Merge Heap Roots: 0.2ms
[2026-03-26T23:35:14.010+0000][gc,phases   ] GC(7)   Evacuate Collection Set: 14.7ms
[2026-03-26T23:35:14.010+0000][gc,phases   ] GC(7)   Post Evacuate Collection Set: 2.2ms
[2026-03-26T23:35:14.010+0000][gc,phases   ] GC(7)   Other: 1.0ms
[2026-03-26T23:35:14.011+0000][gc,heap     ] GC(7) Eden regions: 458->0(461)
[2026-03-26T23:35:14.011+0000][gc,heap     ] GC(7) Survivor regions: 54->51(64)
[2026-03-26T23:35:14.011+0000][gc,heap     ] GC(7) Old regions: 18->44
[2026-03-26T23:35:14.011+0000][gc,heap     ] GC(7) Archive regions: 2->2
[2026-03-26T23:35:14.011+0000][gc,heap     ] GC(7) Humongous regions: 0->0
[2026-03-26T23:35:14.011+0000][gc,metaspace] GC(7) Metaspace: 70963K(71552K)->70963K(71552K) NonClass: 61978K(62272K)->61978K(62272K) Class: 8985K(9280K)->8985K(9280K)
[2026-03-26T23:35:14.012+0000][gc          ] GC(7) Pause Young (Normal) (G1 Evacuation Pause) 530M->95M(1024M) 20.859ms
[2026-03-26T23:35:14.012+0000][gc,cpu      ] GC(7) User=0.23s Sys=0.05s Real=0.02s
[2026-03-26T23:35:15.643+0000][gc,start    ] GC(8) Pause Young (Normal) (G1 Evacuation Pause)
[2026-03-26T23:35:15.644+0000][gc,task     ] GC(8) Using 15 workers of 15 for evacuation
[2026-03-26T23:35:15.663+0000][gc,phases   ] GC(8)   Pre Evacuate Collection Set: 0.2ms
[2026-03-26T23:35:15.663+0000][gc,phases   ] GC(8)   Merge Heap Roots: 0.2ms
[2026-03-26T23:35:15.663+0000][gc,phases   ] GC(8)   Evacuate Collection Set: 14.0ms
[2026-03-26T23:35:15.664+0000][gc,phases   ] GC(8)   Post Evacuate Collection Set: 3.5ms
[2026-03-26T23:35:15.664+0000][gc,phases   ] GC(8)   Other: 1.3ms
[2026-03-26T23:35:15.665+0000][gc,heap     ] GC(8) Eden regions: 461->0(460)
[2026-03-26T23:35:15.665+0000][gc,heap     ] GC(8) Survivor regions: 51->52(64)
[2026-03-26T23:35:15.665+0000][gc,heap     ] GC(8) Old regions: 44->69
[2026-03-26T23:35:15.665+0000][gc,heap     ] GC(8) Archive regions: 2->2
[2026-03-26T23:35:15.666+0000][gc,heap     ] GC(8) Humongous regions: 0->0
[2026-03-26T23:35:15.666+0000][gc,metaspace] GC(8) Metaspace: 78907K(79552K)->78907K(79552K) NonClass: 68900K(69248K)->68900K(69248K) Class: 10006K(10304K)->10006K(10304K)
[2026-03-26T23:35:15.667+0000][gc          ] GC(8) Pause Young (Normal) (G1 Evacuation Pause) 556M->121M(1024M) 23.356ms
[2026-03-26T23:35:15.667+0000][gc,cpu      ] GC(8) User=0.21s Sys=0.04s Real=0.03s
[2026-03-26T23:49:58.704+0000][gc,start    ] GC(9) Pause Young (Normal) (G1 Evacuation Pause)
[2026-03-26T23:49:58.705+0000][gc,task     ] GC(9) Using 15 workers of 15 for evacuation
[2026-03-26T23:49:58.723+0000][gc,phases   ] GC(9)   Pre Evacuate Collection Set: 1.0ms
[2026-03-26T23:49:58.723+0000][gc,phases   ] GC(9)   Merge Heap Roots: 0.3ms
[2026-03-26T23:49:58.724+0000][gc,phases   ] GC(9)   Evacuate Collection Set: 13.5ms
[2026-03-26T23:49:58.724+0000][gc,phases   ] GC(9)   Post Evacuate Collection Set: 2.7ms
[2026-03-26T23:49:58.725+0000][gc,phases   ] GC(9)   Other: 1.8ms
[2026-03-26T23:49:58.725+0000][gc,heap     ] GC(9) Eden regions: 460->0(479)
[2026-03-26T23:49:58.726+0000][gc,heap     ] GC(9) Survivor regions: 52->33(64)
[2026-03-26T23:49:58.726+0000][gc,heap     ] GC(9) Old regions: 69->83
[2026-03-26T23:49:58.726+0000][gc,heap     ] GC(9) Archive regions: 2->2
[2026-03-26T23:49:58.727+0000][gc,heap     ] GC(9) Humongous regions: 7->7
[2026-03-26T23:49:58.727+0000][gc,metaspace] GC(9) Metaspace: 87972K(88768K)->87972K(88768K) NonClass: 77210K(77632K)->77210K(77632K) Class: 10761K(11136K)->10761K(11136K)
[2026-03-26T23:49:58.727+0000][gc          ] GC(9) Pause Young (Normal) (G1 Evacuation Pause) 588M->123M(1024M) 23.233ms
[2026-03-26T23:49:58.728+0000][gc,cpu      ] GC(9) User=0.18s Sys=0.01s Real=0.02s
