[2026-03-21T23:53:24.620+0000][gc] Using G1
[2026-03-21T23:53:24.629+0000][gc,init] Version: 17.0.16+8-alpine-r0 (release)
[2026-03-21T23:53:24.630+0000][gc,init] CPUs: 20 total, 20 available
[2026-03-21T23:53:24.631+0000][gc,init] Memory: 15805M
[2026-03-21T23:53:24.631+0000][gc,init] Large Page Support: Disabled
[2026-03-21T23:53:24.631+0000][gc,init] NUMA Support: Disabled
[2026-03-21T23:53:24.632+0000][gc,init] Compressed Oops: Enabled (32-bit)
[2026-03-21T23:53:24.632+0000][gc,init] Heap Region Size: 1M
[2026-03-21T23:53:24.633+0000][gc,init] Heap Min Capacity: 1G
[2026-03-21T23:53:24.633+0000][gc,init] Heap Initial Capacity: 1G
[2026-03-21T23:53:24.634+0000][gc,init] Heap Max Capacity: 1G
[2026-03-21T23:53:24.634+0000][gc,init] Pre-touch: Disabled
[2026-03-21T23:53:24.634+0000][gc,init] Parallel Workers: 15
[2026-03-21T23:53:24.635+0000][gc,init] Concurrent Workers: 4
[2026-03-21T23:53:24.635+0000][gc,init] Concurrent Refinement Workers: 15
[2026-03-21T23:53:24.636+0000][gc,init] Periodic GC: Disabled
[2026-03-21T23:53:24.645+0000][gc,metaspace] CDS archive(s) mapped at: [0x000075865a000000-0x000075865abc7000-0x000075865abc7000), size 12349440, SharedBaseAddress: 0x000075865a000000, ArchiveRelocationMode: 1.
[2026-03-21T23:53:24.645+0000][gc,metaspace] Compressed class space mapped at: 0x000075865b000000-0x000075869b000000, reserved size: 1073741824
[2026-03-21T23:53:24.646+0000][gc,metaspace] Narrow klass base: 0x000075865a000000, Narrow klass shift: 0, Narrow klass range: 0x100000000
[2026-03-21T23:53:27.997+0000][gc,start    ] GC(0) Pause Young (Concurrent Start) (Metadata GC Threshold)
[2026-03-21T23:53:27.999+0000][gc,task     ] GC(0) Using 15 workers of 15 for evacuation
[2026-03-21T23:53:28.008+0000][gc,phases   ] GC(0)   Pre Evacuate Collection Set: 0.3ms
[2026-03-21T23:53:28.008+0000][gc,phases   ] GC(0)   Merge Heap Roots: 0.2ms
[2026-03-21T23:53:28.008+0000][gc,phases   ] GC(0)   Evacuate Collection Set: 6.2ms
[2026-03-21T23:53:28.009+0000][gc,phases   ] GC(0)   Post Evacuate Collection Set: 1.6ms
[2026-03-21T23:53:28.009+0000][gc,phases   ] GC(0)   Other: 2.8ms
[2026-03-21T23:53:28.009+0000][gc,heap     ] GC(0) Eden regions: 329->0(493)
[2026-03-21T23:53:28.009+0000][gc,heap     ] GC(0) Survivor regions: 0->19(64)
[2026-03-21T23:53:28.009+0000][gc,heap     ] GC(0) Old regions: 0->0
[2026-03-21T23:53:28.010+0000][gc,heap     ] GC(0) Archive regions: 2->2
[2026-03-21T23:53:28.010+0000][gc,heap     ] GC(0) Humongous regions: 0->0
[2026-03-21T23:53:28.010+0000][gc,metaspace] GC(0) Metaspace: 21135K(21504K)->21135K(21504K) NonClass: 18564K(18752K)->18564K(18752K) Class: 2571K(2752K)->2571K(2752K)
[2026-03-21T23:53:28.010+0000][gc          ] GC(0) Pause Young (Concurrent Start) (Metadata GC Threshold) 329M->18M(1024M) 13.756ms
[2026-03-21T23:53:28.011+0000][gc,cpu      ] GC(0) User=0.06s Sys=0.03s Real=0.01s
[2026-03-21T23:53:28.011+0000][gc          ] GC(1) Concurrent Mark Cycle
[2026-03-21T23:53:28.011+0000][gc,marking  ] GC(1) Concurrent Clear Claimed Marks
[2026-03-21T23:53:28.012+0000][gc,marking  ] GC(1) Concurrent Clear Claimed Marks 0.506ms
[2026-03-21T23:53:28.012+0000][gc,marking  ] GC(1) Concurrent Scan Root Regions
[2026-03-21T23:53:28.015+0000][gc,marking  ] GC(1) Concurrent Scan Root Regions 3.034ms
[2026-03-21T23:53:28.016+0000][gc,marking  ] GC(1) Concurrent Mark
[2026-03-21T23:53:28.016+0000][gc,marking  ] GC(1) Concurrent Mark From Roots
[2026-03-21T23:53:28.016+0000][gc,task     ] GC(1) Using 4 workers of 4 for marking
[2026-03-21T23:53:28.018+0000][gc,marking  ] GC(1) Concurrent Mark From Roots 1.841ms
[2026-03-21T23:53:28.018+0000][gc,marking  ] GC(1) Concurrent Preclean
[2026-03-21T23:53:28.019+0000][gc,marking  ] GC(1) Concurrent Preclean 0.635ms
[2026-03-21T23:53:28.019+0000][gc,start    ] GC(1) Pause Remark
[2026-03-21T23:53:28.022+0000][gc          ] GC(1) Pause Remark 19M->19M(1024M) 2.293ms
[2026-03-21T23:53:28.022+0000][gc,cpu      ] GC(1) User=0.01s Sys=0.00s Real=0.00s
[2026-03-21T23:53:28.022+0000][gc,marking  ] GC(1) Concurrent Mark 6.512ms
[2026-03-21T23:53:28.023+0000][gc,marking  ] GC(1) Concurrent Rebuild Remembered Sets
[2026-03-21T23:53:28.023+0000][gc,marking  ] GC(1) Concurrent Rebuild Remembered Sets 0.277ms
[2026-03-21T23:53:28.023+0000][gc,start    ] GC(1) Pause Cleanup
[2026-03-21T23:53:28.023+0000][gc          ] GC(1) Pause Cleanup 19M->19M(1024M) 0.239ms
[2026-03-21T23:53:28.024+0000][gc,cpu      ] GC(1) User=0.00s Sys=0.00s Real=0.01s
[2026-03-21T23:53:28.024+0000][gc,marking  ] GC(1) Concurrent Cleanup for Next Mark
[2026-03-21T23:53:28.032+0000][gc,marking  ] GC(1) Concurrent Cleanup for Next Mark 8.321ms
[2026-03-21T23:53:28.033+0000][gc          ] GC(1) Concurrent Mark Cycle 21.850ms
[2026-03-21T23:53:30.562+0000][gc,start    ] GC(2) Pause Young (Normal) (G1 Evacuation Pause)
[2026-03-21T23:53:30.563+0000][gc,task     ] GC(2) Using 15 workers of 15 for evacuation
[2026-03-21T23:53:30.581+0000][gc,phases   ] GC(2)   Pre Evacuate Collection Set: 0.2ms
[2026-03-21T23:53:30.582+0000][gc,phases   ] GC(2)   Merge Heap Roots: 0.2ms
[2026-03-21T23:53:30.582+0000][gc,phases   ] GC(2)   Evacuate Collection Set: 15.2ms
[2026-03-21T23:53:30.583+0000][gc,phases   ] GC(2)   Post Evacuate Collection Set: 2.3ms
[2026-03-21T23:53:30.583+0000][gc,phases   ] GC(2)   Other: 1.1ms
[2026-03-21T23:53:30.584+0000][gc,heap     ] GC(2) Eden regions: 493->0(466)
[2026-03-21T23:53:30.584+0000][gc,heap     ] GC(2) Survivor regions: 19->46(64)
[2026-03-21T23:53:30.585+0000][gc,heap     ] GC(2) Old regions: 0->0
[2026-03-21T23:53:30.585+0000][gc,heap     ] GC(2) Archive regions: 2->2
[2026-03-21T23:53:30.585+0000][gc,heap     ] GC(2) Humongous regions: 0->0
[2026-03-21T23:53:30.586+0000][gc,metaspace] GC(2) Metaspace: 34234K(34624K)->34234K(34624K) NonClass: 29933K(30144K)->29933K(30144K) Class: 4301K(4480K)->4301K(4480K)
[2026-03-21T23:53:30.586+0000][gc          ] GC(2) Pause Young (Normal) (G1 Evacuation Pause) 511M->46M(1024M) 24.125ms
[2026-03-21T23:53:30.587+0000][gc,cpu      ] GC(2) User=0.20s Sys=0.05s Real=0.03s
[2026-03-21T23:53:30.663+0000][gc,start    ] GC(3) Pause Young (Concurrent Start) (Metadata GC Threshold)
[2026-03-21T23:53:30.664+0000][gc,task     ] GC(3) Using 15 workers of 15 for evacuation
[2026-03-21T23:53:30.677+0000][gc,phases   ] GC(3)   Pre Evacuate Collection Set: 0.3ms
[2026-03-21T23:53:30.677+0000][gc,phases   ] GC(3)   Merge Heap Roots: 0.2ms
[2026-03-21T23:53:30.678+0000][gc,phases   ] GC(3)   Evacuate Collection Set: 10.6ms
[2026-03-21T23:53:30.678+0000][gc,phases   ] GC(3)   Post Evacuate Collection Set: 1.4ms
[2026-03-21T23:53:30.679+0000][gc,phases   ] GC(3)   Other: 1.1ms
[2026-03-21T23:53:30.679+0000][gc,heap     ] GC(3) Eden regions: 10->0(481)
[2026-03-21T23:53:30.679+0000][gc,heap     ] GC(3) Survivor regions: 46->31(64)
[2026-03-21T23:53:30.680+0000][gc,heap     ] GC(3) Old regions: 0->18
[2026-03-21T23:53:30.680+0000][gc,heap     ] GC(3) Archive regions: 2->2
[2026-03-21T23:53:30.680+0000][gc,heap     ] GC(3) Humongous regions: 0->0
[2026-03-21T23:53:30.681+0000][gc,metaspace] GC(3) Metaspace: 35636K(35968K)->35636K(35968K) NonClass: 31185K(31360K)->31185K(31360K) Class: 4450K(4608K)->4450K(4608K)
[2026-03-21T23:53:30.681+0000][gc          ] GC(3) Pause Young (Concurrent Start) (Metadata GC Threshold) 56M->49M(1024M) 17.723ms
[2026-03-21T23:53:30.682+0000][gc,cpu      ] GC(3) User=0.12s Sys=0.03s Real=0.01s
[2026-03-21T23:53:30.682+0000][gc          ] GC(4) Concurrent Mark Cycle
[2026-03-21T23:53:30.682+0000][gc,marking  ] GC(4) Concurrent Clear Claimed Marks
[2026-03-21T23:53:30.683+0000][gc,marking  ] GC(4) Concurrent Clear Claimed Marks 0.454ms
[2026-03-21T23:53:30.683+0000][gc,marking  ] GC(4) Concurrent Scan Root Regions
[2026-03-21T23:53:30.688+0000][gc,marking  ] GC(4) Concurrent Scan Root Regions 4.643ms
[2026-03-21T23:53:30.688+0000][gc,marking  ] GC(4) Concurrent Mark
[2026-03-21T23:53:30.689+0000][gc,marking  ] GC(4) Concurrent Mark From Roots
[2026-03-21T23:53:30.690+0000][gc,task     ] GC(4) Using 4 workers of 4 for marking
[2026-03-21T23:53:30.691+0000][gc,marking  ] GC(4) Concurrent Mark From Roots 1.877ms
[2026-03-21T23:53:30.692+0000][gc,marking  ] GC(4) Concurrent Preclean
[2026-03-21T23:53:30.692+0000][gc,marking  ] GC(4) Concurrent Preclean 0.674ms
[2026-03-21T23:53:30.693+0000][gc,start    ] GC(4) Pause Remark
[2026-03-21T23:53:30.696+0000][gc          ] GC(4) Pause Remark 49M->49M(1024M) 2.868ms
[2026-03-21T23:53:30.697+0000][gc,cpu      ] GC(4) User=0.02s Sys=0.00s Real=0.01s
[2026-03-21T23:53:30.697+0000][gc,marking  ] GC(4) Concurrent Mark 8.616ms
[2026-03-21T23:53:30.697+0000][gc,marking  ] GC(4) Concurrent Rebuild Remembered Sets
[2026-03-21T23:53:30.700+0000][gc,marking  ] GC(4) Concurrent Rebuild Remembered Sets 2.978ms
[2026-03-21T23:53:30.702+0000][gc,start    ] GC(4) Pause Cleanup
[2026-03-21T23:53:30.702+0000][gc          ] GC(4) Pause Cleanup 49M->49M(1024M) 0.695ms
[2026-03-21T23:53:30.703+0000][gc,cpu      ] GC(4) User=0.00s Sys=0.00s Real=0.00s
[2026-03-21T23:53:30.703+0000][gc,marking  ] GC(4) Concurrent Cleanup for Next Mark
[2026-03-21T23:53:30.708+0000][gc,marking  ] GC(4) Concurrent Cleanup for Next Mark 4.468ms
[2026-03-21T23:53:30.708+0000][gc          ] GC(4) Concurrent Mark Cycle 26.114ms
[2026-03-21T23:53:34.181+0000][gc,start    ] GC(5) Pause Young (Concurrent Start) (Metadata GC Threshold)
[2026-03-21T23:53:34.181+0000][gc,task     ] GC(5) Using 15 workers of 15 for evacuation
[2026-03-21T23:53:34.193+0000][gc,phases   ] GC(5)   Pre Evacuate Collection Set: 0.3ms
[2026-03-21T23:53:34.193+0000][gc,phases   ] GC(5)   Merge Heap Roots: 0.2ms
[2026-03-21T23:53:34.193+0000][gc,phases   ] GC(5)   Evacuate Collection Set: 8.3ms
[2026-03-21T23:53:34.194+0000][gc,phases   ] GC(5)   Post Evacuate Collection Set: 2.2ms
[2026-03-21T23:53:34.194+0000][gc,phases   ] GC(5)   Other: 0.9ms
[2026-03-21T23:53:34.195+0000][gc,heap     ] GC(5) Eden regions: 346->0(463)
[2026-03-21T23:53:34.195+0000][gc,heap     ] GC(5) Survivor regions: 31->49(64)
[2026-03-21T23:53:34.195+0000][gc,heap     ] GC(5) Old regions: 18->18
[2026-03-21T23:53:34.195+0000][gc,heap     ] GC(5) Archive regions: 2->2
[2026-03-21T23:53:34.196+0000][gc,heap     ] GC(5) Humongous regions: 0->0
[2026-03-21T23:53:34.196+0000][gc,metaspace] GC(5) Metaspace: 59790K(60288K)->59790K(60288K) NonClass: 52382K(52608K)->52382K(52608K) Class: 7407K(7680K)->7407K(7680K)
[2026-03-21T23:53:34.196+0000][gc          ] GC(5) Pause Young (Concurrent Start) (Metadata GC Threshold) 395M->66M(1024M) 15.427ms
[2026-03-21T23:53:34.197+0000][gc,cpu      ] GC(5) User=0.13s Sys=0.01s Real=0.02s
[2026-03-21T23:53:34.197+0000][gc          ] GC(6) Concurrent Mark Cycle
[2026-03-21T23:53:34.197+0000][gc,marking  ] GC(6) Concurrent Clear Claimed Marks
[2026-03-21T23:53:34.198+0000][gc,marking  ] GC(6) Concurrent Clear Claimed Marks 0.261ms
[2026-03-21T23:53:34.198+0000][gc,marking  ] GC(6) Concurrent Scan Root Regions
[2026-03-21T23:53:34.203+0000][gc,marking  ] GC(6) Concurrent Scan Root Regions 5.473ms
[2026-03-21T23:53:34.204+0000][gc,marking  ] GC(6) Concurrent Mark
[2026-03-21T23:53:34.207+0000][gc,marking  ] GC(6) Concurrent Mark From Roots
[2026-03-21T23:53:34.208+0000][gc,task     ] GC(6) Using 4 workers of 4 for marking
[2026-03-21T23:53:34.214+0000][gc,marking  ] GC(6) Concurrent Mark From Roots 6.933ms
[2026-03-21T23:53:34.215+0000][gc,marking  ] GC(6) Concurrent Preclean
[2026-03-21T23:53:34.215+0000][gc,marking  ] GC(6) Concurrent Preclean 0.403ms
[2026-03-21T23:53:34.216+0000][gc,start    ] GC(6) Pause Remark
[2026-03-21T23:53:34.219+0000][gc          ] GC(6) Pause Remark 71M->71M(1024M) 3.229ms
[2026-03-21T23:53:34.219+0000][gc,cpu      ] GC(6) User=0.02s Sys=0.00s Real=0.00s
[2026-03-21T23:53:34.220+0000][gc,marking  ] GC(6) Concurrent Mark 16.073ms
[2026-03-21T23:53:34.220+0000][gc,marking  ] GC(6) Concurrent Rebuild Remembered Sets
[2026-03-21T23:53:34.224+0000][gc,marking  ] GC(6) Concurrent Rebuild Remembered Sets 3.650ms
[2026-03-21T23:53:34.224+0000][gc,start    ] GC(6) Pause Cleanup
[2026-03-21T23:53:34.225+0000][gc          ] GC(6) Pause Cleanup 72M->72M(1024M) 0.519ms
[2026-03-21T23:53:34.225+0000][gc,cpu      ] GC(6) User=0.00s Sys=0.00s Real=0.00s
[2026-03-21T23:53:34.225+0000][gc,marking  ] GC(6) Concurrent Cleanup for Next Mark
[2026-03-21T23:53:34.226+0000][gc,marking  ] GC(6) Concurrent Cleanup for Next Mark 1.014ms
[2026-03-21T23:53:34.227+0000][gc          ] GC(6) Concurrent Mark Cycle 29.745ms
[2026-03-21T23:53:36.844+0000][gc,start    ] GC(7) Pause Young (Normal) (G1 Evacuation Pause)
[2026-03-21T23:53:36.844+0000][gc,task     ] GC(7) Using 15 workers of 15 for evacuation
[2026-03-21T23:53:36.868+0000][gc,phases   ] GC(7)   Pre Evacuate Collection Set: 0.5ms
[2026-03-21T23:53:36.869+0000][gc,phases   ] GC(7)   Merge Heap Roots: 0.3ms
[2026-03-21T23:53:36.869+0000][gc,phases   ] GC(7)   Evacuate Collection Set: 18.9ms
[2026-03-21T23:53:36.869+0000][gc,phases   ] GC(7)   Post Evacuate Collection Set: 4.0ms
[2026-03-21T23:53:36.870+0000][gc,phases   ] GC(7)   Other: 1.0ms
[2026-03-21T23:53:36.870+0000][gc,heap     ] GC(7) Eden regions: 463->0(463)
[2026-03-21T23:53:36.870+0000][gc,heap     ] GC(7) Survivor regions: 49->49(64)
[2026-03-21T23:53:36.871+0000][gc,heap     ] GC(7) Old regions: 18->43
[2026-03-21T23:53:36.871+0000][gc,heap     ] GC(7) Archive regions: 2->2
[2026-03-21T23:53:36.871+0000][gc,heap     ] GC(7) Humongous regions: 0->0
[2026-03-21T23:53:36.872+0000][gc,metaspace] GC(7) Metaspace: 72266K(72768K)->72266K(72768K) NonClass: 63148K(63424K)->63148K(63424K) Class: 9117K(9344K)->9117K(9344K)
[2026-03-21T23:53:36.872+0000][gc          ] GC(7) Pause Young (Normal) (G1 Evacuation Pause) 529M->92M(1024M) 28.712ms
[2026-03-21T23:53:36.873+0000][gc,cpu      ] GC(7) User=0.32s Sys=0.08s Real=0.02s
[2026-03-21T23:53:38.918+0000][gc,start    ] GC(8) Pause Young (Normal) (G1 Evacuation Pause)
[2026-03-21T23:53:38.918+0000][gc,task     ] GC(8) Using 15 workers of 15 for evacuation
[2026-03-21T23:53:38.938+0000][gc,phases   ] GC(8)   Pre Evacuate Collection Set: 0.4ms
[2026-03-21T23:53:38.939+0000][gc,phases   ] GC(8)   Merge Heap Roots: 0.3ms
[2026-03-21T23:53:38.939+0000][gc,phases   ] GC(8)   Evacuate Collection Set: 16.6ms
[2026-03-21T23:53:38.939+0000][gc,phases   ] GC(8)   Post Evacuate Collection Set: 2.6ms
[2026-03-21T23:53:38.940+0000][gc,phases   ] GC(8)   Other: 1.1ms
[2026-03-21T23:53:38.940+0000][gc,heap     ] GC(8) Eden regions: 463->0(454)
[2026-03-21T23:53:38.940+0000][gc,heap     ] GC(8) Survivor regions: 49->58(64)
[2026-03-21T23:53:38.941+0000][gc,heap     ] GC(8) Old regions: 43->63
[2026-03-21T23:53:38.941+0000][gc,heap     ] GC(8) Archive regions: 2->2
[2026-03-21T23:53:38.941+0000][gc,heap     ] GC(8) Humongous regions: 0->0
[2026-03-21T23:53:38.941+0000][gc,metaspace] GC(8) Metaspace: 80498K(81152K)->80498K(81152K) NonClass: 70333K(70656K)->70333K(70656K) Class: 10164K(10496K)->10164K(10496K)
[2026-03-21T23:53:38.942+0000][gc          ] GC(8) Pause Young (Normal) (G1 Evacuation Pause) 555M->121M(1024M) 24.108ms
[2026-03-21T23:53:38.942+0000][gc,cpu      ] GC(8) User=0.25s Sys=0.03s Real=0.03s
[2026-03-21T23:59:44.200+0000][gc,start    ] GC(9) Pause Young (Normal) (G1 Evacuation Pause)
[2026-03-21T23:59:44.200+0000][gc,task     ] GC(9) Using 15 workers of 15 for evacuation
[2026-03-21T23:59:44.222+0000][gc,phases   ] GC(9)   Pre Evacuate Collection Set: 0.5ms
[2026-03-21T23:59:44.237+0000][gc,phases   ] GC(9)   Merge Heap Roots: 0.2ms
[2026-03-21T23:59:44.238+0000][gc,phases   ] GC(9)   Evacuate Collection Set: 17.9ms
[2026-03-21T23:59:44.239+0000][gc,phases   ] GC(9)   Post Evacuate Collection Set: 3.1ms
[2026-03-21T23:59:44.239+0000][gc,phases   ] GC(9)   Other: 0.9ms
[2026-03-21T23:59:44.240+0000][gc,heap     ] GC(9) Eden regions: 454->0(485)
[2026-03-21T23:59:44.240+0000][gc,heap     ] GC(9) Survivor regions: 58->27(64)
[2026-03-21T23:59:44.241+0000][gc,heap     ] GC(9) Old regions: 63->83
[2026-03-21T23:59:44.241+0000][gc,heap     ] GC(9) Archive regions: 2->2
[2026-03-21T23:59:44.242+0000][gc,heap     ] GC(9) Humongous regions: 1->1
[2026-03-21T23:59:44.242+0000][gc,metaspace] GC(9) Metaspace: 86445K(87232K)->86445K(87232K) NonClass: 75772K(76160K)->75772K(76160K) Class: 10672K(11072K)->10672K(11072K)
[2026-03-21T23:59:44.243+0000][gc          ] GC(9) Pause Young (Normal) (G1 Evacuation Pause) 576M->111M(1024M) 42.998ms
[2026-03-21T23:59:44.244+0000][gc,cpu      ] GC(9) User=0.17s Sys=0.06s Real=0.05s
[2026-03-22T00:30:29.093+0000][gc,start    ] GC(10) Pause Young (Normal) (G1 Evacuation Pause)
[2026-03-22T00:30:29.093+0000][gc,task     ] GC(10) Using 15 workers of 15 for evacuation
[2026-03-22T00:30:29.114+0000][gc,phases   ] GC(10)   Pre Evacuate Collection Set: 1.8ms
[2026-03-22T00:30:29.115+0000][gc,phases   ] GC(10)   Merge Heap Roots: 0.9ms
[2026-03-22T00:30:29.115+0000][gc,phases   ] GC(10)   Evacuate Collection Set: 14.5ms
[2026-03-22T00:30:29.116+0000][gc,phases   ] GC(10)   Post Evacuate Collection Set: 2.1ms
[2026-03-22T00:30:29.117+0000][gc,phases   ] GC(10)   Other: 3.0ms
[2026-03-22T00:30:29.117+0000][gc,heap     ] GC(10) Eden regions: 485->0(476)
[2026-03-22T00:30:29.118+0000][gc,heap     ] GC(10) Survivor regions: 27->36(64)
[2026-03-22T00:30:29.118+0000][gc,heap     ] GC(10) Old regions: 83->83
[2026-03-22T00:30:29.119+0000][gc,heap     ] GC(10) Archive regions: 2->2
[2026-03-22T00:30:29.119+0000][gc,heap     ] GC(10) Humongous regions: 2->2
[2026-03-22T00:30:29.120+0000][gc,metaspace] GC(10) Metaspace: 88048K(88832K)->88048K(88832K) NonClass: 77318K(77696K)->77318K(77696K) Class: 10729K(11136K)->10729K(11136K)
[2026-03-22T00:30:29.120+0000][gc          ] GC(10) Pause Young (Normal) (G1 Evacuation Pause) 597M->121M(1024M) 27.561ms
[2026-03-22T00:30:29.121+0000][gc,cpu      ] GC(10) User=0.19s Sys=0.01s Real=0.03s
[2026-03-22T01:04:15.514+0000][gc,start    ] GC(11) Pause Young (Normal) (G1 Evacuation Pause)
[2026-03-22T01:04:15.516+0000][gc,task     ] GC(11) Using 15 workers of 15 for evacuation
[2026-03-22T01:04:15.537+0000][gc,phases   ] GC(11)   Pre Evacuate Collection Set: 1.0ms
[2026-03-22T01:04:15.538+0000][gc,phases   ] GC(11)   Merge Heap Roots: 0.6ms
[2026-03-22T01:04:15.539+0000][gc,phases   ] GC(11)   Evacuate Collection Set: 12.0ms
[2026-03-22T01:04:15.540+0000][gc,phases   ] GC(11)   Post Evacuate Collection Set: 7.0ms
[2026-03-22T01:04:15.541+0000][gc,phases   ] GC(11)   Other: 3.7ms
[2026-03-22T01:04:15.542+0000][gc,heap     ] GC(11) Eden regions: 476->0(495)
[2026-03-22T01:04:15.542+0000][gc,heap     ] GC(11) Survivor regions: 36->17(64)
[2026-03-22T01:04:15.543+0000][gc,heap     ] GC(11) Old regions: 83->92
[2026-03-22T01:04:15.544+0000][gc,heap     ] GC(11) Archive regions: 2->2
[2026-03-22T01:04:15.544+0000][gc,heap     ] GC(11) Humongous regions: 2->2
[2026-03-22T01:04:15.545+0000][gc,metaspace] GC(11) Metaspace: 88141K(89024K)->88141K(89024K) NonClass: 77407K(77888K)->77407K(77888K) Class: 10733K(11136K)->10733K(11136K)
[2026-03-22T01:04:15.546+0000][gc          ] GC(11) Pause Young (Normal) (G1 Evacuation Pause) 597M->111M(1024M) 31.566ms
[2026-03-22T01:04:15.547+0000][gc,cpu      ] GC(11) User=0.14s Sys=0.02s Real=0.04s
[2026-03-22T01:37:36.756+0000][gc,start    ] GC(12) Pause Young (Normal) (G1 Evacuation Pause)
[2026-03-22T01:37:36.757+0000][gc,task     ] GC(12) Using 15 workers of 15 for evacuation
[2026-03-22T01:37:36.766+0000][gc,phases   ] GC(12)   Pre Evacuate Collection Set: 0.6ms
[2026-03-22T01:37:36.767+0000][gc,phases   ] GC(12)   Merge Heap Roots: 0.2ms
[2026-03-22T01:37:36.767+0000][gc,phases   ] GC(12)   Evacuate Collection Set: 5.3ms
[2026-03-22T01:37:36.767+0000][gc,phases   ] GC(12)   Post Evacuate Collection Set: 2.5ms
[2026-03-22T01:37:36.767+0000][gc,phases   ] GC(12)   Other: 1.8ms
[2026-03-22T01:37:36.767+0000][gc,heap     ] GC(12) Eden regions: 495->0(487)
[2026-03-22T01:37:36.768+0000][gc,heap     ] GC(12) Survivor regions: 17->25(64)
[2026-03-22T01:37:36.768+0000][gc,heap     ] GC(12) Old regions: 92->92
[2026-03-22T01:37:36.768+0000][gc,heap     ] GC(12) Archive regions: 2->2
[2026-03-22T01:37:36.768+0000][gc,heap     ] GC(12) Humongous regions: 2->2
[2026-03-22T01:37:36.768+0000][gc,metaspace] GC(12) Metaspace: 88290K(89088K)->88290K(89088K) NonClass: 77555K(77952K)->77555K(77952K) Class: 10735K(11136K)->10735K(11136K)
[2026-03-22T01:37:36.768+0000][gc          ] GC(12) Pause Young (Normal) (G1 Evacuation Pause) 606M->118M(1024M) 11.953ms
[2026-03-22T01:37:36.769+0000][gc,cpu      ] GC(12) User=0.07s Sys=0.00s Real=0.01s
[2026-03-22T02:12:10.367+0000][gc,start    ] GC(13) Pause Young (Normal) (G1 Evacuation Pause)
[2026-03-22T02:12:10.368+0000][gc,task     ] GC(13) Using 15 workers of 15 for evacuation
[2026-03-22T02:12:10.395+0000][gc,phases   ] GC(13)   Pre Evacuate Collection Set: 1.5ms
[2026-03-22T02:12:10.397+0000][gc,phases   ] GC(13)   Merge Heap Roots: 1.1ms
[2026-03-22T02:12:10.398+0000][gc,phases   ] GC(13)   Evacuate Collection Set: 16.1ms
[2026-03-22T02:12:10.399+0000][gc,phases   ] GC(13)   Post Evacuate Collection Set: 7.7ms
[2026-03-22T02:12:10.400+0000][gc,phases   ] GC(13)   Other: 3.5ms
[2026-03-22T02:12:10.401+0000][gc,heap     ] GC(13) Eden regions: 487->0(494)
[2026-03-22T02:12:10.402+0000][gc,heap     ] GC(13) Survivor regions: 25->18(64)
[2026-03-22T02:12:10.403+0000][gc,heap     ] GC(13) Old regions: 92->92
[2026-03-22T02:12:10.404+0000][gc,heap     ] GC(13) Archive regions: 2->2
[2026-03-22T02:12:10.405+0000][gc,heap     ] GC(13) Humongous regions: 2->2
[2026-03-22T02:12:10.406+0000][gc,metaspace] GC(13) Metaspace: 88354K(89152K)->88354K(89152K) NonClass: 77617K(78016K)->77617K(78016K) Class: 10736K(11136K)->10736K(11136K)
[2026-03-22T02:12:10.407+0000][gc          ] GC(13) Pause Young (Normal) (G1 Evacuation Pause) 605M->112M(1024M) 40.755ms
[2026-03-22T02:12:10.409+0000][gc,cpu      ] GC(13) User=0.21s Sys=0.02s Real=0.04s
[2026-03-22T22:26:07.114+0000][gc,start    ] GC(14) Pause Young (Normal) (G1 Evacuation Pause)
[2026-03-22T22:26:07.114+0000][gc,task     ] GC(14) Using 15 workers of 15 for evacuation
[2026-03-22T22:26:07.132+0000][gc,phases   ] GC(14)   Pre Evacuate Collection Set: 1.2ms
[2026-03-22T22:26:07.133+0000][gc,phases   ] GC(14)   Merge Heap Roots: 0.4ms
[2026-03-22T22:26:07.133+0000][gc,phases   ] GC(14)   Evacuate Collection Set: 12.3ms
[2026-03-22T22:26:07.133+0000][gc,phases   ] GC(14)   Post Evacuate Collection Set: 3.1ms
[2026-03-22T22:26:07.134+0000][gc,phases   ] GC(14)   Other: 4.7ms
[2026-03-22T22:26:07.134+0000][gc,heap     ] GC(14) Eden regions: 494->0(494)
[2026-03-22T22:26:07.134+0000][gc,heap     ] GC(14) Survivor regions: 18->18(64)
[2026-03-22T22:26:07.135+0000][gc,heap     ] GC(14) Old regions: 92->92
[2026-03-22T22:26:07.135+0000][gc,heap     ] GC(14) Archive regions: 2->2
[2026-03-22T22:26:07.135+0000][gc,heap     ] GC(14) Humongous regions: 2->2
[2026-03-22T22:26:07.136+0000][gc,metaspace] GC(14) Metaspace: 88468K(89344K)->88468K(89344K) NonClass: 77721K(78144K)->77721K(78144K) Class: 10746K(11200K)->10746K(11200K)
[2026-03-22T22:26:07.136+0000][gc          ] GC(14) Pause Young (Normal) (G1 Evacuation Pause) 606M->112M(1024M) 22.634ms
[2026-03-22T22:26:07.137+0000][gc,cpu      ] GC(14) User=0.17s Sys=0.01s Real=0.03s
[2026-03-22T22:55:51.933+0000][gc,start    ] GC(15) Pause Young (Normal) (G1 Evacuation Pause)
[2026-03-22T22:55:51.933+0000][gc,task     ] GC(15) Using 15 workers of 15 for evacuation
[2026-03-22T22:55:51.957+0000][gc,phases   ] GC(15)   Pre Evacuate Collection Set: 1.2ms
[2026-03-22T22:55:51.957+0000][gc,phases   ] GC(15)   Merge Heap Roots: 0.3ms
[2026-03-22T22:55:51.958+0000][gc,phases   ] GC(15)   Evacuate Collection Set: 17.5ms
[2026-03-22T22:55:51.958+0000][gc,phases   ] GC(15)   Post Evacuate Collection Set: 3.7ms
[2026-03-22T22:55:51.958+0000][gc,phases   ] GC(15)   Other: 2.0ms
[2026-03-22T22:55:51.959+0000][gc,heap     ] GC(15) Eden regions: 494->0(479)
[2026-03-22T22:55:51.959+0000][gc,heap     ] GC(15) Survivor regions: 18->33(64)
[2026-03-22T22:55:51.959+0000][gc,heap     ] GC(15) Old regions: 92->92
[2026-03-22T22:55:51.960+0000][gc,heap     ] GC(15) Archive regions: 2->2
[2026-03-22T22:55:51.960+0000][gc,heap     ] GC(15) Humongous regions: 8->8
[2026-03-22T22:55:51.960+0000][gc,metaspace] GC(15) Metaspace: 89914K(90816K)->89914K(90816K) NonClass: 79044K(79488K)->79044K(79488K) Class: 10870K(11328K)->10870K(11328K)
[2026-03-22T22:55:51.961+0000][gc          ] GC(15) Pause Young (Normal) (G1 Evacuation Pause) 612M->132M(1024M) 27.791ms
[2026-03-22T22:55:51.961+0000][gc,cpu      ] GC(15) User=0.26s Sys=0.00s Real=0.02s
[2026-03-22T23:28:56.131+0000][gc,start    ] GC(16) Pause Young (Normal) (G1 Evacuation Pause)
[2026-03-22T23:28:56.131+0000][gc,task     ] GC(16) Using 15 workers of 15 for evacuation
[2026-03-22T23:28:56.149+0000][gc,phases   ] GC(16)   Pre Evacuate Collection Set: 1.7ms
[2026-03-22T23:28:56.150+0000][gc,phases   ] GC(16)   Merge Heap Roots: 0.3ms
[2026-03-22T23:28:56.150+0000][gc,phases   ] GC(16)   Evacuate Collection Set: 11.9ms
[2026-03-22T23:28:56.151+0000][gc,phases   ] GC(16)   Post Evacuate Collection Set: 3.1ms
[2026-03-22T23:28:56.151+0000][gc,phases   ] GC(16)   Other: 3.0ms
[2026-03-22T23:28:56.152+0000][gc,heap     ] GC(16) Eden regions: 479->0(480)
[2026-03-22T23:28:56.152+0000][gc,heap     ] GC(16) Survivor regions: 33->32(64)
[2026-03-22T23:28:56.152+0000][gc,heap     ] GC(16) Old regions: 92->92
[2026-03-22T23:28:56.153+0000][gc,heap     ] GC(16) Archive regions: 2->2
[2026-03-22T23:28:56.153+0000][gc,heap     ] GC(16) Humongous regions: 8->8
[2026-03-22T23:28:56.153+0000][gc,metaspace] GC(16) Metaspace: 89988K(90880K)->89988K(90880K) NonClass: 79118K(79552K)->79118K(79552K) Class: 10870K(11328K)->10870K(11328K)
[2026-03-22T23:28:56.154+0000][gc          ] GC(16) Pause Young (Normal) (G1 Evacuation Pause) 611M->132M(1024M) 23.109ms
[2026-03-22T23:28:56.155+0000][gc,cpu      ] GC(16) User=0.18s Sys=0.00s Real=0.03s
[2026-03-23T00:01:45.627+0000][gc,start    ] GC(17) Pause Young (Normal) (G1 Evacuation Pause)
[2026-03-23T00:01:45.628+0000][gc,task     ] GC(17) Using 15 workers of 15 for evacuation
[2026-03-23T00:01:45.648+0000][gc,phases   ] GC(17)   Pre Evacuate Collection Set: 0.9ms
[2026-03-23T00:01:45.648+0000][gc,phases   ] GC(17)   Merge Heap Roots: 0.7ms
[2026-03-23T00:01:45.649+0000][gc,phases   ] GC(17)   Evacuate Collection Set: 13.9ms
[2026-03-23T00:01:45.649+0000][gc,phases   ] GC(17)   Post Evacuate Collection Set: 3.7ms
[2026-03-23T00:01:45.650+0000][gc,phases   ] GC(17)   Other: 2.2ms
[2026-03-23T00:01:45.650+0000][gc,heap     ] GC(17) Eden regions: 480->0(478)
[2026-03-23T00:01:45.651+0000][gc,heap     ] GC(17) Survivor regions: 32->34(64)
[2026-03-23T00:01:45.651+0000][gc,heap     ] GC(17) Old regions: 92->92
[2026-03-23T00:01:45.651+0000][gc,heap     ] GC(17) Archive regions: 2->2
[2026-03-23T00:01:45.652+0000][gc,heap     ] GC(17) Humongous regions: 8->8
[2026-03-23T00:01:45.652+0000][gc,metaspace] GC(17) Metaspace: 90136K(91008K)->90136K(91008K) NonClass: 79253K(79680K)->79253K(79680K) Class: 10883K(11328K)->10883K(11328K)
[2026-03-23T00:01:45.652+0000][gc          ] GC(17) Pause Young (Normal) (G1 Evacuation Pause) 612M->133M(1024M) 25.070ms
[2026-03-23T00:01:45.653+0000][gc,cpu      ] GC(17) User=0.20s Sys=0.00s Real=0.02s
[2026-03-23T00:32:35.011+0000][gc,start    ] GC(18) Pause Young (Normal) (G1 Evacuation Pause)
[2026-03-23T00:32:35.012+0000][gc,task     ] GC(18) Using 15 workers of 15 for evacuation
[2026-03-23T00:32:35.027+0000][gc,phases   ] GC(18)   Pre Evacuate Collection Set: 1.0ms
[2026-03-23T00:32:35.027+0000][gc,phases   ] GC(18)   Merge Heap Roots: 0.3ms
[2026-03-23T00:32:35.027+0000][gc,phases   ] GC(18)   Evacuate Collection Set: 11.3ms
[2026-03-23T00:32:35.028+0000][gc,phases   ] GC(18)   Post Evacuate Collection Set: 2.2ms
[2026-03-23T00:32:35.028+0000][gc,phases   ] GC(18)   Other: 1.2ms
[2026-03-23T00:32:35.028+0000][gc,heap     ] GC(18) Eden regions: 478->0(479)
[2026-03-23T00:32:35.028+0000][gc,heap     ] GC(18) Survivor regions: 34->33(64)
[2026-03-23T00:32:35.029+0000][gc,heap     ] GC(18) Old regions: 92->92
[2026-03-23T00:32:35.029+0000][gc,heap     ] GC(18) Archive regions: 2->2
[2026-03-23T00:32:35.029+0000][gc,heap     ] GC(18) Humongous regions: 8->8
[2026-03-23T00:32:35.029+0000][gc,metaspace] GC(18) Metaspace: 90776K(91712K)->90776K(91712K) NonClass: 79842K(80320K)->79842K(80320K) Class: 10934K(11392K)->10934K(11392K)
[2026-03-23T00:32:35.030+0000][gc          ] GC(18) Pause Young (Normal) (G1 Evacuation Pause) 611M->133M(1024M) 18.412ms
[2026-03-23T00:32:35.030+0000][gc,cpu      ] GC(18) User=0.16s Sys=0.00s Real=0.02s
