[2026-04-14T14:28:03.785+0000][gc,phases   ] GC(73)   Other: 2.6ms
[2026-04-14T14:28:03.785+0000][gc,heap     ] GC(73) Eden regions: 509->0(509)
[2026-04-14T14:28:03.786+0000][gc,heap     ] GC(73) Survivor regions: 3->3(64)
[2026-04-14T14:28:03.786+0000][gc,heap     ] GC(73) Old regions: 128->128
[2026-04-14T14:28:03.786+0000][gc,heap     ] GC(73) Archive regions: 2->2
[2026-04-14T14:28:03.787+0000][gc,heap     ] GC(73) Humongous regions: 18->18
[2026-04-14T14:28:03.787+0000][gc,metaspace] GC(73) Metaspace: 93031K(94016K)->93031K(94016K) NonClass: 82052K(82560K)->82052K(82560K) Class: 10978K(11456K)->10978K(11456K)
[2026-04-14T14:28:03.793+0000][gc          ] GC(73) Pause Young (Normal) (G1 Evacuation Pause) 657M->148M(1024M) 33.706ms
[2026-04-14T14:28:03.794+0000][gc,cpu      ] GC(73) User=0.09s Sys=0.01s Real=0.03s
[2026-04-14T23:45:57.772+0000][gc,start    ] GC(74) Pause Young (Normal) (G1 Evacuation Pause)
[2026-04-14T23:45:57.772+0000][gc,task     ] GC(74) Using 15 workers of 15 for evacuation
[2026-04-14T23:45:57.780+0000][gc,phases   ] GC(74)   Pre Evacuate Collection Set: 1.0ms
[2026-04-14T23:45:57.780+0000][gc,phases   ] GC(74)   Merge Heap Roots: 0.5ms
[2026-04-14T23:45:57.780+0000][gc,phases   ] GC(74)   Evacuate Collection Set: 4.6ms
[2026-04-14T23:45:57.781+0000][gc,phases   ] GC(74)   Post Evacuate Collection Set: 1.2ms
[2026-04-14T23:45:57.781+0000][gc,phases   ] GC(74)   Other: 1.1ms
[2026-04-14T23:45:57.782+0000][gc,heap     ] GC(74) Eden regions: 509->0(509)
[2026-04-14T23:45:57.782+0000][gc,heap     ] GC(74) Survivor regions: 3->3(64)
[2026-04-14T23:45:57.782+0000][gc,heap     ] GC(74) Old regions: 128->128
[2026-04-14T23:45:57.783+0000][gc,heap     ] GC(74) Archive regions: 2->2
[2026-04-14T23:45:57.783+0000][gc,heap     ] GC(74) Humongous regions: 20->20
[2026-04-14T23:45:57.783+0000][gc,metaspace] GC(74) Metaspace: 93032K(94016K)->93032K(94016K) NonClass: 82053K(82560K)->82053K(82560K) Class: 10978K(11456K)->10978K(11456K)
[2026-04-14T23:45:57.783+0000][gc          ] GC(74) Pause Young (Normal) (G1 Evacuation Pause) 659M->151M(1024M) 11.736ms
[2026-04-14T23:45:57.784+0000][gc,cpu      ] GC(74) User=0.05s Sys=0.00s Real=0.01s
[2026-04-15T00:17:02.120+0000][gc,start    ] GC(75) Pause Young (Normal) (G1 Evacuation Pause)
[2026-04-15T00:17:02.120+0000][gc,task     ] GC(75) Using 15 workers of 15 for evacuation
[2026-04-15T00:17:02.127+0000][gc,phases   ] GC(75)   Pre Evacuate Collection Set: 1.0ms
[2026-04-15T00:17:02.128+0000][gc,phases   ] GC(75)   Merge Heap Roots: 0.3ms
[2026-04-15T00:17:02.128+0000][gc,phases   ] GC(75)   Evacuate Collection Set: 3.5ms
[2026-04-15T00:17:02.128+0000][gc,phases   ] GC(75)   Post Evacuate Collection Set: 1.5ms
[2026-04-15T00:17:02.129+0000][gc,phases   ] GC(75)   Other: 1.4ms
[2026-04-15T00:17:02.129+0000][gc,heap     ] GC(75) Eden regions: 509->0(509)
[2026-04-15T00:17:02.129+0000][gc,heap     ] GC(75) Survivor regions: 3->3(64)
[2026-04-15T00:17:02.130+0000][gc,heap     ] GC(75) Old regions: 128->128
[2026-04-15T00:17:02.130+0000][gc,heap     ] GC(75) Archive regions: 2->2
[2026-04-15T00:17:02.130+0000][gc,heap     ] GC(75) Humongous regions: 20->20
[2026-04-15T00:17:02.131+0000][gc,metaspace] GC(75) Metaspace: 93032K(94016K)->93032K(94016K) NonClass: 82053K(82560K)->82053K(82560K) Class: 10978K(11456K)->10978K(11456K)
[2026-04-15T00:17:02.131+0000][gc          ] GC(75) Pause Young (Normal) (G1 Evacuation Pause) 660M->150M(1024M) 11.122ms
[2026-04-15T00:17:02.131+0000][gc,cpu      ] GC(75) User=0.05s Sys=0.00s Real=0.02s
[2026-04-15T02:28:00.370+0000][gc,start    ] GC(76) Pause Young (Normal) (G1 Evacuation Pause)
[2026-04-15T02:28:00.370+0000][gc,task     ] GC(76) Using 15 workers of 15 for evacuation
[2026-04-15T02:28:00.376+0000][gc,phases   ] GC(76)   Pre Evacuate Collection Set: 0.9ms
[2026-04-15T02:28:00.376+0000][gc,phases   ] GC(76)   Merge Heap Roots: 0.3ms
[2026-04-15T02:28:00.377+0000][gc,phases   ] GC(76)   Evacuate Collection Set: 2.7ms
[2026-04-15T02:28:00.377+0000][gc,phases   ] GC(76)   Post Evacuate Collection Set: 1.3ms
[2026-04-15T02:28:00.377+0000][gc,phases   ] GC(76)   Other: 1.1ms
[2026-04-15T02:28:00.378+0000][gc,heap     ] GC(76) Eden regions: 509->0(509)
[2026-04-15T02:28:00.378+0000][gc,heap     ] GC(76) Survivor regions: 3->3(64)
[2026-04-15T02:28:00.378+0000][gc,heap     ] GC(76) Old regions: 128->128
[2026-04-15T02:28:00.378+0000][gc,heap     ] GC(76) Archive regions: 2->2
[2026-04-15T02:28:00.378+0000][gc,heap     ] GC(76) Humongous regions: 20->20
[2026-04-15T02:28:00.378+0000][gc,metaspace] GC(76) Metaspace: 93032K(94016K)->93032K(94016K) NonClass: 82053K(82560K)->82053K(82560K) Class: 10978K(11456K)->10978K(11456K)
[2026-04-15T02:28:00.378+0000][gc          ] GC(76) Pause Young (Normal) (G1 Evacuation Pause) 659M->151M(1024M) 8.422ms
[2026-04-15T02:28:00.379+0000][gc,cpu      ] GC(76) User=0.02s Sys=0.02s Real=0.01s
[2026-04-15T04:56:57.571+0000][gc,start    ] GC(77) Pause Young (Normal) (G1 Evacuation Pause)
[2026-04-15T04:56:57.572+0000][gc,task     ] GC(77) Using 15 workers of 15 for evacuation
[2026-04-15T04:56:57.583+0000][gc,phases   ] GC(77)   Pre Evacuate Collection Set: 2.1ms
[2026-04-15T04:56:57.583+0000][gc,phases   ] GC(77)   Merge Heap Roots: 0.7ms
[2026-04-15T04:56:57.584+0000][gc,phases   ] GC(77)   Evacuate Collection Set: 4.8ms
[2026-04-15T04:56:57.584+0000][gc,phases   ] GC(77)   Post Evacuate Collection Set: 2.6ms
[2026-04-15T04:56:57.585+0000][gc,phases   ] GC(77)   Other: 3.8ms
[2026-04-15T04:56:57.585+0000][gc,heap     ] GC(77) Eden regions: 509->0(509)
[2026-04-15T04:56:57.586+0000][gc,heap     ] GC(77) Survivor regions: 3->3(64)
[2026-04-15T04:56:57.586+0000][gc,heap     ] GC(77) Old regions: 128->128
[2026-04-15T04:56:57.586+0000][gc,heap     ] GC(77) Archive regions: 2->2
[2026-04-15T04:56:57.586+0000][gc,heap     ] GC(77) Humongous regions: 20->20
[2026-04-15T04:56:57.587+0000][gc,metaspace] GC(77) Metaspace: 93067K(94016K)->93067K(94016K) NonClass: 82088K(82560K)->82088K(82560K) Class: 10978K(11456K)->10978K(11456K)
[2026-04-15T04:56:57.587+0000][gc          ] GC(77) Pause Young (Normal) (G1 Evacuation Pause) 660M->151M(1024M) 15.952ms
[2026-04-15T04:56:57.588+0000][gc,cpu      ] GC(77) User=0.07s Sys=0.01s Real=0.01s
[2026-04-15T05:27:51.646+0000][gc,start    ] GC(78) Pause Young (Normal) (G1 Evacuation Pause)
[2026-04-15T05:27:51.647+0000][gc,task     ] GC(78) Using 15 workers of 15 for evacuation
[2026-04-15T05:27:51.654+0000][gc,phases   ] GC(78)   Pre Evacuate Collection Set: 1.1ms
[2026-04-15T05:27:51.655+0000][gc,phases   ] GC(78)   Merge Heap Roots: 0.4ms
[2026-04-15T05:27:51.655+0000][gc,phases   ] GC(78)   Evacuate Collection Set: 3.1ms
[2026-04-15T05:27:51.656+0000][gc,phases   ] GC(78)   Post Evacuate Collection Set: 2.1ms
[2026-04-15T05:27:51.656+0000][gc,phases   ] GC(78)   Other: 1.6ms
[2026-04-15T05:27:51.657+0000][gc,heap     ] GC(78) Eden regions: 509->0(509)
[2026-04-15T05:27:51.658+0000][gc,heap     ] GC(78) Survivor regions: 3->3(64)
[2026-04-15T05:27:51.658+0000][gc,heap     ] GC(78) Old regions: 128->128
[2026-04-15T05:27:51.659+0000][gc,heap     ] GC(78) Archive regions: 2->2
[2026-04-15T05:27:51.659+0000][gc,heap     ] GC(78) Humongous regions: 20->20
[2026-04-15T05:27:51.659+0000][gc,metaspace] GC(78) Metaspace: 93091K(94080K)->93091K(94080K) NonClass: 82112K(82624K)->82112K(82624K) Class: 10978K(11456K)->10978K(11456K)
[2026-04-15T05:27:51.660+0000][gc          ] GC(78) Pause Young (Normal) (G1 Evacuation Pause) 660M->150M(1024M) 13.704ms
[2026-04-15T05:27:51.661+0000][gc,cpu      ] GC(78) User=0.05s Sys=0.00s Real=0.02s
[2026-04-15T08:20:58.945+0000][gc,start    ] GC(79) Pause Young (Normal) (G1 Evacuation Pause)
[2026-04-15T08:20:58.946+0000][gc,task     ] GC(79) Using 15 workers of 15 for evacuation
[2026-04-15T08:20:58.955+0000][gc,phases   ] GC(79)   Pre Evacuate Collection Set: 1.4ms
[2026-04-15T08:20:58.955+0000][gc,phases   ] GC(79)   Merge Heap Roots: 0.4ms
[2026-04-15T08:20:58.955+0000][gc,phases   ] GC(79)   Evacuate Collection Set: 3.9ms
[2026-04-15T08:20:58.956+0000][gc,phases   ] GC(79)   Post Evacuate Collection Set: 2.4ms
[2026-04-15T08:20:58.956+0000][gc,phases   ] GC(79)   Other: 2.1ms
[2026-04-15T08:20:58.956+0000][gc,heap     ] GC(79) Eden regions: 509->0(509)
[2026-04-15T08:20:58.956+0000][gc,heap     ] GC(79) Survivor regions: 3->3(64)
[2026-04-15T08:20:58.957+0000][gc,heap     ] GC(79) Old regions: 128->129
[2026-04-15T08:20:58.957+0000][gc,heap     ] GC(79) Archive regions: 2->2
[2026-04-15T08:20:58.957+0000][gc,heap     ] GC(79) Humongous regions: 20->20
[2026-04-15T08:20:58.958+0000][gc,metaspace] GC(79) Metaspace: 93096K(94080K)->93096K(94080K) NonClass: 82117K(82624K)->82117K(82624K) Class: 10979K(11456K)->10979K(11456K)
[2026-04-15T08:20:58.958+0000][gc          ] GC(79) Pause Young (Normal) (G1 Evacuation Pause) 659M->151M(1024M) 12.891ms
[2026-04-15T08:20:58.959+0000][gc,cpu      ] GC(79) User=0.05s Sys=0.00s Real=0.02s
[2026-04-15T08:51:51.635+0000][gc,start    ] GC(80) Pause Young (Normal) (G1 Evacuation Pause)
[2026-04-15T08:51:51.635+0000][gc,task     ] GC(80) Using 15 workers of 15 for evacuation
[2026-04-15T08:51:51.645+0000][gc,phases   ] GC(80)   Pre Evacuate Collection Set: 1.4ms
[2026-04-15T08:51:51.645+0000][gc,phases   ] GC(80)   Merge Heap Roots: 0.4ms
[2026-04-15T08:51:51.646+0000][gc,phases   ] GC(80)   Evacuate Collection Set: 5.9ms
[2026-04-15T08:51:51.646+0000][gc,phases   ] GC(80)   Post Evacuate Collection Set: 2.0ms
[2026-04-15T08:51:51.646+0000][gc,phases   ] GC(80)   Other: 2.2ms
[2026-04-15T08:51:51.646+0000][gc,heap     ] GC(80) Eden regions: 509->0(510)
[2026-04-15T08:51:51.646+0000][gc,heap     ] GC(80) Survivor regions: 3->2(64)
[2026-04-15T08:51:51.646+0000][gc,heap     ] GC(80) Old regions: 129->129
[2026-04-15T08:51:51.646+0000][gc,heap     ] GC(80) Archive regions: 2->2
[2026-04-15T08:51:51.646+0000][gc,heap     ] GC(80) Humongous regions: 20->20
[2026-04-15T08:51:51.646+0000][gc,metaspace] GC(80) Metaspace: 93097K(94080K)->93097K(94080K) NonClass: 82118K(82624K)->82118K(82624K) Class: 10979K(11456K)->10979K(11456K)
[2026-04-15T08:51:51.647+0000][gc          ] GC(80) Pause Young (Normal) (G1 Evacuation Pause) 660M->151M(1024M) 12.014ms
[2026-04-15T08:51:51.648+0000][gc,cpu      ] GC(80) User=0.08s Sys=0.00s Real=0.02s
[2026-04-15T09:22:32.545+0000][gc,start    ] GC(81) Pause Young (Normal) (G1 Evacuation Pause)
[2026-04-15T09:22:32.546+0000][gc,task     ] GC(81) Using 15 workers of 15 for evacuation
[2026-04-15T09:22:32.557+0000][gc,phases   ] GC(81)   Pre Evacuate Collection Set: 1.0ms
[2026-04-15T09:22:32.557+0000][gc,phases   ] GC(81)   Merge Heap Roots: 0.5ms
[2026-04-15T09:22:32.558+0000][gc,phases   ] GC(81)   Evacuate Collection Set: 6.3ms
[2026-04-15T09:22:32.558+0000][gc,phases   ] GC(81)   Post Evacuate Collection Set: 2.1ms
[2026-04-15T09:22:32.559+0000][gc,phases   ] GC(81)   Other: 3.0ms
[2026-04-15T09:22:32.559+0000][gc,heap     ] GC(81) Eden regions: 510->0(509)
[2026-04-15T09:22:32.560+0000][gc,heap     ] GC(81) Survivor regions: 2->3(64)
[2026-04-15T09:22:32.561+0000][gc,heap     ] GC(81) Old regions: 129->129
[2026-04-15T09:22:32.561+0000][gc,heap     ] GC(81) Archive regions: 2->2
[2026-04-15T09:22:32.561+0000][gc,heap     ] GC(81) Humongous regions: 20->20
[2026-04-15T09:22:32.562+0000][gc,metaspace] GC(81) Metaspace: 93119K(94080K)->93119K(94080K) NonClass: 82140K(82624K)->82140K(82624K) Class: 10979K(11456K)->10979K(11456K)
[2026-04-15T09:22:32.562+0000][gc          ] GC(81) Pause Young (Normal) (G1 Evacuation Pause) 661M->151M(1024M) 16.820ms
[2026-04-15T09:22:32.563+0000][gc,cpu      ] GC(81) User=0.11s Sys=0.00s Real=0.01s
