[2026-04-15T23:35:52.671+0000][gc] Using G1
[2026-04-15T23:35:52.678+0000][gc,init] Version: 17.0.16+8-alpine-r0 (release)
[2026-04-15T23:35:52.678+0000][gc,init] CPUs: 20 total, 20 available
[2026-04-15T23:35:52.678+0000][gc,init] Memory: 15805M
[2026-04-15T23:35:52.678+0000][gc,init] Large Page Support: Disabled
[2026-04-15T23:35:52.679+0000][gc,init] NUMA Support: Disabled
[2026-04-15T23:35:52.679+0000][gc,init] Compressed Oops: Enabled (32-bit)
[2026-04-15T23:35:52.679+0000][gc,init] Heap Region Size: 1M
[2026-04-15T23:35:52.679+0000][gc,init] Heap Min Capacity: 1G
[2026-04-15T23:35:52.679+0000][gc,init] Heap Initial Capacity: 1G
[2026-04-15T23:35:52.679+0000][gc,init] Heap Max Capacity: 1G
[2026-04-15T23:35:52.680+0000][gc,init] Pre-touch: Disabled
[2026-04-15T23:35:52.680+0000][gc,init] Parallel Workers: 15
[2026-04-15T23:35:52.680+0000][gc,init] Concurrent Workers: 4
[2026-04-15T23:35:52.680+0000][gc,init] Concurrent Refinement Workers: 15
[2026-04-15T23:35:52.680+0000][gc,init] Periodic GC: Disabled
[2026-04-15T23:35:52.686+0000][gc,metaspace] CDS archive(s) mapped at: [0x0000771334000000-0x0000771334bc7000-0x0000771334bc7000), size 12349440, SharedBaseAddress: 0x0000771334000000, ArchiveRelocationMode: 1.
[2026-04-15T23:35:52.686+0000][gc,metaspace] Compressed class space mapped at: 0x0000771335000000-0x0000771375000000, reserved size: 1073741824
[2026-04-15T23:35:52.686+0000][gc,metaspace] Narrow klass base: 0x0000771334000000, Narrow klass shift: 0, Narrow klass range: 0x100000000
[2026-04-15T23:35:55.143+0000][gc,start    ] GC(0) Pause Young (Concurrent Start) (Metadata GC Threshold)
[2026-04-15T23:35:55.145+0000][gc,task     ] GC(0) Using 15 workers of 15 for evacuation
[2026-04-15T23:35:55.152+0000][gc,phases   ] GC(0)   Pre Evacuate Collection Set: 0.2ms
[2026-04-15T23:35:55.153+0000][gc,phases   ] GC(0)   Merge Heap Roots: 0.2ms
[2026-04-15T23:35:55.153+0000][gc,phases   ] GC(0)   Evacuate Collection Set: 5.1ms
[2026-04-15T23:35:55.153+0000][gc,phases   ] GC(0)   Post Evacuate Collection Set: 1.3ms
[2026-04-15T23:35:55.154+0000][gc,phases   ] GC(0)   Other: 2.1ms
[2026-04-15T23:35:55.154+0000][gc,heap     ] GC(0) Eden regions: 355->0(493)
[2026-04-15T23:35:55.154+0000][gc,heap     ] GC(0) Survivor regions: 0->19(64)
[2026-04-15T23:35:55.155+0000][gc,heap     ] GC(0) Old regions: 0->0
[2026-04-15T23:35:55.155+0000][gc,heap     ] GC(0) Archive regions: 2->2
[2026-04-15T23:35:55.156+0000][gc,heap     ] GC(0) Humongous regions: 0->0
[2026-04-15T23:35:55.156+0000][gc,metaspace] GC(0) Metaspace: 21187K(21504K)->21187K(21504K) NonClass: 18604K(18752K)->18604K(18752K) Class: 2583K(2752K)->2583K(2752K)
[2026-04-15T23:35:55.156+0000][gc          ] GC(0) Pause Young (Concurrent Start) (Metadata GC Threshold) 355M->19M(1024M) 13.094ms
[2026-04-15T23:35:55.156+0000][gc,cpu      ] GC(0) User=0.05s Sys=0.02s Real=0.01s
[2026-04-15T23:35:55.157+0000][gc          ] GC(1) Concurrent Mark Cycle
[2026-04-15T23:35:55.157+0000][gc,marking  ] GC(1) Concurrent Clear Claimed Marks
[2026-04-15T23:35:55.158+0000][gc,marking  ] GC(1) Concurrent Clear Claimed Marks 0.419ms
[2026-04-15T23:35:55.158+0000][gc,marking  ] GC(1) Concurrent Scan Root Regions
[2026-04-15T23:35:55.161+0000][gc,marking  ] GC(1) Concurrent Scan Root Regions 2.881ms
[2026-04-15T23:35:55.161+0000][gc,marking  ] GC(1) Concurrent Mark
[2026-04-15T23:35:55.161+0000][gc,marking  ] GC(1) Concurrent Mark From Roots
[2026-04-15T23:35:55.162+0000][gc,task     ] GC(1) Using 4 workers of 4 for marking
[2026-04-15T23:35:55.163+0000][gc,marking  ] GC(1) Concurrent Mark From Roots 1.409ms
[2026-04-15T23:35:55.163+0000][gc,marking  ] GC(1) Concurrent Preclean
[2026-04-15T23:35:55.163+0000][gc,marking  ] GC(1) Concurrent Preclean 0.188ms
[2026-04-15T23:35:55.163+0000][gc,start    ] GC(1) Pause Remark
[2026-04-15T23:35:55.165+0000][gc          ] GC(1) Pause Remark 21M->21M(1024M) 1.752ms
[2026-04-15T23:35:55.166+0000][gc,cpu      ] GC(1) User=0.01s Sys=0.00s Real=0.00s
[2026-04-15T23:35:55.166+0000][gc,marking  ] GC(1) Concurrent Mark 4.781ms
[2026-04-15T23:35:55.166+0000][gc,marking  ] GC(1) Concurrent Rebuild Remembered Sets
[2026-04-15T23:35:55.167+0000][gc,marking  ] GC(1) Concurrent Rebuild Remembered Sets 0.336ms
[2026-04-15T23:35:55.167+0000][gc,start    ] GC(1) Pause Cleanup
[2026-04-15T23:35:55.167+0000][gc          ] GC(1) Pause Cleanup 21M->21M(1024M) 0.314ms
[2026-04-15T23:35:55.167+0000][gc,cpu      ] GC(1) User=0.01s Sys=0.00s Real=0.00s
[2026-04-15T23:35:55.168+0000][gc,marking  ] GC(1) Concurrent Cleanup for Next Mark
[2026-04-15T23:35:55.171+0000][gc,marking  ] GC(1) Concurrent Cleanup for Next Mark 3.395ms
[2026-04-15T23:35:55.172+0000][gc          ] GC(1) Concurrent Mark Cycle 14.771ms
[2026-04-15T23:35:57.175+0000][gc,start    ] GC(2) Pause Young (Normal) (G1 Evacuation Pause)
[2026-04-15T23:35:57.175+0000][gc,task     ] GC(2) Using 15 workers of 15 for evacuation
[2026-04-15T23:35:57.191+0000][gc,phases   ] GC(2)   Pre Evacuate Collection Set: 0.2ms
[2026-04-15T23:35:57.191+0000][gc,phases   ] GC(2)   Merge Heap Roots: 0.2ms
[2026-04-15T23:35:57.191+0000][gc,phases   ] GC(2)   Evacuate Collection Set: 11.7ms
[2026-04-15T23:35:57.192+0000][gc,phases   ] GC(2)   Post Evacuate Collection Set: 2.8ms
[2026-04-15T23:35:57.192+0000][gc,phases   ] GC(2)   Other: 0.8ms
[2026-04-15T23:35:57.192+0000][gc,heap     ] GC(2) Eden regions: 493->0(465)
[2026-04-15T23:35:57.193+0000][gc,heap     ] GC(2) Survivor regions: 19->47(64)
[2026-04-15T23:35:57.193+0000][gc,heap     ] GC(2) Old regions: 0->0
[2026-04-15T23:35:57.193+0000][gc,heap     ] GC(2) Archive regions: 2->2
[2026-04-15T23:35:57.194+0000][gc,heap     ] GC(2) Humongous regions: 0->0
[2026-04-15T23:35:57.194+0000][gc,metaspace] GC(2) Metaspace: 35271K(35712K)->35271K(35712K) NonClass: 30858K(31104K)->30858K(31104K) Class: 4412K(4608K)->4412K(4608K)
[2026-04-15T23:35:57.195+0000][gc          ] GC(2) Pause Young (Normal) (G1 Evacuation Pause) 512M->47M(1024M) 19.591ms
[2026-04-15T23:35:57.195+0000][gc,cpu      ] GC(2) User=0.17s Sys=0.07s Real=0.02s
[2026-04-15T23:35:57.213+0000][gc,start    ] GC(3) Pause Young (Concurrent Start) (Metadata GC Threshold)
[2026-04-15T23:35:57.213+0000][gc,task     ] GC(3) Using 15 workers of 15 for evacuation
[2026-04-15T23:35:57.224+0000][gc,phases   ] GC(3)   Pre Evacuate Collection Set: 0.2ms
[2026-04-15T23:35:57.224+0000][gc,phases   ] GC(3)   Merge Heap Roots: 0.1ms
[2026-04-15T23:35:57.225+0000][gc,phases   ] GC(3)   Evacuate Collection Set: 8.0ms
[2026-04-15T23:35:57.225+0000][gc,phases   ] GC(3)   Post Evacuate Collection Set: 1.4ms
[2026-04-15T23:35:57.226+0000][gc,phases   ] GC(3)   Other: 1.2ms
[2026-04-15T23:35:57.226+0000][gc,heap     ] GC(3) Eden regions: 4->0(481)
[2026-04-15T23:35:57.227+0000][gc,heap     ] GC(3) Survivor regions: 47->31(64)
[2026-04-15T23:35:57.227+0000][gc,heap     ] GC(3) Old regions: 0->19
[2026-04-15T23:35:57.228+0000][gc,heap     ] GC(3) Archive regions: 2->2
[2026-04-15T23:35:57.228+0000][gc,heap     ] GC(3) Humongous regions: 0->0
[2026-04-15T23:35:57.228+0000][gc,metaspace] GC(3) Metaspace: 35573K(35968K)->35573K(35968K) NonClass: 31118K(31360K)->31118K(31360K) Class: 4454K(4608K)->4454K(4608K)
[2026-04-15T23:35:57.229+0000][gc          ] GC(3) Pause Young (Concurrent Start) (Metadata GC Threshold) 50M->49M(1024M) 16.206ms
[2026-04-15T23:35:57.229+0000][gc,cpu      ] GC(3) User=0.10s Sys=0.04s Real=0.01s
[2026-04-15T23:35:57.230+0000][gc          ] GC(4) Concurrent Mark Cycle
[2026-04-15T23:35:57.230+0000][gc,marking  ] GC(4) Concurrent Clear Claimed Marks
[2026-04-15T23:35:57.230+0000][gc,marking  ] GC(4) Concurrent Clear Claimed Marks 0.295ms
[2026-04-15T23:35:57.231+0000][gc,marking  ] GC(4) Concurrent Scan Root Regions
[2026-04-15T23:35:57.235+0000][gc,marking  ] GC(4) Concurrent Scan Root Regions 4.176ms
[2026-04-15T23:35:57.235+0000][gc,marking  ] GC(4) Concurrent Mark
[2026-04-15T23:35:57.236+0000][gc,marking  ] GC(4) Concurrent Mark From Roots
[2026-04-15T23:35:57.236+0000][gc,task     ] GC(4) Using 4 workers of 4 for marking
[2026-04-15T23:35:57.238+0000][gc,marking  ] GC(4) Concurrent Mark From Roots 1.989ms
[2026-04-15T23:35:57.238+0000][gc,marking  ] GC(4) Concurrent Preclean
[2026-04-15T23:35:57.239+0000][gc,marking  ] GC(4) Concurrent Preclean 0.513ms
[2026-04-15T23:35:57.239+0000][gc,start    ] GC(4) Pause Remark
[2026-04-15T23:35:57.242+0000][gc          ] GC(4) Pause Remark 50M->50M(1024M) 2.235ms
[2026-04-15T23:35:57.242+0000][gc,cpu      ] GC(4) User=0.02s Sys=0.00s Real=0.01s
[2026-04-15T23:35:57.243+0000][gc,marking  ] GC(4) Concurrent Mark 7.290ms
[2026-04-15T23:35:57.243+0000][gc,marking  ] GC(4) Concurrent Rebuild Remembered Sets
[2026-04-15T23:35:57.246+0000][gc,marking  ] GC(4) Concurrent Rebuild Remembered Sets 2.588ms
[2026-04-15T23:35:57.247+0000][gc,start    ] GC(4) Pause Cleanup
[2026-04-15T23:35:57.247+0000][gc          ] GC(4) Pause Cleanup 50M->50M(1024M) 0.636ms
[2026-04-15T23:35:57.248+0000][gc,cpu      ] GC(4) User=0.01s Sys=0.00s Real=0.00s
[2026-04-15T23:35:57.248+0000][gc,marking  ] GC(4) Concurrent Cleanup for Next Mark
[2026-04-15T23:35:57.252+0000][gc,marking  ] GC(4) Concurrent Cleanup for Next Mark 3.599ms
[2026-04-15T23:35:57.252+0000][gc          ] GC(4) Concurrent Mark Cycle 22.564ms
[2026-04-15T23:36:00.561+0000][gc,start    ] GC(5) Pause Young (Concurrent Start) (Metadata GC Threshold)
[2026-04-15T23:36:00.561+0000][gc,task     ] GC(5) Using 15 workers of 15 for evacuation
[2026-04-15T23:36:00.572+0000][gc,phases   ] GC(5)   Pre Evacuate Collection Set: 0.3ms
[2026-04-15T23:36:00.572+0000][gc,phases   ] GC(5)   Merge Heap Roots: 0.2ms
[2026-04-15T23:36:00.573+0000][gc,phases   ] GC(5)   Evacuate Collection Set: 8.1ms
[2026-04-15T23:36:00.573+0000][gc,phases   ] GC(5)   Post Evacuate Collection Set: 1.8ms
[2026-04-15T23:36:00.573+0000][gc,phases   ] GC(5)   Other: 0.8ms
[2026-04-15T23:36:00.574+0000][gc,heap     ] GC(5) Eden regions: 362->0(462)
[2026-04-15T23:36:00.574+0000][gc,heap     ] GC(5) Survivor regions: 31->50(64)
[2026-04-15T23:36:00.574+0000][gc,heap     ] GC(5) Old regions: 19->19
[2026-04-15T23:36:00.574+0000][gc,heap     ] GC(5) Archive regions: 2->2
[2026-04-15T23:36:00.575+0000][gc,heap     ] GC(5) Humongous regions: 0->0
[2026-04-15T23:36:00.575+0000][gc,metaspace] GC(5) Metaspace: 59760K(60288K)->59760K(60288K) NonClass: 52357K(52608K)->52357K(52608K) Class: 7402K(7680K)->7402K(7680K)
[2026-04-15T23:36:00.575+0000][gc          ] GC(5) Pause Young (Concurrent Start) (Metadata GC Threshold) 411M->68M(1024M) 14.492ms
[2026-04-15T23:36:00.575+0000][gc,cpu      ] GC(5) User=0.12s Sys=0.00s Real=0.01s
[2026-04-15T23:36:00.576+0000][gc          ] GC(6) Concurrent Mark Cycle
[2026-04-15T23:36:00.577+0000][gc,marking  ] GC(6) Concurrent Clear Claimed Marks
[2026-04-15T23:36:00.578+0000][gc,marking  ] GC(6) Concurrent Clear Claimed Marks 0.342ms
[2026-04-15T23:36:00.578+0000][gc,marking  ] GC(6) Concurrent Scan Root Regions
[2026-04-15T23:36:00.583+0000][gc,marking  ] GC(6) Concurrent Scan Root Regions 5.223ms
[2026-04-15T23:36:00.583+0000][gc,marking  ] GC(6) Concurrent Mark
[2026-04-15T23:36:00.584+0000][gc,marking  ] GC(6) Concurrent Mark From Roots
[2026-04-15T23:36:00.584+0000][gc,task     ] GC(6) Using 4 workers of 4 for marking
[2026-04-15T23:36:00.589+0000][gc,marking  ] GC(6) Concurrent Mark From Roots 5.438ms
[2026-04-15T23:36:00.589+0000][gc,marking  ] GC(6) Concurrent Preclean
[2026-04-15T23:36:00.590+0000][gc,marking  ] GC(6) Concurrent Preclean 0.278ms
[2026-04-15T23:36:00.590+0000][gc,start    ] GC(6) Pause Remark
[2026-04-15T23:36:00.592+0000][gc          ] GC(6) Pause Remark 77M->77M(1024M) 2.359ms
[2026-04-15T23:36:00.593+0000][gc,cpu      ] GC(6) User=0.01s Sys=0.00s Real=0.01s
[2026-04-15T23:36:00.593+0000][gc,marking  ] GC(6) Concurrent Mark 9.865ms
[2026-04-15T23:36:00.593+0000][gc,marking  ] GC(6) Concurrent Rebuild Remembered Sets
[2026-04-15T23:36:00.596+0000][gc,marking  ] GC(6) Concurrent Rebuild Remembered Sets 2.364ms
[2026-04-15T23:36:00.596+0000][gc,start    ] GC(6) Pause Cleanup
[2026-04-15T23:36:00.597+0000][gc          ] GC(6) Pause Cleanup 78M->78M(1024M) 0.402ms
[2026-04-15T23:36:00.597+0000][gc,cpu      ] GC(6) User=0.00s Sys=0.00s Real=0.00s
[2026-04-15T23:36:00.597+0000][gc,marking  ] GC(6) Concurrent Cleanup for Next Mark
[2026-04-15T23:36:00.598+0000][gc,marking  ] GC(6) Concurrent Cleanup for Next Mark 0.799ms
[2026-04-15T23:36:00.598+0000][gc          ] GC(6) Concurrent Mark Cycle 22.359ms
[2026-04-15T23:36:02.629+0000][gc,start    ] GC(7) Pause Young (Normal) (G1 Evacuation Pause)
[2026-04-15T23:36:02.629+0000][gc,task     ] GC(7) Using 15 workers of 15 for evacuation
[2026-04-15T23:36:02.644+0000][gc,phases   ] GC(7)   Pre Evacuate Collection Set: 0.2ms
[2026-04-15T23:36:02.645+0000][gc,phases   ] GC(7)   Merge Heap Roots: 0.2ms
[2026-04-15T23:36:02.645+0000][gc,phases   ] GC(7)   Evacuate Collection Set: 12.4ms
[2026-04-15T23:36:02.645+0000][gc,phases   ] GC(7)   Post Evacuate Collection Set: 2.3ms
[2026-04-15T23:36:02.645+0000][gc,phases   ] GC(7)   Other: 0.8ms
[2026-04-15T23:36:02.646+0000][gc,heap     ] GC(7) Eden regions: 462->0(462)
[2026-04-15T23:36:02.646+0000][gc,heap     ] GC(7) Survivor regions: 50->50(64)
[2026-04-15T23:36:02.646+0000][gc,heap     ] GC(7) Old regions: 19->44
[2026-04-15T23:36:02.646+0000][gc,heap     ] GC(7) Archive regions: 2->2
[2026-04-15T23:36:02.646+0000][gc,heap     ] GC(7) Humongous regions: 0->0
[2026-04-15T23:36:02.647+0000][gc,metaspace] GC(7) Metaspace: 71636K(72192K)->71636K(72192K) NonClass: 62569K(62848K)->62569K(62848K) Class: 9066K(9344K)->9066K(9344K)
[2026-04-15T23:36:02.647+0000][gc          ] GC(7) Pause Young (Normal) (G1 Evacuation Pause) 530M->93M(1024M) 18.367ms
[2026-04-15T23:36:02.647+0000][gc,cpu      ] GC(7) User=0.16s Sys=0.06s Real=0.02s
[2026-04-15T23:36:04.257+0000][gc,start    ] GC(8) Pause Young (Normal) (G1 Evacuation Pause)
[2026-04-15T23:36:04.257+0000][gc,task     ] GC(8) Using 15 workers of 15 for evacuation
[2026-04-15T23:36:04.274+0000][gc,phases   ] GC(8)   Pre Evacuate Collection Set: 0.2ms
[2026-04-15T23:36:04.275+0000][gc,phases   ] GC(8)   Merge Heap Roots: 0.2ms
[2026-04-15T23:36:04.275+0000][gc,phases   ] GC(8)   Evacuate Collection Set: 13.6ms
[2026-04-15T23:36:04.275+0000][gc,phases   ] GC(8)   Post Evacuate Collection Set: 3.0ms
[2026-04-15T23:36:04.275+0000][gc,phases   ] GC(8)   Other: 0.6ms
[2026-04-15T23:36:04.275+0000][gc,heap     ] GC(8) Eden regions: 462->0(455)
[2026-04-15T23:36:04.276+0000][gc,heap     ] GC(8) Survivor regions: 50->57(64)
[2026-04-15T23:36:04.276+0000][gc,heap     ] GC(8) Old regions: 44->65
[2026-04-15T23:36:04.276+0000][gc,heap     ] GC(8) Archive regions: 2->2
[2026-04-15T23:36:04.276+0000][gc,heap     ] GC(8) Humongous regions: 0->0
[2026-04-15T23:36:04.276+0000][gc,metaspace] GC(8) Metaspace: 79651K(80320K)->79651K(80320K) NonClass: 69573K(69952K)->69573K(69952K) Class: 10077K(10368K)->10077K(10368K)
[2026-04-15T23:36:04.277+0000][gc          ] GC(8) Pause Young (Normal) (G1 Evacuation Pause) 555M->122M(1024M) 20.155ms
[2026-04-15T23:36:04.277+0000][gc,cpu      ] GC(8) User=0.22s Sys=0.03s Real=0.02s
[2026-04-15T23:40:14.100+0000][gc,start    ] GC(9) Pause Young (Normal) (G1 Evacuation Pause)
[2026-04-15T23:40:14.101+0000][gc,task     ] GC(9) Using 15 workers of 15 for evacuation
[2026-04-15T23:40:14.117+0000][gc,phases   ] GC(9)   Pre Evacuate Collection Set: 0.6ms
[2026-04-15T23:40:14.118+0000][gc,phases   ] GC(9)   Merge Heap Roots: 0.2ms
[2026-04-15T23:40:14.118+0000][gc,phases   ] GC(9)   Evacuate Collection Set: 12.3ms
[2026-04-15T23:40:14.118+0000][gc,phases   ] GC(9)   Post Evacuate Collection Set: 3.5ms
[2026-04-15T23:40:14.118+0000][gc,phases   ] GC(9)   Other: 1.0ms
[2026-04-15T23:40:14.119+0000][gc,heap     ] GC(9) Eden regions: 455->0(475)
[2026-04-15T23:40:14.119+0000][gc,heap     ] GC(9) Survivor regions: 57->37(64)
[2026-04-15T23:40:14.119+0000][gc,heap     ] GC(9) Old regions: 65->82
[2026-04-15T23:40:14.119+0000][gc,heap     ] GC(9) Archive regions: 2->2
[2026-04-15T23:40:14.119+0000][gc,heap     ] GC(9) Humongous regions: 2->2
[2026-04-15T23:40:14.120+0000][gc,metaspace] GC(9) Metaspace: 87266K(88128K)->87266K(88128K) NonClass: 76513K(76928K)->76513K(76928K) Class: 10752K(11200K)->10752K(11200K)
[2026-04-15T23:40:14.120+0000][gc          ] GC(9) Pause Young (Normal) (G1 Evacuation Pause) 579M->121M(1024M) 19.585ms
[2026-04-15T23:40:14.120+0000][gc,cpu      ] GC(9) User=0.13s Sys=0.03s Real=0.02s
[2026-04-16T00:06:46.929+0000][gc,start    ] GC(10) Pause Young (Normal) (G1 Evacuation Pause)
[2026-04-16T00:06:46.930+0000][gc,task     ] GC(10) Using 15 workers of 15 for evacuation
[2026-04-16T00:06:46.950+0000][gc,phases   ] GC(10)   Pre Evacuate Collection Set: 1.8ms
[2026-04-16T00:06:46.951+0000][gc,phases   ] GC(10)   Merge Heap Roots: 0.4ms
[2026-04-16T00:06:46.951+0000][gc,phases   ] GC(10)   Evacuate Collection Set: 15.2ms
[2026-04-16T00:06:46.952+0000][gc,phases   ] GC(10)   Post Evacuate Collection Set: 1.6ms
[2026-04-16T00:06:46.952+0000][gc,phases   ] GC(10)   Other: 2.4ms
[2026-04-16T00:06:46.952+0000][gc,heap     ] GC(10) Eden regions: 475->0(477)
[2026-04-16T00:06:46.953+0000][gc,heap     ] GC(10) Survivor regions: 37->35(64)
[2026-04-16T00:06:46.953+0000][gc,heap     ] GC(10) Old regions: 82->92
[2026-04-16T00:06:46.953+0000][gc,heap     ] GC(10) Archive regions: 2->2
[2026-04-16T00:06:46.954+0000][gc,heap     ] GC(10) Humongous regions: 2->2
[2026-04-16T00:06:46.954+0000][gc,metaspace] GC(10) Metaspace: 88630K(89536K)->88630K(89536K) NonClass: 77824K(78272K)->77824K(78272K) Class: 10806K(11264K)->10806K(11264K)
[2026-04-16T00:06:46.955+0000][gc          ] GC(10) Pause Young (Normal) (G1 Evacuation Pause) 596M->128M(1024M) 25.352ms
[2026-04-16T00:06:46.955+0000][gc,cpu      ] GC(10) User=0.20s Sys=0.02s Real=0.02s
[2026-04-16T00:35:09.908+0000][gc,start    ] GC(11) Pause Young (Normal) (G1 Evacuation Pause)
[2026-04-16T00:35:09.909+0000][gc,task     ] GC(11) Using 15 workers of 15 for evacuation
[2026-04-16T00:35:09.922+0000][gc,phases   ] GC(11)   Pre Evacuate Collection Set: 0.9ms
[2026-04-16T00:35:09.923+0000][gc,phases   ] GC(11)   Merge Heap Roots: 0.3ms
[2026-04-16T00:35:09.923+0000][gc,phases   ] GC(11)   Evacuate Collection Set: 8.6ms
[2026-04-16T00:35:09.923+0000][gc,phases   ] GC(11)   Post Evacuate Collection Set: 2.7ms
[2026-04-16T00:35:09.924+0000][gc,phases   ] GC(11)   Other: 2.1ms
[2026-04-16T00:35:09.924+0000][gc,heap     ] GC(11) Eden regions: 477->0(479)
[2026-04-16T00:35:09.925+0000][gc,heap     ] GC(11) Survivor regions: 35->33(64)
[2026-04-16T00:35:09.925+0000][gc,heap     ] GC(11) Old regions: 92->92
[2026-04-16T00:35:09.925+0000][gc,heap     ] GC(11) Archive regions: 2->2
[2026-04-16T00:35:09.926+0000][gc,heap     ] GC(11) Humongous regions: 2->2
[2026-04-16T00:35:09.926+0000][gc,metaspace] GC(11) Metaspace: 88818K(89728K)->88818K(89728K) NonClass: 78007K(78464K)->78007K(78464K) Class: 10810K(11264K)->10810K(11264K)
[2026-04-16T00:35:09.926+0000][gc          ] GC(11) Pause Young (Normal) (G1 Evacuation Pause) 605M->127M(1024M) 17.805ms
[2026-04-16T00:35:09.926+0000][gc,cpu      ] GC(11) User=0.12s Sys=0.00s Real=0.02s
[2026-04-16T02:07:15.188+0000][gc,start    ] GC(12) Pause Young (Normal) (G1 Evacuation Pause)
[2026-04-16T02:07:15.188+0000][gc,task     ] GC(12) Using 15 workers of 15 for evacuation
[2026-04-16T02:07:15.201+0000][gc,phases   ] GC(12)   Pre Evacuate Collection Set: 0.7ms
[2026-04-16T02:07:15.201+0000][gc,phases   ] GC(12)   Merge Heap Roots: 0.3ms
[2026-04-16T02:07:15.201+0000][gc,phases   ] GC(12)   Evacuate Collection Set: 8.2ms
[2026-04-16T02:07:15.202+0000][gc,phases   ] GC(12)   Post Evacuate Collection Set: 2.6ms
[2026-04-16T02:07:15.202+0000][gc,phases   ] GC(12)   Other: 1.1ms
[2026-04-16T02:07:15.203+0000][gc,heap     ] GC(12) Eden regions: 479->0(478)
[2026-04-16T02:07:15.203+0000][gc,heap     ] GC(12) Survivor regions: 33->34(64)
[2026-04-16T02:07:15.204+0000][gc,heap     ] GC(12) Old regions: 92->92
[2026-04-16T02:07:15.204+0000][gc,heap     ] GC(12) Archive regions: 2->2
[2026-04-16T02:07:15.204+0000][gc,heap     ] GC(12) Humongous regions: 2->2
[2026-04-16T02:07:15.205+0000][gc,metaspace] GC(12) Metaspace: 88891K(89728K)->88891K(89728K) NonClass: 78078K(78464K)->78078K(78464K) Class: 10812K(11264K)->10812K(11264K)
[2026-04-16T02:07:15.205+0000][gc          ] GC(12) Pause Young (Normal) (G1 Evacuation Pause) 606M->128M(1024M) 17.105ms
[2026-04-16T02:07:15.206+0000][gc,cpu      ] GC(12) User=0.11s Sys=0.00s Real=0.02s
[2026-04-16T04:35:20.750+0000][gc,start    ] GC(13) Pause Young (Normal) (G1 Evacuation Pause)
[2026-04-16T04:35:20.750+0000][gc,task     ] GC(13) Using 15 workers of 15 for evacuation
[2026-04-16T04:35:20.761+0000][gc,phases   ] GC(13)   Pre Evacuate Collection Set: 0.6ms
[2026-04-16T04:35:20.761+0000][gc,phases   ] GC(13)   Merge Heap Roots: 0.2ms
[2026-04-16T04:35:20.761+0000][gc,phases   ] GC(13)   Evacuate Collection Set: 7.1ms
[2026-04-16T04:35:20.762+0000][gc,phases   ] GC(13)   Post Evacuate Collection Set: 2.3ms
[2026-04-16T04:35:20.762+0000][gc,phases   ] GC(13)   Other: 1.1ms
[2026-04-16T04:35:20.762+0000][gc,heap     ] GC(13) Eden regions: 478->0(477)
[2026-04-16T04:35:20.762+0000][gc,heap     ] GC(13) Survivor regions: 34->35(64)
[2026-04-16T04:35:20.762+0000][gc,heap     ] GC(13) Old regions: 92->92
[2026-04-16T04:35:20.762+0000][gc,heap     ] GC(13) Archive regions: 2->2
[2026-04-16T04:35:20.762+0000][gc,heap     ] GC(13) Humongous regions: 3->3
[2026-04-16T04:35:20.762+0000][gc,metaspace] GC(13) Metaspace: 88988K(89920K)->88988K(89920K) NonClass: 78168K(78656K)->78168K(78656K) Class: 10819K(11264K)->10819K(11264K)
[2026-04-16T04:35:20.762+0000][gc          ] GC(13) Pause Young (Normal) (G1 Evacuation Pause) 607M->130M(1024M) 12.439ms
[2026-04-16T04:35:20.763+0000][gc,cpu      ] GC(13) User=0.09s Sys=0.01s Real=0.01s
[2026-04-16T11:34:20.303+0000][gc,start    ] GC(14) Pause Young (Normal) (G1 Evacuation Pause)
[2026-04-16T11:34:20.304+0000][gc,task     ] GC(14) Using 15 workers of 15 for evacuation
[2026-04-16T11:34:20.314+0000][gc,phases   ] GC(14)   Pre Evacuate Collection Set: 0.8ms
[2026-04-16T11:34:20.314+0000][gc,phases   ] GC(14)   Merge Heap Roots: 0.2ms
[2026-04-16T11:34:20.315+0000][gc,phases   ] GC(14)   Evacuate Collection Set: 6.6ms
[2026-04-16T11:34:20.315+0000][gc,phases   ] GC(14)   Post Evacuate Collection Set: 2.1ms
[2026-04-16T11:34:20.315+0000][gc,phases   ] GC(14)   Other: 1.4ms
[2026-04-16T11:34:20.316+0000][gc,heap     ] GC(14) Eden regions: 477->0(478)
[2026-04-16T11:34:20.316+0000][gc,heap     ] GC(14) Survivor regions: 35->34(64)
[2026-04-16T11:34:20.316+0000][gc,heap     ] GC(14) Old regions: 92->92
[2026-04-16T11:34:20.317+0000][gc,heap     ] GC(14) Archive regions: 2->2
[2026-04-16T11:34:20.317+0000][gc,heap     ] GC(14) Humongous regions: 3->3
[2026-04-16T11:34:20.318+0000][gc,metaspace] GC(14) Metaspace: 89098K(89984K)->89098K(89984K) NonClass: 78278K(78720K)->78278K(78720K) Class: 10819K(11264K)->10819K(11264K)
[2026-04-16T11:34:20.318+0000][gc          ] GC(14) Pause Young (Normal) (G1 Evacuation Pause) 607M->128M(1024M) 14.861ms
[2026-04-16T11:34:20.318+0000][gc,cpu      ] GC(14) User=0.08s Sys=0.01s Real=0.02s
[2026-04-16T12:07:28.561+0000][gc,start    ] GC(15) Pause Young (Normal) (G1 Evacuation Pause)
[2026-04-16T12:07:28.561+0000][gc,task     ] GC(15) Using 15 workers of 15 for evacuation
[2026-04-16T12:07:28.574+0000][gc,phases   ] GC(15)   Pre Evacuate Collection Set: 0.5ms
[2026-04-16T12:07:28.575+0000][gc,phases   ] GC(15)   Merge Heap Roots: 0.2ms
[2026-04-16T12:07:28.575+0000][gc,phases   ] GC(15)   Evacuate Collection Set: 8.9ms
[2026-04-16T12:07:28.576+0000][gc,phases   ] GC(15)   Post Evacuate Collection Set: 2.5ms
[2026-04-16T12:07:28.576+0000][gc,phases   ] GC(15)   Other: 1.3ms
[2026-04-16T12:07:28.576+0000][gc,heap     ] GC(15) Eden regions: 478->0(477)
[2026-04-16T12:07:28.577+0000][gc,heap     ] GC(15) Survivor regions: 34->35(64)
[2026-04-16T12:07:28.577+0000][gc,heap     ] GC(15) Old regions: 92->92
[2026-04-16T12:07:28.577+0000][gc,heap     ] GC(15) Archive regions: 2->2
[2026-04-16T12:07:28.578+0000][gc,heap     ] GC(15) Humongous regions: 3->3
[2026-04-16T12:07:28.578+0000][gc,metaspace] GC(15) Metaspace: 89172K(90112K)->89172K(90112K) NonClass: 78343K(78784K)->78343K(78784K) Class: 10828K(11328K)->10828K(11328K)
[2026-04-16T12:07:28.579+0000][gc          ] GC(15) Pause Young (Normal) (G1 Evacuation Pause) 606M->130M(1024M) 17.915ms
[2026-04-16T12:07:28.579+0000][gc,cpu      ] GC(15) User=0.10s Sys=0.00s Real=0.02s
[2026-04-16T12:50:31.807+0000][gc,start    ] GC(16) Pause Young (Normal) (G1 Evacuation Pause)
[2026-04-16T12:50:31.807+0000][gc,task     ] GC(16) Using 15 workers of 15 for evacuation
[2026-04-16T12:50:31.822+0000][gc,phases   ] GC(16)   Pre Evacuate Collection Set: 0.9ms
[2026-04-16T12:50:31.822+0000][gc,phases   ] GC(16)   Merge Heap Roots: 0.2ms
[2026-04-16T12:50:31.823+0000][gc,phases   ] GC(16)   Evacuate Collection Set: 10.5ms
[2026-04-16T12:50:31.824+0000][gc,phases   ] GC(16)   Post Evacuate Collection Set: 2.4ms
[2026-04-16T12:50:31.824+0000][gc,phases   ] GC(16)   Other: 1.2ms
[2026-04-16T12:50:31.825+0000][gc,heap     ] GC(16) Eden regions: 477->0(476)
[2026-04-16T12:50:31.825+0000][gc,heap     ] GC(16) Survivor regions: 35->36(64)
[2026-04-16T12:50:31.826+0000][gc,heap     ] GC(16) Old regions: 92->92
[2026-04-16T12:50:31.827+0000][gc,heap     ] GC(16) Archive regions: 2->2
[2026-04-16T12:50:31.827+0000][gc,heap     ] GC(16) Humongous regions: 3->3
[2026-04-16T12:50:31.827+0000][gc,metaspace] GC(16) Metaspace: 89258K(90176K)->89258K(90176K) NonClass: 78429K(78848K)->78429K(78848K) Class: 10828K(11328K)->10828K(11328K)
[2026-04-16T12:50:31.828+0000][gc          ] GC(16) Pause Young (Normal) (G1 Evacuation Pause) 607M->131M(1024M) 21.117ms
[2026-04-16T12:50:31.829+0000][gc,cpu      ] GC(16) User=0.14s Sys=0.00s Real=0.02s
[2026-04-16T13:23:03.592+0000][gc,start    ] GC(17) Pause Young (Normal) (G1 Evacuation Pause)
[2026-04-16T13:23:03.593+0000][gc,task     ] GC(17) Using 15 workers of 15 for evacuation
[2026-04-16T13:23:03.608+0000][gc,phases   ] GC(17)   Pre Evacuate Collection Set: 0.8ms
[2026-04-16T13:23:03.608+0000][gc,phases   ] GC(17)   Merge Heap Roots: 0.4ms
[2026-04-16T13:23:03.609+0000][gc,phases   ] GC(17)   Evacuate Collection Set: 9.5ms
[2026-04-16T13:23:03.609+0000][gc,phases   ] GC(17)   Post Evacuate Collection Set: 3.0ms
[2026-04-16T13:23:03.609+0000][gc,phases   ] GC(17)   Other: 2.4ms
[2026-04-16T13:23:03.610+0000][gc,heap     ] GC(17) Eden regions: 476->0(477)
[2026-04-16T13:23:03.610+0000][gc,heap     ] GC(17) Survivor regions: 36->35(64)
[2026-04-16T13:23:03.610+0000][gc,heap     ] GC(17) Old regions: 92->92
[2026-04-16T13:23:03.611+0000][gc,heap     ] GC(17) Archive regions: 2->2
[2026-04-16T13:23:03.611+0000][gc,heap     ] GC(17) Humongous regions: 3->3
[2026-04-16T13:23:03.611+0000][gc,metaspace] GC(17) Metaspace: 89282K(90176K)->89282K(90176K) NonClass: 78452K(78848K)->78452K(78848K) Class: 10829K(11328K)->10829K(11328K)
[2026-04-16T13:23:03.612+0000][gc          ] GC(17) Pause Young (Normal) (G1 Evacuation Pause) 607M->129M(1024M) 19.421ms
[2026-04-16T13:23:03.612+0000][gc,cpu      ] GC(17) User=0.12s Sys=0.00s Real=0.02s
[2026-04-16T13:51:51.106+0000][gc,start    ] GC(18) Pause Young (Normal) (G1 Evacuation Pause)
[2026-04-16T13:51:51.107+0000][gc,task     ] GC(18) Using 15 workers of 15 for evacuation
[2026-04-16T13:51:51.119+0000][gc,phases   ] GC(18)   Pre Evacuate Collection Set: 0.6ms
[2026-04-16T13:51:51.119+0000][gc,phases   ] GC(18)   Merge Heap Roots: 0.4ms
[2026-04-16T13:51:51.120+0000][gc,phases   ] GC(18)   Evacuate Collection Set: 8.5ms
[2026-04-16T13:51:51.120+0000][gc,phases   ] GC(18)   Post Evacuate Collection Set: 2.3ms
[2026-04-16T13:51:51.120+0000][gc,phases   ] GC(18)   Other: 1.3ms
[2026-04-16T13:51:51.120+0000][gc,heap     ] GC(18) Eden regions: 477->0(476)
[2026-04-16T13:51:51.120+0000][gc,heap     ] GC(18) Survivor regions: 35->36(64)
[2026-04-16T13:51:51.120+0000][gc,heap     ] GC(18) Old regions: 92->92
[2026-04-16T13:51:51.121+0000][gc,heap     ] GC(18) Archive regions: 2->2
[2026-04-16T13:51:51.121+0000][gc,heap     ] GC(18) Humongous regions: 3->3
[2026-04-16T13:51:51.121+0000][gc,metaspace] GC(18) Metaspace: 89376K(90304K)->89376K(90304K) NonClass: 78544K(78976K)->78544K(78976K) Class: 10831K(11328K)->10831K(11328K)
[2026-04-16T13:51:51.121+0000][gc          ] GC(18) Pause Young (Normal) (G1 Evacuation Pause) 606M->130M(1024M) 14.972ms
[2026-04-16T13:51:51.122+0000][gc,cpu      ] GC(18) User=0.10s Sys=0.00s Real=0.01s
[2026-04-16T14:43:35.067+0000][gc,start    ] GC(19) Pause Young (Normal) (G1 Evacuation Pause)
[2026-04-16T14:43:35.067+0000][gc,task     ] GC(19) Using 15 workers of 15 for evacuation
[2026-04-16T14:43:35.077+0000][gc,phases   ] GC(19)   Pre Evacuate Collection Set: 0.5ms
[2026-04-16T14:43:35.077+0000][gc,phases   ] GC(19)   Merge Heap Roots: 0.2ms
[2026-04-16T14:43:35.077+0000][gc,phases   ] GC(19)   Evacuate Collection Set: 6.5ms
[2026-04-16T14:43:35.077+0000][gc,phases   ] GC(19)   Post Evacuate Collection Set: 2.2ms
[2026-04-16T14:43:35.077+0000][gc,phases   ] GC(19)   Other: 0.9ms
[2026-04-16T14:43:35.078+0000][gc,heap     ] GC(19) Eden regions: 476->0(477)
[2026-04-16T14:43:35.078+0000][gc,heap     ] GC(19) Survivor regions: 36->35(64)
[2026-04-16T14:43:35.078+0000][gc,heap     ] GC(19) Old regions: 92->92
[2026-04-16T14:43:35.078+0000][gc,heap     ] GC(19) Archive regions: 2->2
[2026-04-16T14:43:35.078+0000][gc,heap     ] GC(19) Humongous regions: 3->3
[2026-04-16T14:43:35.078+0000][gc,metaspace] GC(19) Metaspace: 89397K(90304K)->89397K(90304K) NonClass: 78565K(78976K)->78565K(78976K) Class: 10831K(11328K)->10831K(11328K)
[2026-04-16T14:43:35.079+0000][gc          ] GC(19) Pause Young (Normal) (G1 Evacuation Pause) 606M->130M(1024M) 11.814ms
[2026-04-16T14:43:35.079+0000][gc,cpu      ] GC(19) User=0.08s Sys=0.00s Real=0.01s
[2026-04-16T15:12:16.447+0000][gc,start    ] GC(20) Pause Young (Normal) (G1 Evacuation Pause)
[2026-04-16T15:12:16.448+0000][gc,task     ] GC(20) Using 15 workers of 15 for evacuation
[2026-04-16T15:12:16.460+0000][gc,phases   ] GC(20)   Pre Evacuate Collection Set: 0.5ms
[2026-04-16T15:12:16.460+0000][gc,phases   ] GC(20)   Merge Heap Roots: 0.3ms
[2026-04-16T15:12:16.460+0000][gc,phases   ] GC(20)   Evacuate Collection Set: 8.5ms
[2026-04-16T15:12:16.460+0000][gc,phases   ] GC(20)   Post Evacuate Collection Set: 2.1ms
[2026-04-16T15:12:16.461+0000][gc,phases   ] GC(20)   Other: 1.3ms
[2026-04-16T15:12:16.461+0000][gc,heap     ] GC(20) Eden regions: 477->0(476)
[2026-04-16T15:12:16.461+0000][gc,heap     ] GC(20) Survivor regions: 35->36(64)
[2026-04-16T15:12:16.461+0000][gc,heap     ] GC(20) Old regions: 92->92
[2026-04-16T15:12:16.461+0000][gc,heap     ] GC(20) Archive regions: 2->2
[2026-04-16T15:12:16.461+0000][gc,heap     ] GC(20) Humongous regions: 3->3
[2026-04-16T15:12:16.461+0000][gc,metaspace] GC(20) Metaspace: 89435K(90368K)->89435K(90368K) NonClass: 78604K(79040K)->78604K(79040K) Class: 10831K(11328K)->10831K(11328K)
[2026-04-16T15:12:16.462+0000][gc          ] GC(20) Pause Young (Normal) (G1 Evacuation Pause) 607M->131M(1024M) 14.299ms
[2026-04-16T15:12:16.462+0000][gc,cpu      ] GC(20) User=0.10s Sys=0.01s Real=0.01s
[2026-04-16T15:41:01.786+0000][gc,start    ] GC(21) Pause Young (Normal) (G1 Evacuation Pause)
[2026-04-16T15:41:01.786+0000][gc,task     ] GC(21) Using 15 workers of 15 for evacuation
[2026-04-16T15:41:01.797+0000][gc,phases   ] GC(21)   Pre Evacuate Collection Set: 0.5ms
[2026-04-16T15:41:01.797+0000][gc,phases   ] GC(21)   Merge Heap Roots: 0.2ms
[2026-04-16T15:41:01.797+0000][gc,phases   ] GC(21)   Evacuate Collection Set: 6.9ms
[2026-04-16T15:41:01.798+0000][gc,phases   ] GC(21)   Post Evacuate Collection Set: 2.1ms
[2026-04-16T15:41:01.798+0000][gc,phases   ] GC(21)   Other: 0.9ms
[2026-04-16T15:41:01.798+0000][gc,heap     ] GC(21) Eden regions: 476->0(477)
[2026-04-16T15:41:01.798+0000][gc,heap     ] GC(21) Survivor regions: 36->35(64)
[2026-04-16T15:41:01.799+0000][gc,heap     ] GC(21) Old regions: 92->92
[2026-04-16T15:41:01.799+0000][gc,heap     ] GC(21) Archive regions: 2->2
[2026-04-16T15:41:01.799+0000][gc,heap     ] GC(21) Humongous regions: 3->3
[2026-04-16T15:41:01.800+0000][gc,metaspace] GC(21) Metaspace: 89436K(90368K)->89436K(90368K) NonClass: 78604K(79040K)->78604K(79040K) Class: 10831K(11328K)->10831K(11328K)
[2026-04-16T15:41:01.800+0000][gc          ] GC(21) Pause Young (Normal) (G1 Evacuation Pause) 607M->130M(1024M) 13.704ms
[2026-04-16T15:41:01.800+0000][gc,cpu      ] GC(21) User=0.09s Sys=0.01s Real=0.02s
[2026-04-16T16:09:16.058+0000][gc,start    ] GC(22) Pause Young (Normal) (G1 Evacuation Pause)
[2026-04-16T16:09:16.059+0000][gc,task     ] GC(22) Using 15 workers of 15 for evacuation
[2026-04-16T16:09:16.074+0000][gc,phases   ] GC(22)   Pre Evacuate Collection Set: 0.5ms
[2026-04-16T16:09:16.074+0000][gc,phases   ] GC(22)   Merge Heap Roots: 0.2ms
[2026-04-16T16:09:16.075+0000][gc,phases   ] GC(22)   Evacuate Collection Set: 10.5ms
[2026-04-16T16:09:16.075+0000][gc,phases   ] GC(22)   Post Evacuate Collection Set: 2.8ms
[2026-04-16T16:09:16.075+0000][gc,phases   ] GC(22)   Other: 1.7ms
[2026-04-16T16:09:16.076+0000][gc,heap     ] GC(22) Eden regions: 477->0(476)
[2026-04-16T16:09:16.076+0000][gc,heap     ] GC(22) Survivor regions: 35->36(64)
[2026-04-16T16:09:16.077+0000][gc,heap     ] GC(22) Old regions: 92->92
[2026-04-16T16:09:16.077+0000][gc,heap     ] GC(22) Archive regions: 2->2
[2026-04-16T16:09:16.077+0000][gc,heap     ] GC(22) Humongous regions: 3->3
[2026-04-16T16:09:16.077+0000][gc,metaspace] GC(22) Metaspace: 89484K(90368K)->89484K(90368K) NonClass: 78652K(79040K)->78652K(79040K) Class: 10831K(11328K)->10831K(11328K)
[2026-04-16T16:09:16.078+0000][gc          ] GC(22) Pause Young (Normal) (G1 Evacuation Pause) 607M->130M(1024M) 19.410ms
[2026-04-16T16:09:16.078+0000][gc,cpu      ] GC(22) User=0.13s Sys=0.00s Real=0.02s
[2026-04-16T23:12:56.225+0000][gc,start    ] GC(23) Pause Young (Normal) (G1 Evacuation Pause)
[2026-04-16T23:12:56.226+0000][gc,task     ] GC(23) Using 15 workers of 15 for evacuation
[2026-04-16T23:12:56.243+0000][gc,phases   ] GC(23)   Pre Evacuate Collection Set: 0.5ms
[2026-04-16T23:12:56.243+0000][gc,phases   ] GC(23)   Merge Heap Roots: 0.3ms
[2026-04-16T23:12:56.243+0000][gc,phases   ] GC(23)   Evacuate Collection Set: 13.0ms
[2026-04-16T23:12:56.244+0000][gc,phases   ] GC(23)   Post Evacuate Collection Set: 2.7ms
[2026-04-16T23:12:56.244+0000][gc,phases   ] GC(23)   Other: 1.3ms
[2026-04-16T23:12:56.244+0000][gc,heap     ] GC(23) Eden regions: 476->0(499)
[2026-04-16T23:12:56.245+0000][gc,heap     ] GC(23) Survivor regions: 36->13(64)
[2026-04-16T23:12:56.245+0000][gc,heap     ] GC(23) Old regions: 92->115
[2026-04-16T23:12:56.246+0000][gc,heap     ] GC(23) Archive regions: 2->2
[2026-04-16T23:12:56.246+0000][gc,heap     ] GC(23) Humongous regions: 3->3
[2026-04-16T23:12:56.246+0000][gc,metaspace] GC(23) Metaspace: 89632K(90560K)->89632K(90560K) NonClass: 78801K(79232K)->78801K(79232K) Class: 10831K(11328K)->10831K(11328K)
[2026-04-16T23:12:56.246+0000][gc          ] GC(23) Pause Young (Normal) (G1 Evacuation Pause) 606M->131M(1024M) 21.408ms
[2026-04-16T23:12:56.247+0000][gc,cpu      ] GC(23) User=0.06s Sys=0.10s Real=0.02s
[2026-04-16T23:42:33.854+0000][gc,start    ] GC(24) Pause Young (Normal) (G1 Evacuation Pause)
[2026-04-16T23:42:33.854+0000][gc,task     ] GC(24) Using 15 workers of 15 for evacuation
[2026-04-16T23:42:33.865+0000][gc,phases   ] GC(24)   Pre Evacuate Collection Set: 1.3ms
[2026-04-16T23:42:33.866+0000][gc,phases   ] GC(24)   Merge Heap Roots: 0.4ms
[2026-04-16T23:42:33.866+0000][gc,phases   ] GC(24)   Evacuate Collection Set: 5.6ms
[2026-04-16T23:42:33.867+0000][gc,phases   ] GC(24)   Post Evacuate Collection Set: 2.8ms
[2026-04-16T23:42:33.867+0000][gc,phases   ] GC(24)   Other: 1.9ms
[2026-04-16T23:42:33.867+0000][gc,heap     ] GC(24) Eden regions: 499->0(500)
[2026-04-16T23:42:33.867+0000][gc,heap     ] GC(24) Survivor regions: 13->12(64)
[2026-04-16T23:42:33.868+0000][gc,heap     ] GC(24) Old regions: 115->115
[2026-04-16T23:42:33.868+0000][gc,heap     ] GC(24) Archive regions: 2->2
[2026-04-16T23:42:33.868+0000][gc,heap     ] GC(24) Humongous regions: 3->3
[2026-04-16T23:42:33.869+0000][gc,metaspace] GC(24) Metaspace: 89662K(90624K)->89662K(90624K) NonClass: 78831K(79296K)->78831K(79296K) Class: 10831K(11328K)->10831K(11328K)
[2026-04-16T23:42:33.869+0000][gc          ] GC(24) Pause Young (Normal) (G1 Evacuation Pause) 630M->130M(1024M) 15.322ms
[2026-04-16T23:42:33.869+0000][gc,cpu      ] GC(24) User=0.07s Sys=0.00s Real=0.02s
[2026-04-17T01:21:30.173+0000][gc,start    ] GC(25) Pause Young (Normal) (G1 Evacuation Pause)
[2026-04-17T01:21:30.173+0000][gc,task     ] GC(25) Using 15 workers of 15 for evacuation
[2026-04-17T01:21:30.181+0000][gc,phases   ] GC(25)   Pre Evacuate Collection Set: 0.8ms
[2026-04-17T01:21:30.182+0000][gc,phases   ] GC(25)   Merge Heap Roots: 0.4ms
[2026-04-17T01:21:30.182+0000][gc,phases   ] GC(25)   Evacuate Collection Set: 5.0ms
[2026-04-17T01:21:30.182+0000][gc,phases   ] GC(25)   Post Evacuate Collection Set: 1.8ms
[2026-04-17T01:21:30.182+0000][gc,phases   ] GC(25)   Other: 1.0ms
[2026-04-17T01:21:30.182+0000][gc,heap     ] GC(25) Eden regions: 500->0(507)
[2026-04-17T01:21:30.182+0000][gc,heap     ] GC(25) Survivor regions: 12->5(64)
[2026-04-17T01:21:30.182+0000][gc,heap     ] GC(25) Old regions: 115->121
[2026-04-17T01:21:30.182+0000][gc,heap     ] GC(25) Archive regions: 2->2
[2026-04-17T01:21:30.183+0000][gc,heap     ] GC(25) Humongous regions: 3->3
[2026-04-17T01:21:30.183+0000][gc,metaspace] GC(25) Metaspace: 89671K(90624K)->89671K(90624K) NonClass: 78839K(79296K)->78839K(79296K) Class: 10831K(11328K)->10831K(11328K)
[2026-04-17T01:21:30.183+0000][gc          ] GC(25) Pause Young (Normal) (G1 Evacuation Pause) 630M->129M(1024M) 9.954ms
[2026-04-17T01:21:30.183+0000][gc,cpu      ] GC(25) User=0.04s Sys=0.02s Real=0.01s
[2026-04-17T01:51:45.133+0000][gc,start    ] GC(26) Pause Young (Normal) (G1 Evacuation Pause)
[2026-04-17T01:51:45.133+0000][gc,task     ] GC(26) Using 15 workers of 15 for evacuation
[2026-04-17T01:51:45.143+0000][gc,phases   ] GC(26)   Pre Evacuate Collection Set: 1.3ms
[2026-04-17T01:51:45.143+0000][gc,phases   ] GC(26)   Merge Heap Roots: 1.2ms
[2026-04-17T01:51:45.143+0000][gc,phases   ] GC(26)   Evacuate Collection Set: 3.9ms
[2026-04-17T01:51:45.143+0000][gc,phases   ] GC(26)   Post Evacuate Collection Set: 2.0ms
[2026-04-17T01:51:45.144+0000][gc,phases   ] GC(26)   Other: 1.5ms
[2026-04-17T01:51:45.144+0000][gc,heap     ] GC(26) Eden regions: 507->0(508)
[2026-04-17T01:51:45.145+0000][gc,heap     ] GC(26) Survivor regions: 5->4(64)
[2026-04-17T01:51:45.145+0000][gc,heap     ] GC(26) Old regions: 121->123
[2026-04-17T01:51:45.145+0000][gc,heap     ] GC(26) Archive regions: 2->2
[2026-04-17T01:51:45.146+0000][gc,heap     ] GC(26) Humongous regions: 3->3
[2026-04-17T01:51:45.146+0000][gc,metaspace] GC(26) Metaspace: 89706K(90624K)->89706K(90624K) NonClass: 78875K(79296K)->78875K(79296K) Class: 10831K(11328K)->10831K(11328K)
[2026-04-17T01:51:45.146+0000][gc          ] GC(26) Pause Young (Normal) (G1 Evacuation Pause) 636M->129M(1024M) 13.378ms
[2026-04-17T01:51:45.147+0000][gc,cpu      ] GC(26) User=0.05s Sys=0.00s Real=0.02s
[2026-04-17T08:07:25.279+0000][gc,start    ] GC(27) Pause Young (Normal) (G1 Evacuation Pause)
[2026-04-17T08:07:25.279+0000][gc,task     ] GC(27) Using 15 workers of 15 for evacuation
[2026-04-17T08:07:25.287+0000][gc,phases   ] GC(27)   Pre Evacuate Collection Set: 0.8ms
[2026-04-17T08:07:25.287+0000][gc,phases   ] GC(27)   Merge Heap Roots: 0.9ms
[2026-04-17T08:07:25.288+0000][gc,phases   ] GC(27)   Evacuate Collection Set: 3.5ms
[2026-04-17T08:07:25.288+0000][gc,phases   ] GC(27)   Post Evacuate Collection Set: 1.6ms
[2026-04-17T08:07:25.288+0000][gc,phases   ] GC(27)   Other: 1.2ms
[2026-04-17T08:07:25.289+0000][gc,heap     ] GC(27) Eden regions: 508->0(509)
[2026-04-17T08:07:25.290+0000][gc,heap     ] GC(27) Survivor regions: 4->3(64)
[2026-04-17T08:07:25.290+0000][gc,heap     ] GC(27) Old regions: 123->123
[2026-04-17T08:07:25.290+0000][gc,heap     ] GC(27) Archive regions: 2->2
[2026-04-17T08:07:25.291+0000][gc,heap     ] GC(27) Humongous regions: 3->3
[2026-04-17T08:07:25.291+0000][gc,metaspace] GC(27) Metaspace: 89822K(90752K)->89822K(90752K) NonClass: 78990K(79424K)->78990K(79424K) Class: 10831K(11328K)->10831K(11328K)
[2026-04-17T08:07:25.291+0000][gc          ] GC(27) Pause Young (Normal) (G1 Evacuation Pause) 637M->129M(1024M) 12.334ms
[2026-04-17T08:07:25.292+0000][gc,cpu      ] GC(27) User=0.04s Sys=0.00s Real=0.02s
[2026-04-17T08:38:03.338+0000][gc,start    ] GC(28) Pause Young (Normal) (G1 Evacuation Pause)
[2026-04-17T08:38:03.339+0000][gc,task     ] GC(28) Using 15 workers of 15 for evacuation
[2026-04-17T08:38:03.346+0000][gc,phases   ] GC(28)   Pre Evacuate Collection Set: 1.0ms
[2026-04-17T08:38:03.347+0000][gc,phases   ] GC(28)   Merge Heap Roots: 0.7ms
[2026-04-17T08:38:03.347+0000][gc,phases   ] GC(28)   Evacuate Collection Set: 3.5ms
[2026-04-17T08:38:03.347+0000][gc,phases   ] GC(28)   Post Evacuate Collection Set: 2.0ms
[2026-04-17T08:38:03.348+0000][gc,phases   ] GC(28)   Other: 1.0ms
[2026-04-17T08:38:03.348+0000][gc,heap     ] GC(28) Eden regions: 509->0(509)
[2026-04-17T08:38:03.348+0000][gc,heap     ] GC(28) Survivor regions: 3->3(64)
[2026-04-17T08:38:03.349+0000][gc,heap     ] GC(28) Old regions: 123->123
[2026-04-17T08:38:03.349+0000][gc,heap     ] GC(28) Archive regions: 2->2
[2026-04-17T08:38:03.349+0000][gc,heap     ] GC(28) Humongous regions: 3->3
[2026-04-17T08:38:03.350+0000][gc,metaspace] GC(28) Metaspace: 89840K(90752K)->89840K(90752K) NonClass: 79008K(79424K)->79008K(79424K) Class: 10831K(11328K)->10831K(11328K)
[2026-04-17T08:38:03.350+0000][gc          ] GC(28) Pause Young (Normal) (G1 Evacuation Pause) 638M->129M(1024M) 11.490ms
[2026-04-17T08:38:03.350+0000][gc,cpu      ] GC(28) User=0.02s Sys=0.02s Real=0.02s
[2026-04-17T09:08:45.134+0000][gc,start    ] GC(29) Pause Young (Normal) (G1 Evacuation Pause)
[2026-04-17T09:08:45.134+0000][gc,task     ] GC(29) Using 15 workers of 15 for evacuation
[2026-04-17T09:08:45.142+0000][gc,phases   ] GC(29)   Pre Evacuate Collection Set: 0.9ms
[2026-04-17T09:08:45.142+0000][gc,phases   ] GC(29)   Merge Heap Roots: 1.2ms
[2026-04-17T09:08:45.142+0000][gc,phases   ] GC(29)   Evacuate Collection Set: 2.8ms
[2026-04-17T09:08:45.142+0000][gc,phases   ] GC(29)   Post Evacuate Collection Set: 1.9ms
[2026-04-17T09:08:45.143+0000][gc,phases   ] GC(29)   Other: 1.4ms
[2026-04-17T09:08:45.143+0000][gc,heap     ] GC(29) Eden regions: 509->0(509)
[2026-04-17T09:08:45.143+0000][gc,heap     ] GC(29) Survivor regions: 3->3(64)
[2026-04-17T09:08:45.143+0000][gc,heap     ] GC(29) Old regions: 123->123
[2026-04-17T09:08:45.143+0000][gc,heap     ] GC(29) Archive regions: 2->2
[2026-04-17T09:08:45.143+0000][gc,heap     ] GC(29) Humongous regions: 3->3
[2026-04-17T09:08:45.143+0000][gc,metaspace] GC(29) Metaspace: 89842K(90752K)->89842K(90752K) NonClass: 79010K(79424K)->79010K(79424K) Class: 10831K(11328K)->10831K(11328K)
[2026-04-17T09:08:45.144+0000][gc          ] GC(29) Pause Young (Normal) (G1 Evacuation Pause) 638M->128M(1024M) 9.742ms
[2026-04-17T09:08:45.144+0000][gc,cpu      ] GC(29) User=0.02s Sys=0.01s Real=0.00s
[2026-04-17T09:54:52.190+0000][gc,start    ] GC(30) Pause Young (Normal) (G1 Evacuation Pause)
[2026-04-17T09:54:52.191+0000][gc,task     ] GC(30) Using 15 workers of 15 for evacuation
[2026-04-17T09:54:52.200+0000][gc,phases   ] GC(30)   Pre Evacuate Collection Set: 0.8ms
[2026-04-17T09:54:52.200+0000][gc,phases   ] GC(30)   Merge Heap Roots: 0.6ms
[2026-04-17T09:54:52.200+0000][gc,phases   ] GC(30)   Evacuate Collection Set: 3.3ms
[2026-04-17T09:54:52.201+0000][gc,phases   ] GC(30)   Post Evacuate Collection Set: 3.4ms
[2026-04-17T09:54:52.201+0000][gc,phases   ] GC(30)   Other: 1.9ms
[2026-04-17T09:54:52.201+0000][gc,heap     ] GC(30) Eden regions: 509->0(509)
[2026-04-17T09:54:52.201+0000][gc,heap     ] GC(30) Survivor regions: 3->3(64)
[2026-04-17T09:54:52.201+0000][gc,heap     ] GC(30) Old regions: 123->124
[2026-04-17T09:54:52.201+0000][gc,heap     ] GC(30) Archive regions: 2->2
[2026-04-17T09:54:52.202+0000][gc,heap     ] GC(30) Humongous regions: 3->3
[2026-04-17T09:54:52.202+0000][gc,metaspace] GC(30) Metaspace: 89864K(90752K)->89864K(90752K) NonClass: 79032K(79424K)->79032K(79424K) Class: 10831K(11328K)->10831K(11328K)
[2026-04-17T09:54:52.202+0000][gc          ] GC(30) Pause Young (Normal) (G1 Evacuation Pause) 637M->129M(1024M) 11.694ms
[2026-04-17T09:54:52.202+0000][gc,cpu      ] GC(30) User=0.04s Sys=0.01s Real=0.01s
[2026-04-17T10:46:56.392+0000][gc,start    ] GC(31) Pause Young (Normal) (G1 Evacuation Pause)
[2026-04-17T10:46:56.392+0000][gc,task     ] GC(31) Using 15 workers of 15 for evacuation
[2026-04-17T10:46:56.398+0000][gc,phases   ] GC(31)   Pre Evacuate Collection Set: 0.7ms
[2026-04-17T10:46:56.399+0000][gc,phases   ] GC(31)   Merge Heap Roots: 0.6ms
[2026-04-17T10:46:56.399+0000][gc,phases   ] GC(31)   Evacuate Collection Set: 2.7ms
[2026-04-17T10:46:56.399+0000][gc,phases   ] GC(31)   Post Evacuate Collection Set: 1.6ms
[2026-04-17T10:46:56.400+0000][gc,phases   ] GC(31)   Other: 0.9ms
[2026-04-17T10:46:56.400+0000][gc,heap     ] GC(31) Eden regions: 509->0(510)
[2026-04-17T10:46:56.400+0000][gc,heap     ] GC(31) Survivor regions: 3->2(64)
[2026-04-17T10:46:56.401+0000][gc,heap     ] GC(31) Old regions: 124->124
[2026-04-17T10:46:56.401+0000][gc,heap     ] GC(31) Archive regions: 2->2
[2026-04-17T10:46:56.401+0000][gc,heap     ] GC(31) Humongous regions: 3->3
[2026-04-17T10:46:56.401+0000][gc,metaspace] GC(31) Metaspace: 89902K(90816K)->89902K(90816K) NonClass: 79070K(79488K)->79070K(79488K) Class: 10831K(11328K)->10831K(11328K)
[2026-04-17T10:46:56.402+0000][gc          ] GC(31) Pause Young (Normal) (G1 Evacuation Pause) 638M->129M(1024M) 9.317ms
[2026-04-17T10:46:56.402+0000][gc,cpu      ] GC(31) User=0.04s Sys=0.00s Real=0.01s
[2026-04-17T12:39:33.297+0000][gc,start    ] GC(32) Pause Young (Normal) (G1 Evacuation Pause)
[2026-04-17T12:39:33.298+0000][gc,task     ] GC(32) Using 15 workers of 15 for evacuation
[2026-04-17T12:39:33.305+0000][gc,phases   ] GC(32)   Pre Evacuate Collection Set: 0.8ms
[2026-04-17T12:39:33.305+0000][gc,phases   ] GC(32)   Merge Heap Roots: 1.0ms
[2026-04-17T12:39:33.306+0000][gc,phases   ] GC(32)   Evacuate Collection Set: 2.8ms
[2026-04-17T12:39:33.306+0000][gc,phases   ] GC(32)   Post Evacuate Collection Set: 1.8ms
[2026-04-17T12:39:33.306+0000][gc,phases   ] GC(32)   Other: 1.4ms
[2026-04-17T12:39:33.306+0000][gc,heap     ] GC(32) Eden regions: 510->0(509)
[2026-04-17T12:39:33.306+0000][gc,heap     ] GC(32) Survivor regions: 2->3(64)
[2026-04-17T12:39:33.306+0000][gc,heap     ] GC(32) Old regions: 124->124
[2026-04-17T12:39:33.307+0000][gc,heap     ] GC(32) Archive regions: 2->2
[2026-04-17T12:39:33.307+0000][gc,heap     ] GC(32) Humongous regions: 3->3
[2026-04-17T12:39:33.307+0000][gc,metaspace] GC(32) Metaspace: 89925K(90880K)->89925K(90880K) NonClass: 79093K(79552K)->79093K(79552K) Class: 10831K(11328K)->10831K(11328K)
[2026-04-17T12:39:33.307+0000][gc          ] GC(32) Pause Young (Normal) (G1 Evacuation Pause) 639M->129M(1024M) 9.691ms
[2026-04-17T12:39:33.307+0000][gc,cpu      ] GC(32) User=0.04s Sys=0.01s Real=0.02s
[2026-04-17T14:09:34.715+0000][gc,start    ] GC(33) Pause Young (Normal) (G1 Evacuation Pause)
[2026-04-17T14:09:34.715+0000][gc,task     ] GC(33) Using 15 workers of 15 for evacuation
[2026-04-17T14:09:34.723+0000][gc,phases   ] GC(33)   Pre Evacuate Collection Set: 0.8ms
[2026-04-17T14:09:34.723+0000][gc,phases   ] GC(33)   Merge Heap Roots: 0.6ms
[2026-04-17T14:09:34.724+0000][gc,phases   ] GC(33)   Evacuate Collection Set: 3.6ms
[2026-04-17T14:09:34.724+0000][gc,phases   ] GC(33)   Post Evacuate Collection Set: 2.3ms
[2026-04-17T14:09:34.724+0000][gc,phases   ] GC(33)   Other: 1.0ms
[2026-04-17T14:09:34.725+0000][gc,heap     ] GC(33) Eden regions: 509->0(510)
[2026-04-17T14:09:34.725+0000][gc,heap     ] GC(33) Survivor regions: 3->2(64)
[2026-04-17T14:09:34.726+0000][gc,heap     ] GC(33) Old regions: 124->124
[2026-04-17T14:09:34.726+0000][gc,heap     ] GC(33) Archive regions: 2->2
[2026-04-17T14:09:34.726+0000][gc,heap     ] GC(33) Humongous regions: 3->3
[2026-04-17T14:09:34.726+0000][gc,metaspace] GC(33) Metaspace: 89982K(90944K)->89982K(90944K) NonClass: 79148K(79616K)->79148K(79616K) Class: 10834K(11328K)->10834K(11328K)
[2026-04-17T14:09:34.727+0000][gc          ] GC(33) Pause Young (Normal) (G1 Evacuation Pause) 638M->129M(1024M) 11.632ms
[2026-04-17T14:09:34.727+0000][gc,cpu      ] GC(33) User=0.02s Sys=0.01s Real=0.02s
[2026-04-17T15:25:34.651+0000][gc,start    ] GC(34) Pause Young (Normal) (G1 Evacuation Pause)
[2026-04-17T15:25:34.651+0000][gc,task     ] GC(34) Using 15 workers of 15 for evacuation
[2026-04-17T15:25:34.658+0000][gc,phases   ] GC(34)   Pre Evacuate Collection Set: 0.7ms
[2026-04-17T15:25:34.658+0000][gc,phases   ] GC(34)   Merge Heap Roots: 0.4ms
[2026-04-17T15:25:34.658+0000][gc,phases   ] GC(34)   Evacuate Collection Set: 2.8ms
[2026-04-17T15:25:34.658+0000][gc,phases   ] GC(34)   Post Evacuate Collection Set: 1.9ms
[2026-04-17T15:25:34.658+0000][gc,phases   ] GC(34)   Other: 1.1ms
[2026-04-17T15:25:34.658+0000][gc,heap     ] GC(34) Eden regions: 510->0(509)
[2026-04-17T15:25:34.659+0000][gc,heap     ] GC(34) Survivor regions: 2->3(64)
[2026-04-17T15:25:34.659+0000][gc,heap     ] GC(34) Old regions: 124->124
[2026-04-17T15:25:34.659+0000][gc,heap     ] GC(34) Archive regions: 2->2
[2026-04-17T15:25:34.659+0000][gc,heap     ] GC(34) Humongous regions: 3->3
[2026-04-17T15:25:34.659+0000][gc,metaspace] GC(34) Metaspace: 90079K(91008K)->90079K(91008K) NonClass: 79244K(79680K)->79244K(79680K) Class: 10835K(11328K)->10835K(11328K)
[2026-04-17T15:25:34.659+0000][gc          ] GC(34) Pause Young (Normal) (G1 Evacuation Pause) 639M->129M(1024M) 8.153ms
[2026-04-17T15:25:34.659+0000][gc,cpu      ] GC(34) User=0.02s Sys=0.02s Real=0.01s
[2026-04-17T15:56:05.599+0000][gc,start    ] GC(35) Pause Young (Normal) (G1 Evacuation Pause)
[2026-04-17T15:56:05.600+0000][gc,task     ] GC(35) Using 15 workers of 15 for evacuation
[2026-04-17T15:56:05.607+0000][gc,phases   ] GC(35)   Pre Evacuate Collection Set: 0.7ms
[2026-04-17T15:56:05.607+0000][gc,phases   ] GC(35)   Merge Heap Roots: 0.6ms
[2026-04-17T15:56:05.608+0000][gc,phases   ] GC(35)   Evacuate Collection Set: 3.4ms
[2026-04-17T15:56:05.608+0000][gc,phases   ] GC(35)   Post Evacuate Collection Set: 1.8ms
[2026-04-17T15:56:05.609+0000][gc,phases   ] GC(35)   Other: 1.1ms
[2026-04-17T15:56:05.609+0000][gc,heap     ] GC(35) Eden regions: 509->0(510)
[2026-04-17T15:56:05.609+0000][gc,heap     ] GC(35) Survivor regions: 3->2(64)
[2026-04-17T15:56:05.610+0000][gc,heap     ] GC(35) Old regions: 124->124
[2026-04-17T15:56:05.610+0000][gc,heap     ] GC(35) Archive regions: 2->2
[2026-04-17T15:56:05.610+0000][gc,heap     ] GC(35) Humongous regions: 3->3
[2026-04-17T15:56:05.611+0000][gc,metaspace] GC(35) Metaspace: 90107K(91008K)->90107K(91008K) NonClass: 79272K(79680K)->79272K(79680K) Class: 10835K(11328K)->10835K(11328K)
[2026-04-17T15:56:05.611+0000][gc          ] GC(35) Pause Young (Normal) (G1 Evacuation Pause) 638M->129M(1024M) 11.700ms
[2026-04-17T15:56:05.611+0000][gc,cpu      ] GC(35) User=0.04s Sys=0.00s Real=0.01s
