[2026-04-06T06:28:38.669+0000][gc] Using G1
[2026-04-06T06:28:38.675+0000][gc,init] Version: 17.0.16+8-alpine-r0 (release)
[2026-04-06T06:28:38.675+0000][gc,init] CPUs: 20 total, 20 available
[2026-04-06T06:28:38.675+0000][gc,init] Memory: 15805M
[2026-04-06T06:28:38.675+0000][gc,init] Large Page Support: Disabled
[2026-04-06T06:28:38.676+0000][gc,init] NUMA Support: Disabled
[2026-04-06T06:28:38.676+0000][gc,init] Compressed Oops: Enabled (32-bit)
[2026-04-06T06:28:38.676+0000][gc,init] Heap Region Size: 1M
[2026-04-06T06:28:38.676+0000][gc,init] Heap Min Capacity: 1G
[2026-04-06T06:28:38.676+0000][gc,init] Heap Initial Capacity: 1G
[2026-04-06T06:28:38.683+0000][gc,init] Heap Max Capacity: 1G
[2026-04-06T06:28:38.683+0000][gc,init] Pre-touch: Disabled
[2026-04-06T06:28:38.683+0000][gc,init] Parallel Workers: 15
[2026-04-06T06:28:38.683+0000][gc,init] Concurrent Workers: 4
[2026-04-06T06:28:38.683+0000][gc,init] Concurrent Refinement Workers: 15
[2026-04-06T06:28:38.683+0000][gc,init] Periodic GC: Disabled
[2026-04-06T06:28:38.689+0000][gc,metaspace] CDS archive(s) mapped at: [0x000070df4b000000-0x000070df4bbc7000-0x000070df4bbc7000), size 12349440, SharedBaseAddress: 0x000070df4b000000, ArchiveRelocationMode: 1.
[2026-04-06T06:28:38.689+0000][gc,metaspace] Compressed class space mapped at: 0x000070df4c000000-0x000070df8c000000, reserved size: 1073741824
[2026-04-06T06:28:38.691+0000][gc,metaspace] Narrow klass base: 0x000070df4b000000, Narrow klass shift: 0, Narrow klass range: 0x100000000
[2026-04-06T06:28:41.564+0000][gc,start    ] GC(0) Pause Young (Concurrent Start) (Metadata GC Threshold)
[2026-04-06T06:28:41.566+0000][gc,task     ] GC(0) Using 15 workers of 15 for evacuation
[2026-04-06T06:28:41.574+0000][gc,phases   ] GC(0)   Pre Evacuate Collection Set: 0.2ms
[2026-04-06T06:28:41.575+0000][gc,phases   ] GC(0)   Merge Heap Roots: 0.2ms
[2026-04-06T06:28:41.575+0000][gc,phases   ] GC(0)   Evacuate Collection Set: 6.0ms
[2026-04-06T06:28:41.575+0000][gc,phases   ] GC(0)   Post Evacuate Collection Set: 1.4ms
[2026-04-06T06:28:41.575+0000][gc,phases   ] GC(0)   Other: 2.6ms
[2026-04-06T06:28:41.576+0000][gc,heap     ] GC(0) Eden regions: 357->0(492)
[2026-04-06T06:28:41.576+0000][gc,heap     ] GC(0) Survivor regions: 0->20(64)
[2026-04-06T06:28:41.576+0000][gc,heap     ] GC(0) Old regions: 0->0
[2026-04-06T06:28:41.576+0000][gc,heap     ] GC(0) Archive regions: 2->2
[2026-04-06T06:28:41.577+0000][gc,heap     ] GC(0) Humongous regions: 0->0
[2026-04-06T06:28:41.577+0000][gc,metaspace] GC(0) Metaspace: 21180K(21504K)->21180K(21504K) NonClass: 18593K(18752K)->18593K(18752K) Class: 2586K(2752K)->2586K(2752K)
[2026-04-06T06:28:41.577+0000][gc          ] GC(0) Pause Young (Concurrent Start) (Metadata GC Threshold) 357M->20M(1024M) 13.190ms
[2026-04-06T06:28:41.577+0000][gc,cpu      ] GC(0) User=0.06s Sys=0.03s Real=0.01s
[2026-04-06T06:28:41.578+0000][gc          ] GC(1) Concurrent Mark Cycle
[2026-04-06T06:28:41.578+0000][gc,marking  ] GC(1) Concurrent Clear Claimed Marks
[2026-04-06T06:28:41.578+0000][gc,marking  ] GC(1) Concurrent Clear Claimed Marks 0.172ms
[2026-04-06T06:28:41.578+0000][gc,marking  ] GC(1) Concurrent Scan Root Regions
[2026-04-06T06:28:41.581+0000][gc,marking  ] GC(1) Concurrent Scan Root Regions 2.657ms
[2026-04-06T06:28:41.581+0000][gc,marking  ] GC(1) Concurrent Mark
[2026-04-06T06:28:41.581+0000][gc,marking  ] GC(1) Concurrent Mark From Roots
[2026-04-06T06:28:41.582+0000][gc,task     ] GC(1) Using 4 workers of 4 for marking
[2026-04-06T06:28:41.583+0000][gc,marking  ] GC(1) Concurrent Mark From Roots 1.639ms
[2026-04-06T06:28:41.583+0000][gc,marking  ] GC(1) Concurrent Preclean
[2026-04-06T06:28:41.583+0000][gc,marking  ] GC(1) Concurrent Preclean 0.281ms
[2026-04-06T06:28:41.584+0000][gc,start    ] GC(1) Pause Remark
[2026-04-06T06:28:41.586+0000][gc          ] GC(1) Pause Remark 21M->21M(1024M) 2.089ms
[2026-04-06T06:28:41.586+0000][gc,cpu      ] GC(1) User=0.01s Sys=0.00s Real=0.00s
[2026-04-06T06:28:41.586+0000][gc,marking  ] GC(1) Concurrent Mark 5.327ms
[2026-04-06T06:28:41.587+0000][gc,marking  ] GC(1) Concurrent Rebuild Remembered Sets
[2026-04-06T06:28:41.587+0000][gc,marking  ] GC(1) Concurrent Rebuild Remembered Sets 0.278ms
[2026-04-06T06:28:41.587+0000][gc,start    ] GC(1) Pause Cleanup
[2026-04-06T06:28:41.587+0000][gc          ] GC(1) Pause Cleanup 21M->21M(1024M) 0.189ms
[2026-04-06T06:28:41.588+0000][gc,cpu      ] GC(1) User=0.00s Sys=0.00s Real=0.00s
[2026-04-06T06:28:41.588+0000][gc,marking  ] GC(1) Concurrent Cleanup for Next Mark
[2026-04-06T06:28:41.592+0000][gc,marking  ] GC(1) Concurrent Cleanup for Next Mark 3.567ms
[2026-04-06T06:28:41.592+0000][gc          ] GC(1) Concurrent Mark Cycle 14.429ms
[2026-04-06T06:28:44.029+0000][gc,start    ] GC(2) Pause Young (Concurrent Start) (Metadata GC Threshold)
[2026-04-06T06:28:44.030+0000][gc,task     ] GC(2) Using 15 workers of 15 for evacuation
[2026-04-06T06:28:44.047+0000][gc,phases   ] GC(2)   Pre Evacuate Collection Set: 0.3ms
[2026-04-06T06:28:44.047+0000][gc,phases   ] GC(2)   Merge Heap Roots: 0.2ms
[2026-04-06T06:28:44.047+0000][gc,phases   ] GC(2)   Evacuate Collection Set: 13.1ms
[2026-04-06T06:28:44.047+0000][gc,phases   ] GC(2)   Post Evacuate Collection Set: 2.9ms
[2026-04-06T06:28:44.047+0000][gc,phases   ] GC(2)   Other: 0.9ms
[2026-04-06T06:28:44.048+0000][gc,heap     ] GC(2) Eden regions: 490->0(465)
[2026-04-06T06:28:44.048+0000][gc,heap     ] GC(2) Survivor regions: 20->47(64)
[2026-04-06T06:28:44.048+0000][gc,heap     ] GC(2) Old regions: 0->0
[2026-04-06T06:28:44.048+0000][gc,heap     ] GC(2) Archive regions: 2->2
[2026-04-06T06:28:44.048+0000][gc,heap     ] GC(2) Humongous regions: 0->0
[2026-04-06T06:28:44.049+0000][gc,metaspace] GC(2) Metaspace: 35620K(35968K)->35620K(35968K) NonClass: 31164K(31360K)->31164K(31360K) Class: 4455K(4608K)->4455K(4608K)
[2026-04-06T06:28:44.049+0000][gc          ] GC(2) Pause Young (Concurrent Start) (Metadata GC Threshold) 510M->47M(1024M) 19.475ms
[2026-04-06T06:28:44.049+0000][gc,cpu      ] GC(2) User=0.15s Sys=0.05s Real=0.02s
[2026-04-06T06:28:44.049+0000][gc          ] GC(3) Concurrent Mark Cycle
[2026-04-06T06:28:44.050+0000][gc,marking  ] GC(3) Concurrent Clear Claimed Marks
[2026-04-06T06:28:44.050+0000][gc,marking  ] GC(3) Concurrent Clear Claimed Marks 0.289ms
[2026-04-06T06:28:44.050+0000][gc,marking  ] GC(3) Concurrent Scan Root Regions
[2026-04-06T06:28:44.055+0000][gc,marking  ] GC(3) Concurrent Scan Root Regions 4.737ms
[2026-04-06T06:28:44.055+0000][gc,marking  ] GC(3) Concurrent Mark
[2026-04-06T06:28:44.056+0000][gc,marking  ] GC(3) Concurrent Mark From Roots
[2026-04-06T06:28:44.056+0000][gc,task     ] GC(3) Using 4 workers of 4 for marking
[2026-04-06T06:28:44.057+0000][gc,marking  ] GC(3) Concurrent Mark From Roots 1.431ms
[2026-04-06T06:28:44.057+0000][gc,marking  ] GC(3) Concurrent Preclean
[2026-04-06T06:28:44.058+0000][gc,marking  ] GC(3) Concurrent Preclean 0.283ms
[2026-04-06T06:28:44.058+0000][gc,start    ] GC(3) Pause Remark
[2026-04-06T06:28:44.061+0000][gc          ] GC(3) Pause Remark 48M->48M(1024M) 2.740ms
[2026-04-06T06:28:44.061+0000][gc,cpu      ] GC(3) User=0.01s Sys=0.00s Real=0.01s
[2026-04-06T06:28:44.061+0000][gc,marking  ] GC(3) Concurrent Mark 6.109ms
[2026-04-06T06:28:44.062+0000][gc,marking  ] GC(3) Concurrent Rebuild Remembered Sets
[2026-04-06T06:28:44.062+0000][gc,marking  ] GC(3) Concurrent Rebuild Remembered Sets 0.238ms
[2026-04-06T06:28:44.062+0000][gc,start    ] GC(3) Pause Cleanup
[2026-04-06T06:28:44.062+0000][gc          ] GC(3) Pause Cleanup 48M->48M(1024M) 0.227ms
[2026-04-06T06:28:44.063+0000][gc,cpu      ] GC(3) User=0.00s Sys=0.00s Real=0.00s
[2026-04-06T06:28:44.063+0000][gc,marking  ] GC(3) Concurrent Cleanup for Next Mark
[2026-04-06T06:28:44.066+0000][gc,marking  ] GC(3) Concurrent Cleanup for Next Mark 3.232ms
[2026-04-06T06:28:44.066+0000][gc          ] GC(3) Concurrent Mark Cycle 16.987ms
[2026-04-06T06:28:47.588+0000][gc,start    ] GC(4) Pause Young (Concurrent Start) (Metadata GC Threshold)
[2026-04-06T06:28:47.588+0000][gc,task     ] GC(4) Using 15 workers of 15 for evacuation
[2026-04-06T06:28:47.608+0000][gc,phases   ] GC(4)   Pre Evacuate Collection Set: 0.5ms
[2026-04-06T06:28:47.609+0000][gc,phases   ] GC(4)   Merge Heap Roots: 0.3ms
[2026-04-06T06:28:47.609+0000][gc,phases   ] GC(4)   Evacuate Collection Set: 16.3ms
[2026-04-06T06:28:47.609+0000][gc,phases   ] GC(4)   Post Evacuate Collection Set: 2.7ms
[2026-04-06T06:28:47.609+0000][gc,phases   ] GC(4)   Other: 0.9ms
[2026-04-06T06:28:47.609+0000][gc,heap     ] GC(4) Eden regions: 373->0(459)
[2026-04-06T06:28:47.610+0000][gc,heap     ] GC(4) Survivor regions: 47->53(64)
[2026-04-06T06:28:47.610+0000][gc,heap     ] GC(4) Old regions: 0->19
[2026-04-06T06:28:47.610+0000][gc,heap     ] GC(4) Archive regions: 2->2
[2026-04-06T06:28:47.610+0000][gc,heap     ] GC(4) Humongous regions: 0->0
[2026-04-06T06:28:47.610+0000][gc,metaspace] GC(4) Metaspace: 59735K(60288K)->59735K(60288K) NonClass: 52335K(52608K)->52335K(52608K) Class: 7400K(7680K)->7400K(7680K)
[2026-04-06T06:28:47.611+0000][gc          ] GC(4) Pause Young (Concurrent Start) (Metadata GC Threshold) 419M->72M(1024M) 22.909ms
[2026-04-06T06:28:47.611+0000][gc,cpu      ] GC(4) User=0.18s Sys=0.08s Real=0.02s
[2026-04-06T06:28:47.611+0000][gc          ] GC(5) Concurrent Mark Cycle
[2026-04-06T06:28:47.611+0000][gc,marking  ] GC(5) Concurrent Clear Claimed Marks
[2026-04-06T06:28:47.611+0000][gc,marking  ] GC(5) Concurrent Clear Claimed Marks 0.202ms
[2026-04-06T06:28:47.612+0000][gc,marking  ] GC(5) Concurrent Scan Root Regions
[2026-04-06T06:28:47.619+0000][gc,marking  ] GC(5) Concurrent Scan Root Regions 7.061ms
[2026-04-06T06:28:47.619+0000][gc,marking  ] GC(5) Concurrent Mark
[2026-04-06T06:28:47.619+0000][gc,marking  ] GC(5) Concurrent Mark From Roots
[2026-04-06T06:28:47.619+0000][gc,task     ] GC(5) Using 4 workers of 4 for marking
[2026-04-06T06:28:47.621+0000][gc,marking  ] GC(5) Concurrent Mark From Roots 1.386ms
[2026-04-06T06:28:47.621+0000][gc,marking  ] GC(5) Concurrent Preclean
[2026-04-06T06:28:47.621+0000][gc,marking  ] GC(5) Concurrent Preclean 0.278ms
[2026-04-06T06:28:47.621+0000][gc,start    ] GC(5) Pause Remark
[2026-04-06T06:28:47.624+0000][gc          ] GC(5) Pause Remark 81M->81M(1024M) 2.973ms
[2026-04-06T06:28:47.625+0000][gc,cpu      ] GC(5) User=0.01s Sys=0.00s Real=0.00s
[2026-04-06T06:28:47.625+0000][gc,marking  ] GC(5) Concurrent Mark 6.083ms
[2026-04-06T06:28:47.625+0000][gc,marking  ] GC(5) Concurrent Rebuild Remembered Sets
[2026-04-06T06:28:47.628+0000][gc,marking  ] GC(5) Concurrent Rebuild Remembered Sets 2.601ms
[2026-04-06T06:28:47.628+0000][gc,start    ] GC(5) Pause Cleanup
[2026-04-06T06:28:47.629+0000][gc          ] GC(5) Pause Cleanup 81M->81M(1024M) 0.600ms
[2026-04-06T06:28:47.629+0000][gc,cpu      ] GC(5) User=0.00s Sys=0.00s Real=0.00s
[2026-04-06T06:28:47.629+0000][gc,marking  ] GC(5) Concurrent Cleanup for Next Mark
[2026-04-06T06:28:47.630+0000][gc,marking  ] GC(5) Concurrent Cleanup for Next Mark 0.959ms
[2026-04-06T06:28:47.631+0000][gc          ] GC(5) Concurrent Mark Cycle 19.670ms
[2026-04-06T06:28:50.074+0000][gc,start    ] GC(6) Pause Young (Normal) (G1 Evacuation Pause)
[2026-04-06T06:28:50.074+0000][gc,task     ] GC(6) Using 15 workers of 15 for evacuation
[2026-04-06T06:28:50.093+0000][gc,phases   ] GC(6)   Pre Evacuate Collection Set: 0.3ms
[2026-04-06T06:28:50.093+0000][gc,phases   ] GC(6)   Merge Heap Roots: 0.2ms
[2026-04-06T06:28:50.094+0000][gc,phases   ] GC(6)   Evacuate Collection Set: 15.1ms
[2026-04-06T06:28:50.094+0000][gc,phases   ] GC(6)   Post Evacuate Collection Set: 2.8ms
[2026-04-06T06:28:50.094+0000][gc,phases   ] GC(6)   Other: 0.7ms
[2026-04-06T06:28:50.094+0000][gc,heap     ] GC(6) Eden regions: 459->0(462)
[2026-04-06T06:28:50.095+0000][gc,heap     ] GC(6) Survivor regions: 53->50(64)
[2026-04-06T06:28:50.095+0000][gc,heap     ] GC(6) Old regions: 19->44
[2026-04-06T06:28:50.095+0000][gc,heap     ] GC(6) Archive regions: 2->2
[2026-04-06T06:28:50.095+0000][gc,heap     ] GC(6) Humongous regions: 0->0
[2026-04-06T06:28:50.095+0000][gc,metaspace] GC(6) Metaspace: 71735K(72320K)->71735K(72320K) NonClass: 62667K(62976K)->62667K(62976K) Class: 9067K(9344K)->9067K(9344K)
[2026-04-06T06:28:50.096+0000][gc          ] GC(6) Pause Young (Normal) (G1 Evacuation Pause) 531M->94M(1024M) 21.750ms
[2026-04-06T06:28:50.096+0000][gc,cpu      ] GC(6) User=0.28s Sys=0.03s Real=0.02s
[2026-04-06T06:28:52.068+0000][gc,start    ] GC(7) Pause Young (Normal) (G1 Evacuation Pause)
[2026-04-06T06:28:52.070+0000][gc,task     ] GC(7) Using 15 workers of 15 for evacuation
[2026-04-06T06:28:52.091+0000][gc,phases   ] GC(7)   Pre Evacuate Collection Set: 0.3ms
[2026-04-06T06:28:52.091+0000][gc,phases   ] GC(7)   Merge Heap Roots: 0.2ms
[2026-04-06T06:28:52.091+0000][gc,phases   ] GC(7)   Evacuate Collection Set: 16.7ms
[2026-04-06T06:28:52.091+0000][gc,phases   ] GC(7)   Post Evacuate Collection Set: 2.6ms
[2026-04-06T06:28:52.092+0000][gc,phases   ] GC(7)   Other: 2.7ms
[2026-04-06T06:28:52.092+0000][gc,heap     ] GC(7) Eden regions: 462->0(459)
[2026-04-06T06:28:52.092+0000][gc,heap     ] GC(7) Survivor regions: 50->53(64)
[2026-04-06T06:28:52.092+0000][gc,heap     ] GC(7) Old regions: 44->69
[2026-04-06T06:28:52.092+0000][gc,heap     ] GC(7) Archive regions: 2->2
[2026-04-06T06:28:52.092+0000][gc,heap     ] GC(7) Humongous regions: 0->0
[2026-04-06T06:28:52.093+0000][gc,metaspace] GC(7) Metaspace: 79744K(80320K)->79744K(80320K) NonClass: 69658K(69952K)->69658K(69952K) Class: 10085K(10368K)->10085K(10368K)
[2026-04-06T06:28:52.093+0000][gc          ] GC(7) Pause Young (Normal) (G1 Evacuation Pause) 556M->122M(1024M) 24.725ms
[2026-04-06T06:28:52.093+0000][gc,cpu      ] GC(7) User=0.28s Sys=0.05s Real=0.03s
[2026-04-06T06:35:48.922+0000][gc,start    ] GC(8) Pause Young (Normal) (G1 Evacuation Pause)
[2026-04-06T06:35:48.922+0000][gc,task     ] GC(8) Using 15 workers of 15 for evacuation
[2026-04-06T06:35:48.937+0000][gc,phases   ] GC(8)   Pre Evacuate Collection Set: 0.5ms
[2026-04-06T06:35:48.937+0000][gc,phases   ] GC(8)   Merge Heap Roots: 0.4ms
[2026-04-06T06:35:48.938+0000][gc,phases   ] GC(8)   Evacuate Collection Set: 10.4ms
[2026-04-06T06:35:48.938+0000][gc,phases   ] GC(8)   Post Evacuate Collection Set: 3.1ms
[2026-04-06T06:35:48.938+0000][gc,phases   ] GC(8)   Other: 0.9ms
[2026-04-06T06:35:48.939+0000][gc,heap     ] GC(8) Eden regions: 459->0(483)
[2026-04-06T06:35:48.939+0000][gc,heap     ] GC(8) Survivor regions: 53->29(64)
[2026-04-06T06:35:48.939+0000][gc,heap     ] GC(8) Old regions: 69->84
[2026-04-06T06:35:48.939+0000][gc,heap     ] GC(8) Archive regions: 2->2
[2026-04-06T06:35:48.940+0000][gc,heap     ] GC(8) Humongous regions: 1->1
[2026-04-06T06:35:48.940+0000][gc,metaspace] GC(8) Metaspace: 86779K(87680K)->86779K(87680K) NonClass: 76081K(76544K)->76081K(76544K) Class: 10698K(11136K)->10698K(11136K)
[2026-04-06T06:35:48.940+0000][gc          ] GC(8) Pause Young (Normal) (G1 Evacuation Pause) 582M->113M(1024M) 18.409ms
[2026-04-06T06:35:48.940+0000][gc,cpu      ] GC(8) User=0.12s Sys=0.03s Real=0.02s
[2026-04-06T07:19:27.716+0000][gc,start    ] GC(9) Pause Young (Normal) (G1 Evacuation Pause)
[2026-04-06T07:19:27.717+0000][gc,task     ] GC(9) Using 15 workers of 15 for evacuation
[2026-04-06T07:19:27.734+0000][gc,phases   ] GC(9)   Pre Evacuate Collection Set: 0.8ms
[2026-04-06T07:19:27.735+0000][gc,phases   ] GC(9)   Merge Heap Roots: 0.3ms
[2026-04-06T07:19:27.735+0000][gc,phases   ] GC(9)   Evacuate Collection Set: 13.3ms
[2026-04-06T07:19:27.735+0000][gc,phases   ] GC(9)   Post Evacuate Collection Set: 2.6ms
[2026-04-06T07:19:27.735+0000][gc,phases   ] GC(9)   Other: 1.5ms
[2026-04-06T07:19:27.736+0000][gc,heap     ] GC(9) Eden regions: 483->0(470)
[2026-04-06T07:19:27.736+0000][gc,heap     ] GC(9) Survivor regions: 29->42(64)
[2026-04-06T07:19:27.736+0000][gc,heap     ] GC(9) Old regions: 84->84
[2026-04-06T07:19:27.736+0000][gc,heap     ] GC(9) Archive regions: 2->2
[2026-04-06T07:19:27.737+0000][gc,heap     ] GC(9) Humongous regions: 7->7
[2026-04-06T07:19:27.737+0000][gc,metaspace] GC(9) Metaspace: 90198K(91072K)->90198K(91072K) NonClass: 79269K(79680K)->79269K(79680K) Class: 10929K(11392K)->10929K(11392K)
[2026-04-06T07:19:27.737+0000][gc          ] GC(9) Pause Young (Normal) (G1 Evacuation Pause) 602M->133M(1024M) 21.240ms
[2026-04-06T07:19:27.738+0000][gc,cpu      ] GC(9) User=0.16s Sys=0.01s Real=0.02s
[2026-04-06T07:48:17.594+0000][gc,start    ] GC(10) Pause Young (Normal) (G1 Evacuation Pause)
[2026-04-06T07:48:17.595+0000][gc,task     ] GC(10) Using 15 workers of 15 for evacuation
[2026-04-06T07:48:17.612+0000][gc,phases   ] GC(10)   Pre Evacuate Collection Set: 1.1ms
[2026-04-06T07:48:17.613+0000][gc,phases   ] GC(10)   Merge Heap Roots: 0.3ms
[2026-04-06T07:48:17.613+0000][gc,phases   ] GC(10)   Evacuate Collection Set: 12.7ms
[2026-04-06T07:48:17.614+0000][gc,phases   ] GC(10)   Post Evacuate Collection Set: 2.9ms
[2026-04-06T07:48:17.614+0000][gc,phases   ] GC(10)   Other: 2.2ms
[2026-04-06T07:48:17.615+0000][gc,heap     ] GC(10) Eden regions: 470->0(479)
[2026-04-06T07:48:17.615+0000][gc,heap     ] GC(10) Survivor regions: 42->33(64)
[2026-04-06T07:48:17.616+0000][gc,heap     ] GC(10) Old regions: 84->92
[2026-04-06T07:48:17.616+0000][gc,heap     ] GC(10) Archive regions: 2->2
[2026-04-06T07:48:17.616+0000][gc,heap     ] GC(10) Humongous regions: 7->7
[2026-04-06T07:48:17.617+0000][gc,metaspace] GC(10) Metaspace: 90410K(91328K)->90410K(91328K) NonClass: 79471K(79936K)->79471K(79936K) Class: 10938K(11392K)->10938K(11392K)
[2026-04-06T07:48:17.617+0000][gc          ] GC(10) Pause Young (Normal) (G1 Evacuation Pause) 603M->132M(1024M) 23.484ms
[2026-04-06T07:48:17.618+0000][gc,cpu      ] GC(10) User=0.17s Sys=0.00s Real=0.03s
[2026-04-07T00:04:05.579+0000][gc,start    ] GC(11) Pause Young (Normal) (G1 Evacuation Pause)
[2026-04-07T00:04:05.580+0000][gc,task     ] GC(11) Using 15 workers of 15 for evacuation
[2026-04-07T00:04:05.597+0000][gc,phases   ] GC(11)   Pre Evacuate Collection Set: 1.2ms
[2026-04-07T00:04:05.598+0000][gc,phases   ] GC(11)   Merge Heap Roots: 0.4ms
[2026-04-07T00:04:05.598+0000][gc,phases   ] GC(11)   Evacuate Collection Set: 12.3ms
[2026-04-07T00:04:05.598+0000][gc,phases   ] GC(11)   Post Evacuate Collection Set: 3.2ms
[2026-04-07T00:04:05.599+0000][gc,phases   ] GC(11)   Other: 2.2ms
[2026-04-07T00:04:05.599+0000][gc,heap     ] GC(11) Eden regions: 479->0(478)
[2026-04-07T00:04:05.600+0000][gc,heap     ] GC(11) Survivor regions: 33->34(64)
[2026-04-07T00:04:05.601+0000][gc,heap     ] GC(11) Old regions: 92->92
[2026-04-07T00:04:05.601+0000][gc,heap     ] GC(11) Archive regions: 2->2
[2026-04-07T00:04:05.602+0000][gc,heap     ] GC(11) Humongous regions: 9->9
[2026-04-07T00:04:05.602+0000][gc,metaspace] GC(11) Metaspace: 90551K(91456K)->90551K(91456K) NonClass: 79607K(80064K)->79607K(80064K) Class: 10943K(11392K)->10943K(11392K)
[2026-04-07T00:04:05.602+0000][gc          ] GC(11) Pause Young (Normal) (G1 Evacuation Pause) 613M->135M(1024M) 23.098ms
[2026-04-07T00:04:05.603+0000][gc,cpu      ] GC(11) User=0.17s Sys=0.01s Real=0.02s
[2026-04-07T01:27:06.087+0000][gc,start    ] GC(12) Pause Young (Normal) (G1 Evacuation Pause)
[2026-04-07T01:27:06.088+0000][gc,task     ] GC(12) Using 15 workers of 15 for evacuation
[2026-04-07T01:27:06.101+0000][gc,phases   ] GC(12)   Pre Evacuate Collection Set: 0.7ms
[2026-04-07T01:27:06.101+0000][gc,phases   ] GC(12)   Merge Heap Roots: 0.2ms
[2026-04-07T01:27:06.102+0000][gc,phases   ] GC(12)   Evacuate Collection Set: 7.8ms
[2026-04-07T01:27:06.102+0000][gc,phases   ] GC(12)   Post Evacuate Collection Set: 1.9ms
[2026-04-07T01:27:06.103+0000][gc,phases   ] GC(12)   Other: 3.3ms
[2026-04-07T01:27:06.103+0000][gc,heap     ] GC(12) Eden regions: 478->0(477)
[2026-04-07T01:27:06.103+0000][gc,heap     ] GC(12) Survivor regions: 34->35(64)
[2026-04-07T01:27:06.104+0000][gc,heap     ] GC(12) Old regions: 92->92
[2026-04-07T01:27:06.104+0000][gc,heap     ] GC(12) Archive regions: 2->2
[2026-04-07T01:27:06.104+0000][gc,heap     ] GC(12) Humongous regions: 9->9
[2026-04-07T01:27:06.105+0000][gc,metaspace] GC(12) Metaspace: 90574K(91456K)->90574K(91456K) NonClass: 79629K(80064K)->79629K(80064K) Class: 10945K(11392K)->10945K(11392K)
[2026-04-07T01:27:06.105+0000][gc          ] GC(12) Pause Young (Normal) (G1 Evacuation Pause) 613M->136M(1024M) 17.685ms
[2026-04-07T01:27:06.105+0000][gc,cpu      ] GC(12) User=0.10s Sys=0.01s Real=0.02s
[2026-04-07T01:57:04.668+0000][gc,start    ] GC(13) Pause Young (Normal) (G1 Evacuation Pause)
[2026-04-07T01:57:04.669+0000][gc,task     ] GC(13) Using 15 workers of 15 for evacuation
[2026-04-07T01:57:04.681+0000][gc,phases   ] GC(13)   Pre Evacuate Collection Set: 0.8ms
[2026-04-07T01:57:04.681+0000][gc,phases   ] GC(13)   Merge Heap Roots: 0.2ms
[2026-04-07T01:57:04.682+0000][gc,phases   ] GC(13)   Evacuate Collection Set: 6.9ms
[2026-04-07T01:57:04.682+0000][gc,phases   ] GC(13)   Post Evacuate Collection Set: 1.9ms
[2026-04-07T01:57:04.682+0000][gc,phases   ] GC(13)   Other: 3.0ms
[2026-04-07T01:57:04.682+0000][gc,heap     ] GC(13) Eden regions: 477->0(478)
[2026-04-07T01:57:04.682+0000][gc,heap     ] GC(13) Survivor regions: 35->34(64)
[2026-04-07T01:57:04.682+0000][gc,heap     ] GC(13) Old regions: 92->92
[2026-04-07T01:57:04.683+0000][gc,heap     ] GC(13) Archive regions: 2->2
[2026-04-07T01:57:04.683+0000][gc,heap     ] GC(13) Humongous regions: 9->9
[2026-04-07T01:57:04.683+0000][gc,metaspace] GC(13) Metaspace: 90742K(91648K)->90742K(91648K) NonClass: 79786K(80256K)->79786K(80256K) Class: 10956K(11392K)->10956K(11392K)
[2026-04-07T01:57:04.683+0000][gc          ] GC(13) Pause Young (Normal) (G1 Evacuation Pause) 613M->135M(1024M) 14.653ms
[2026-04-07T01:57:04.683+0000][gc,cpu      ] GC(13) User=0.10s Sys=0.01s Real=0.01s
[2026-04-07T22:40:53.302+0000][gc,start    ] GC(14) Pause Young (Normal) (G1 Evacuation Pause)
[2026-04-07T22:40:53.303+0000][gc,task     ] GC(14) Using 15 workers of 15 for evacuation
[2026-04-07T22:40:53.321+0000][gc,phases   ] GC(14)   Pre Evacuate Collection Set: 1.1ms
[2026-04-07T22:40:53.321+0000][gc,phases   ] GC(14)   Merge Heap Roots: 0.6ms
[2026-04-07T22:40:53.321+0000][gc,phases   ] GC(14)   Evacuate Collection Set: 12.1ms
[2026-04-07T22:40:53.322+0000][gc,phases   ] GC(14)   Post Evacuate Collection Set: 2.7ms
[2026-04-07T22:40:53.322+0000][gc,phases   ] GC(14)   Other: 3.1ms
[2026-04-07T22:40:53.322+0000][gc,heap     ] GC(14) Eden regions: 478->0(477)
[2026-04-07T22:40:53.323+0000][gc,heap     ] GC(14) Survivor regions: 34->35(64)
[2026-04-07T22:40:53.323+0000][gc,heap     ] GC(14) Old regions: 92->92
[2026-04-07T22:40:53.323+0000][gc,heap     ] GC(14) Archive regions: 2->2
[2026-04-07T22:40:53.323+0000][gc,heap     ] GC(14) Humongous regions: 9->9
[2026-04-07T22:40:53.324+0000][gc,metaspace] GC(14) Metaspace: 90867K(91840K)->90867K(91840K) NonClass: 79907K(80384K)->79907K(80384K) Class: 10960K(11456K)->10960K(11456K)
[2026-04-07T22:40:53.324+0000][gc          ] GC(14) Pause Young (Normal) (G1 Evacuation Pause) 613M->136M(1024M) 22.710ms
[2026-04-07T22:40:53.325+0000][gc,cpu      ] GC(14) User=0.14s Sys=0.02s Real=0.02s
[2026-04-07T23:10:27.287+0000][gc,start    ] GC(15) Pause Young (Normal) (G1 Evacuation Pause)
[2026-04-07T23:10:27.287+0000][gc,task     ] GC(15) Using 15 workers of 15 for evacuation
[2026-04-07T23:10:27.313+0000][gc,phases   ] GC(15)   Pre Evacuate Collection Set: 0.9ms
[2026-04-07T23:10:27.313+0000][gc,phases   ] GC(15)   Merge Heap Roots: 0.4ms
[2026-04-07T23:10:27.314+0000][gc,phases   ] GC(15)   Evacuate Collection Set: 19.6ms
[2026-04-07T23:10:27.314+0000][gc,phases   ] GC(15)   Post Evacuate Collection Set: 3.8ms
[2026-04-07T23:10:27.315+0000][gc,phases   ] GC(15)   Other: 2.3ms
[2026-04-07T23:10:27.315+0000][gc,heap     ] GC(15) Eden regions: 477->0(478)
[2026-04-07T23:10:27.316+0000][gc,heap     ] GC(15) Survivor regions: 35->34(64)
[2026-04-07T23:10:27.316+0000][gc,heap     ] GC(15) Old regions: 92->92
[2026-04-07T23:10:27.316+0000][gc,heap     ] GC(15) Archive regions: 2->2
[2026-04-07T23:10:27.316+0000][gc,heap     ] GC(15) Humongous regions: 9->9
[2026-04-07T23:10:27.317+0000][gc,metaspace] GC(15) Metaspace: 91011K(91968K)->91011K(91968K) NonClass: 80046K(80512K)->80046K(80512K) Class: 10965K(11456K)->10965K(11456K)
[2026-04-07T23:10:27.317+0000][gc          ] GC(15) Pause Young (Normal) (G1 Evacuation Pause) 613M->135M(1024M) 30.227ms
[2026-04-07T23:10:27.317+0000][gc,cpu      ] GC(15) User=0.26s Sys=0.00s Real=0.03s
[2026-04-07T23:40:01.055+0000][gc,start    ] GC(16) Pause Young (Normal) (G1 Evacuation Pause)
[2026-04-07T23:40:01.055+0000][gc,task     ] GC(16) Using 15 workers of 15 for evacuation
[2026-04-07T23:40:01.070+0000][gc,phases   ] GC(16)   Pre Evacuate Collection Set: 0.6ms
[2026-04-07T23:40:01.070+0000][gc,phases   ] GC(16)   Merge Heap Roots: 0.3ms
[2026-04-07T23:40:01.071+0000][gc,phases   ] GC(16)   Evacuate Collection Set: 10.7ms
[2026-04-07T23:40:01.071+0000][gc,phases   ] GC(16)   Post Evacuate Collection Set: 2.5ms
[2026-04-07T23:40:01.072+0000][gc,phases   ] GC(16)   Other: 1.2ms
[2026-04-07T23:40:01.072+0000][gc,heap     ] GC(16) Eden regions: 478->0(477)
[2026-04-07T23:40:01.073+0000][gc,heap     ] GC(16) Survivor regions: 34->35(64)
[2026-04-07T23:40:01.073+0000][gc,heap     ] GC(16) Old regions: 92->92
[2026-04-07T23:40:01.074+0000][gc,heap     ] GC(16) Archive regions: 2->2
[2026-04-07T23:40:01.074+0000][gc,heap     ] GC(16) Humongous regions: 9->9
[2026-04-07T23:40:01.076+0000][gc,metaspace] GC(16) Metaspace: 91045K(92032K)->91045K(92032K) NonClass: 80079K(80576K)->80079K(80576K) Class: 10965K(11456K)->10965K(11456K)
[2026-04-07T23:40:01.077+0000][gc          ] GC(16) Pause Young (Normal) (G1 Evacuation Pause) 613M->136M(1024M) 21.905ms
[2026-04-07T23:40:01.077+0000][gc,cpu      ] GC(16) User=0.14s Sys=0.02s Real=0.03s
[2026-04-08T01:06:58.621+0000][gc,start    ] GC(17) Pause Young (Normal) (G1 Evacuation Pause)
[2026-04-08T01:06:58.622+0000][gc,task     ] GC(17) Using 15 workers of 15 for evacuation
[2026-04-08T01:06:58.683+0000][gc,phases   ] GC(17)   Pre Evacuate Collection Set: 3.8ms
[2026-04-08T01:06:58.684+0000][gc,phases   ] GC(17)   Merge Heap Roots: 1.2ms
[2026-04-08T01:06:58.685+0000][gc,phases   ] GC(17)   Evacuate Collection Set: 47.7ms
[2026-04-08T01:06:58.685+0000][gc,phases   ] GC(17)   Post Evacuate Collection Set: 5.9ms
[2026-04-08T01:06:58.686+0000][gc,phases   ] GC(17)   Other: 9.1ms
[2026-04-08T01:06:58.687+0000][gc,heap     ] GC(17) Eden regions: 477->0(476)
[2026-04-08T01:06:58.687+0000][gc,heap     ] GC(17) Survivor regions: 35->36(64)
[2026-04-08T01:06:58.688+0000][gc,heap     ] GC(17) Old regions: 92->92
[2026-04-08T01:06:58.688+0000][gc,heap     ] GC(17) Archive regions: 2->2
[2026-04-08T01:06:58.689+0000][gc,heap     ] GC(17) Humongous regions: 9->9
[2026-04-08T01:06:58.689+0000][gc,metaspace] GC(17) Metaspace: 91120K(92096K)->91120K(92096K) NonClass: 80154K(80640K)->80154K(80640K) Class: 10965K(11456K)->10965K(11456K)
[2026-04-08T01:06:58.690+0000][gc          ] GC(17) Pause Young (Normal) (G1 Evacuation Pause) 613M->137M(1024M) 69.581ms
[2026-04-08T01:06:58.691+0000][gc,cpu      ] GC(17) User=0.74s Sys=0.00s Real=0.07s
[2026-04-08T01:36:12.448+0000][gc,start    ] GC(18) Pause Young (Normal) (G1 Evacuation Pause)
[2026-04-08T01:36:12.449+0000][gc,task     ] GC(18) Using 15 workers of 15 for evacuation
[2026-04-08T01:36:12.472+0000][gc,phases   ] GC(18)   Pre Evacuate Collection Set: 1.2ms
[2026-04-08T01:36:12.474+0000][gc,phases   ] GC(18)   Merge Heap Roots: 0.5ms
[2026-04-08T01:36:12.477+0000][gc,phases   ] GC(18)   Evacuate Collection Set: 15.4ms
[2026-04-08T01:36:12.479+0000][gc,phases   ] GC(18)   Post Evacuate Collection Set: 4.3ms
[2026-04-08T01:36:12.479+0000][gc,phases   ] GC(18)   Other: 3.0ms
[2026-04-08T01:36:12.480+0000][gc,heap     ] GC(18) Eden regions: 476->0(477)
[2026-04-08T01:36:12.480+0000][gc,heap     ] GC(18) Survivor regions: 36->35(64)
[2026-04-08T01:36:12.481+0000][gc,heap     ] GC(18) Old regions: 92->92
[2026-04-08T01:36:12.481+0000][gc,heap     ] GC(18) Archive regions: 2->2
[2026-04-08T01:36:12.482+0000][gc,heap     ] GC(18) Humongous regions: 9->9
[2026-04-08T01:36:12.483+0000][gc,metaspace] GC(18) Metaspace: 91137K(92096K)->91137K(92096K) NonClass: 80172K(80640K)->80172K(80640K) Class: 10965K(11456K)->10965K(11456K)
[2026-04-08T01:36:12.484+0000][gc          ] GC(18) Pause Young (Normal) (G1 Evacuation Pause) 613M->136M(1024M) 36.297ms
[2026-04-08T01:36:12.485+0000][gc,cpu      ] GC(18) User=0.21s Sys=0.00s Real=0.03s
[2026-04-08T09:50:37.724+0000][gc,start    ] GC(19) Pause Young (Normal) (G1 Evacuation Pause)
[2026-04-08T09:50:37.724+0000][gc,task     ] GC(19) Using 15 workers of 15 for evacuation
[2026-04-08T09:50:37.737+0000][gc,phases   ] GC(19)   Pre Evacuate Collection Set: 0.6ms
[2026-04-08T09:50:37.737+0000][gc,phases   ] GC(19)   Merge Heap Roots: 0.3ms
[2026-04-08T09:50:37.738+0000][gc,phases   ] GC(19)   Evacuate Collection Set: 8.3ms
[2026-04-08T09:50:37.738+0000][gc,phases   ] GC(19)   Post Evacuate Collection Set: 2.4ms
[2026-04-08T09:50:37.738+0000][gc,phases   ] GC(19)   Other: 1.4ms
[2026-04-08T09:50:37.739+0000][gc,heap     ] GC(19) Eden regions: 477->0(476)
[2026-04-08T09:50:37.739+0000][gc,heap     ] GC(19) Survivor regions: 35->36(64)
[2026-04-08T09:50:37.740+0000][gc,heap     ] GC(19) Old regions: 92->92
[2026-04-08T09:50:37.740+0000][gc,heap     ] GC(19) Archive regions: 2->2
[2026-04-08T09:50:37.740+0000][gc,heap     ] GC(19) Humongous regions: 9->9
[2026-04-08T09:50:37.741+0000][gc,metaspace] GC(19) Metaspace: 91234K(92160K)->91234K(92160K) NonClass: 80268K(80704K)->80268K(80704K) Class: 10965K(11456K)->10965K(11456K)
[2026-04-08T09:50:37.741+0000][gc          ] GC(19) Pause Young (Normal) (G1 Evacuation Pause) 613M->137M(1024M) 17.174ms
[2026-04-08T09:50:37.742+0000][gc,cpu      ] GC(19) User=0.12s Sys=0.00s Real=0.02s
[2026-04-08T10:19:48.028+0000][gc,start    ] GC(20) Pause Young (Normal) (G1 Evacuation Pause)
[2026-04-08T10:19:48.029+0000][gc,task     ] GC(20) Using 15 workers of 15 for evacuation
[2026-04-08T10:19:48.052+0000][gc,phases   ] GC(20)   Pre Evacuate Collection Set: 1.2ms
[2026-04-08T10:19:48.052+0000][gc,phases   ] GC(20)   Merge Heap Roots: 0.7ms
[2026-04-08T10:19:48.053+0000][gc,phases   ] GC(20)   Evacuate Collection Set: 15.9ms
[2026-04-08T10:19:48.054+0000][gc,phases   ] GC(20)   Post Evacuate Collection Set: 3.5ms
[2026-04-08T10:19:48.054+0000][gc,phases   ] GC(20)   Other: 2.8ms
[2026-04-08T10:19:48.055+0000][gc,heap     ] GC(20) Eden regions: 476->0(477)
[2026-04-08T10:19:48.055+0000][gc,heap     ] GC(20) Survivor regions: 36->35(64)
[2026-04-08T10:19:48.055+0000][gc,heap     ] GC(20) Old regions: 92->92
[2026-04-08T10:19:48.056+0000][gc,heap     ] GC(20) Archive regions: 2->2
[2026-04-08T10:19:48.057+0000][gc,heap     ] GC(20) Humongous regions: 9->9
[2026-04-08T10:19:48.057+0000][gc,metaspace] GC(20) Metaspace: 91243K(92160K)->91243K(92160K) NonClass: 80278K(80704K)->80278K(80704K) Class: 10965K(11456K)->10965K(11456K)
[2026-04-08T10:19:48.058+0000][gc          ] GC(20) Pause Young (Normal) (G1 Evacuation Pause) 613M->136M(1024M) 30.036ms
[2026-04-08T10:19:48.059+0000][gc,cpu      ] GC(20) User=0.21s Sys=0.01s Real=0.03s
[2026-04-08T10:49:05.944+0000][gc,start    ] GC(21) Pause Young (Normal) (G1 Evacuation Pause)
[2026-04-08T10:49:05.946+0000][gc,task     ] GC(21) Using 15 workers of 15 for evacuation
[2026-04-08T10:49:05.991+0000][gc,phases   ] GC(21)   Pre Evacuate Collection Set: 3.8ms
[2026-04-08T10:49:05.992+0000][gc,phases   ] GC(21)   Merge Heap Roots: 1.0ms
[2026-04-08T10:49:05.993+0000][gc,phases   ] GC(21)   Evacuate Collection Set: 28.5ms
[2026-04-08T10:49:05.994+0000][gc,phases   ] GC(21)   Post Evacuate Collection Set: 9.0ms
[2026-04-08T10:49:05.995+0000][gc,phases   ] GC(21)   Other: 6.7ms
[2026-04-08T10:49:05.996+0000][gc,heap     ] GC(21) Eden regions: 477->0(477)
[2026-04-08T10:49:05.996+0000][gc,heap     ] GC(21) Survivor regions: 35->35(64)
[2026-04-08T10:49:05.997+0000][gc,heap     ] GC(21) Old regions: 92->92
[2026-04-08T10:49:05.998+0000][gc,heap     ] GC(21) Archive regions: 2->2
[2026-04-08T10:49:05.999+0000][gc,heap     ] GC(21) Humongous regions: 9->9
[2026-04-08T10:49:05.999+0000][gc,metaspace] GC(21) Metaspace: 91248K(92160K)->91248K(92160K) NonClass: 80283K(80704K)->80283K(80704K) Class: 10965K(11456K)->10965K(11456K)
[2026-04-08T10:49:06.000+0000][gc          ] GC(21) Pause Young (Normal) (G1 Evacuation Pause) 613M->136M(1024M) 56.583ms
[2026-04-08T10:49:06.001+0000][gc,cpu      ] GC(21) User=0.43s Sys=0.00s Real=0.06s
[2026-04-08T23:27:09.992+0000][gc,start    ] GC(22) Pause Young (Normal) (G1 Evacuation Pause)
[2026-04-08T23:27:09.993+0000][gc,task     ] GC(22) Using 15 workers of 15 for evacuation
[2026-04-08T23:27:10.013+0000][gc,phases   ] GC(22)   Pre Evacuate Collection Set: 1.0ms
[2026-04-08T23:27:10.014+0000][gc,phases   ] GC(22)   Merge Heap Roots: 0.6ms
[2026-04-08T23:27:10.014+0000][gc,phases   ] GC(22)   Evacuate Collection Set: 14.3ms
[2026-04-08T23:27:10.014+0000][gc,phases   ] GC(22)   Post Evacuate Collection Set: 3.0ms
[2026-04-08T23:27:10.015+0000][gc,phases   ] GC(22)   Other: 2.4ms
[2026-04-08T23:27:10.015+0000][gc,heap     ] GC(22) Eden regions: 477->0(476)
[2026-04-08T23:27:10.016+0000][gc,heap     ] GC(22) Survivor regions: 35->36(64)
[2026-04-08T23:27:10.016+0000][gc,heap     ] GC(22) Old regions: 92->92
[2026-04-08T23:27:10.016+0000][gc,heap     ] GC(22) Archive regions: 2->2
[2026-04-08T23:27:10.018+0000][gc,heap     ] GC(22) Humongous regions: 9->9
[2026-04-08T23:27:10.019+0000][gc,metaspace] GC(22) Metaspace: 91463K(92480K)->91463K(92480K) NonClass: 80497K(81024K)->80497K(81024K) Class: 10966K(11456K)->10966K(11456K)
[2026-04-08T23:27:10.019+0000][gc          ] GC(22) Pause Young (Normal) (G1 Evacuation Pause) 613M->137M(1024M) 26.962ms
[2026-04-08T23:27:10.022+0000][gc,cpu      ] GC(22) User=0.19s Sys=0.01s Real=0.03s
[2026-04-09T01:09:34.270+0000][gc,start    ] GC(23) Pause Young (Normal) (G1 Evacuation Pause)
[2026-04-09T01:09:34.271+0000][gc,task     ] GC(23) Using 15 workers of 15 for evacuation
[2026-04-09T01:09:34.296+0000][gc,phases   ] GC(23)   Pre Evacuate Collection Set: 1.3ms
[2026-04-09T01:09:34.297+0000][gc,phases   ] GC(23)   Merge Heap Roots: 0.6ms
[2026-04-09T01:09:34.297+0000][gc,phases   ] GC(23)   Evacuate Collection Set: 17.1ms
[2026-04-09T01:09:34.298+0000][gc,phases   ] GC(23)   Post Evacuate Collection Set: 4.4ms
[2026-04-09T01:09:34.299+0000][gc,phases   ] GC(23)   Other: 2.8ms
[2026-04-09T01:09:34.300+0000][gc,heap     ] GC(23) Eden regions: 476->0(490)
[2026-04-09T01:09:34.301+0000][gc,heap     ] GC(23) Survivor regions: 36->22(64)
[2026-04-09T01:09:34.301+0000][gc,heap     ] GC(23) Old regions: 92->107
[2026-04-09T01:09:34.302+0000][gc,heap     ] GC(23) Archive regions: 2->2
[2026-04-09T01:09:34.303+0000][gc,heap     ] GC(23) Humongous regions: 9->9
[2026-04-09T01:09:34.304+0000][gc,metaspace] GC(23) Metaspace: 91474K(92480K)->91474K(92480K) NonClass: 80507K(81024K)->80507K(81024K) Class: 10966K(11456K)->10966K(11456K)
[2026-04-09T01:09:34.305+0000][gc          ] GC(23) Pause Young (Normal) (G1 Evacuation Pause) 613M->137M(1024M) 34.642ms
[2026-04-09T01:09:34.306+0000][gc,cpu      ] GC(23) User=0.13s Sys=0.10s Real=0.04s
[2026-04-09T01:39:45.679+0000][gc,start    ] GC(24) Pause Young (Normal) (G1 Evacuation Pause)
[2026-04-09T01:39:45.681+0000][gc,task     ] GC(24) Using 15 workers of 15 for evacuation
[2026-04-09T01:39:45.701+0000][gc,phases   ] GC(24)   Pre Evacuate Collection Set: 2.7ms
[2026-04-09T01:39:45.702+0000][gc,phases   ] GC(24)   Merge Heap Roots: 0.8ms
[2026-04-09T01:39:45.702+0000][gc,phases   ] GC(24)   Evacuate Collection Set: 13.1ms
[2026-04-09T01:39:45.703+0000][gc,phases   ] GC(24)   Post Evacuate Collection Set: 3.0ms
[2026-04-09T01:39:45.704+0000][gc,phases   ] GC(24)   Other: 5.4ms
[2026-04-09T01:39:45.704+0000][gc,heap     ] GC(24) Eden regions: 490->0(507)
[2026-04-09T01:39:45.705+0000][gc,heap     ] GC(24) Survivor regions: 22->5(64)
[2026-04-09T01:39:45.706+0000][gc,heap     ] GC(24) Old regions: 107->122
[2026-04-09T01:39:45.706+0000][gc,heap     ] GC(24) Archive regions: 2->2
[2026-04-09T01:39:45.707+0000][gc,heap     ] GC(24) Humongous regions: 9->9
[2026-04-09T01:39:45.707+0000][gc,metaspace] GC(24) Metaspace: 91477K(92480K)->91477K(92480K) NonClass: 80510K(81024K)->80510K(81024K) Class: 10966K(11456K)->10966K(11456K)
[2026-04-09T01:39:45.708+0000][gc          ] GC(24) Pause Young (Normal) (G1 Evacuation Pause) 627M->136M(1024M) 29.134ms
[2026-04-09T01:39:45.709+0000][gc,cpu      ] GC(24) User=0.12s Sys=0.05s Real=0.02s
[2026-04-09T02:10:59.655+0000][gc,start    ] GC(25) Pause Young (Normal) (G1 Evacuation Pause)
[2026-04-09T02:10:59.656+0000][gc,task     ] GC(25) Using 15 workers of 15 for evacuation
[2026-04-09T02:10:59.676+0000][gc,phases   ] GC(25)   Pre Evacuate Collection Set: 3.9ms
[2026-04-09T02:10:59.677+0000][gc,phases   ] GC(25)   Merge Heap Roots: 0.9ms
[2026-04-09T02:10:59.677+0000][gc,phases   ] GC(25)   Evacuate Collection Set: 9.4ms
[2026-04-09T02:10:59.677+0000][gc,phases   ] GC(25)   Post Evacuate Collection Set: 3.6ms
[2026-04-09T02:10:59.678+0000][gc,phases   ] GC(25)   Other: 3.9ms
[2026-04-09T02:10:59.679+0000][gc,heap     ] GC(25) Eden regions: 507->0(508)
[2026-04-09T02:10:59.679+0000][gc,heap     ] GC(25) Survivor regions: 5->4(64)
[2026-04-09T02:10:59.680+0000][gc,heap     ] GC(25) Old regions: 122->124
[2026-04-09T02:10:59.680+0000][gc,heap     ] GC(25) Archive regions: 2->2
[2026-04-09T02:10:59.680+0000][gc,heap     ] GC(25) Humongous regions: 9->9
[2026-04-09T02:10:59.681+0000][gc,metaspace] GC(25) Metaspace: 91484K(92480K)->91484K(92480K) NonClass: 80518K(81024K)->80518K(81024K) Class: 10966K(11456K)->10966K(11456K)
[2026-04-09T02:10:59.681+0000][gc          ] GC(25) Pause Young (Normal) (G1 Evacuation Pause) 643M->136M(1024M) 25.913ms
[2026-04-09T02:10:59.682+0000][gc,cpu      ] GC(25) User=0.14s Sys=0.02s Real=0.03s
[2026-04-09T06:44:04.300+0000][gc,start    ] GC(26) Pause Young (Normal) (G1 Evacuation Pause)
[2026-04-09T06:44:04.301+0000][gc,task     ] GC(26) Using 15 workers of 15 for evacuation
[2026-04-09T06:44:04.317+0000][gc,phases   ] GC(26)   Pre Evacuate Collection Set: 1.9ms
[2026-04-09T06:44:04.318+0000][gc,phases   ] GC(26)   Merge Heap Roots: 0.7ms
[2026-04-09T06:44:04.319+0000][gc,phases   ] GC(26)   Evacuate Collection Set: 10.3ms
[2026-04-09T06:44:04.319+0000][gc,phases   ] GC(26)   Post Evacuate Collection Set: 1.9ms
[2026-04-09T06:44:04.319+0000][gc,phases   ] GC(26)   Other: 2.4ms
[2026-04-09T06:44:04.319+0000][gc,heap     ] GC(26) Eden regions: 508->0(509)
[2026-04-09T06:44:04.320+0000][gc,heap     ] GC(26) Survivor regions: 4->3(64)
[2026-04-09T06:44:04.320+0000][gc,heap     ] GC(26) Old regions: 124->125
[2026-04-09T06:44:04.321+0000][gc,heap     ] GC(26) Archive regions: 2->2
[2026-04-09T06:44:04.322+0000][gc,heap     ] GC(26) Humongous regions: 9->9
[2026-04-09T06:44:04.322+0000][gc,metaspace] GC(26) Metaspace: 91501K(92480K)->91501K(92480K) NonClass: 80534K(81024K)->80534K(81024K) Class: 10966K(11456K)->10966K(11456K)
[2026-04-09T06:44:04.323+0000][gc          ] GC(26) Pause Young (Normal) (G1 Evacuation Pause) 644M->137M(1024M) 22.550ms
[2026-04-09T06:44:04.323+0000][gc,cpu      ] GC(26) User=0.13s Sys=0.00s Real=0.02s
[2026-04-09T07:15:13.611+0000][gc,start    ] GC(27) Pause Young (Normal) (G1 Evacuation Pause)
[2026-04-09T07:15:13.612+0000][gc,task     ] GC(27) Using 15 workers of 15 for evacuation
[2026-04-09T07:15:13.626+0000][gc,phases   ] GC(27)   Pre Evacuate Collection Set: 2.3ms
[2026-04-09T07:15:13.627+0000][gc,phases   ] GC(27)   Merge Heap Roots: 0.5ms
[2026-04-09T07:15:13.628+0000][gc,phases   ] GC(27)   Evacuate Collection Set: 6.7ms
[2026-04-09T07:15:13.628+0000][gc,phases   ] GC(27)   Post Evacuate Collection Set: 3.8ms
[2026-04-09T07:15:13.628+0000][gc,phases   ] GC(27)   Other: 2.6ms
[2026-04-09T07:15:13.629+0000][gc,heap     ] GC(27) Eden regions: 509->0(509)
[2026-04-09T07:15:13.629+0000][gc,heap     ] GC(27) Survivor regions: 3->3(64)
[2026-04-09T07:15:13.629+0000][gc,heap     ] GC(27) Old regions: 125->125
[2026-04-09T07:15:13.629+0000][gc,heap     ] GC(27) Archive regions: 2->2
[2026-04-09T07:15:13.630+0000][gc,heap     ] GC(27) Humongous regions: 9->9
[2026-04-09T07:15:13.630+0000][gc,metaspace] GC(27) Metaspace: 91527K(92480K)->91527K(92480K) NonClass: 80561K(81024K)->80561K(81024K) Class: 10966K(11456K)->10966K(11456K)
[2026-04-09T07:15:13.630+0000][gc          ] GC(27) Pause Young (Normal) (G1 Evacuation Pause) 646M->137M(1024M) 19.326ms
[2026-04-09T07:15:13.631+0000][gc,cpu      ] GC(27) User=0.07s Sys=0.00s Real=0.02s
[2026-04-09T12:34:37.305+0000][gc,start    ] GC(28) Pause Young (Normal) (G1 Evacuation Pause)
[2026-04-09T12:34:37.308+0000][gc,task     ] GC(28) Using 15 workers of 15 for evacuation
[2026-04-09T12:34:37.330+0000][gc,phases   ] GC(28)   Pre Evacuate Collection Set: 4.2ms
[2026-04-09T12:34:37.331+0000][gc,phases   ] GC(28)   Merge Heap Roots: 1.0ms
[2026-04-09T12:34:37.332+0000][gc,phases   ] GC(28)   Evacuate Collection Set: 10.9ms
[2026-04-09T12:34:37.333+0000][gc,phases   ] GC(28)   Post Evacuate Collection Set: 5.0ms
[2026-04-09T12:34:37.334+0000][gc,phases   ] GC(28)   Other: 5.5ms
[2026-04-09T12:34:37.335+0000][gc,heap     ] GC(28) Eden regions: 509->0(509)
[2026-04-09T12:34:37.336+0000][gc,heap     ] GC(28) Survivor regions: 3->3(64)
[2026-04-09T12:34:37.337+0000][gc,heap     ] GC(28) Old regions: 125->125
[2026-04-09T12:34:37.338+0000][gc,heap     ] GC(28) Archive regions: 2->2
[2026-04-09T12:34:37.338+0000][gc,heap     ] GC(28) Humongous regions: 14->14
[2026-04-09T12:34:37.339+0000][gc,metaspace] GC(28) Metaspace: 91584K(92544K)->91584K(92544K) NonClass: 80617K(81088K)->80617K(81088K) Class: 10966K(11456K)->10966K(11456K)
[2026-04-09T12:34:37.340+0000][gc          ] GC(28) Pause Young (Normal) (G1 Evacuation Pause) 651M->142M(1024M) 34.639ms
[2026-04-09T12:34:37.341+0000][gc,cpu      ] GC(28) User=0.12s Sys=0.01s Real=0.03s
[2026-04-09T13:05:55.867+0000][gc,start    ] GC(29) Pause Young (Normal) (G1 Evacuation Pause)
[2026-04-09T13:05:55.868+0000][gc,task     ] GC(29) Using 15 workers of 15 for evacuation
[2026-04-09T13:05:55.883+0000][gc,phases   ] GC(29)   Pre Evacuate Collection Set: 1.2ms
[2026-04-09T13:05:55.883+0000][gc,phases   ] GC(29)   Merge Heap Roots: 0.5ms
[2026-04-09T13:05:55.884+0000][gc,phases   ] GC(29)   Evacuate Collection Set: 10.4ms
[2026-04-09T13:05:55.884+0000][gc,phases   ] GC(29)   Post Evacuate Collection Set: 2.0ms
[2026-04-09T13:05:55.885+0000][gc,phases   ] GC(29)   Other: 1.6ms
[2026-04-09T13:05:55.885+0000][gc,heap     ] GC(29) Eden regions: 509->0(508)
[2026-04-09T13:05:55.885+0000][gc,heap     ] GC(29) Survivor regions: 3->4(64)
[2026-04-09T13:05:55.885+0000][gc,heap     ] GC(29) Old regions: 125->125
[2026-04-09T13:05:55.885+0000][gc,heap     ] GC(29) Archive regions: 2->2
[2026-04-09T13:05:55.886+0000][gc,heap     ] GC(29) Humongous regions: 14->14
[2026-04-09T13:05:55.886+0000][gc,metaspace] GC(29) Metaspace: 91588K(92544K)->91588K(92544K) NonClass: 80621K(81088K)->80621K(81088K) Class: 10966K(11456K)->10966K(11456K)
[2026-04-09T13:05:55.886+0000][gc          ] GC(29) Pause Young (Normal) (G1 Evacuation Pause) 651M->142M(1024M) 19.019ms
[2026-04-09T13:05:55.887+0000][gc,cpu      ] GC(29) User=0.10s Sys=0.00s Real=0.02s
[2026-04-09T23:23:54.363+0000][gc,start    ] GC(30) Pause Young (Normal) (G1 Evacuation Pause)
[2026-04-09T23:23:54.364+0000][gc,task     ] GC(30) Using 15 workers of 15 for evacuation
[2026-04-09T23:23:54.373+0000][gc,phases   ] GC(30)   Pre Evacuate Collection Set: 0.7ms
[2026-04-09T23:23:54.373+0000][gc,phases   ] GC(30)   Merge Heap Roots: 0.3ms
[2026-04-09T23:23:54.374+0000][gc,phases   ] GC(30)   Evacuate Collection Set: 3.7ms
[2026-04-09T23:23:54.374+0000][gc,phases   ] GC(30)   Post Evacuate Collection Set: 2.3ms
[2026-04-09T23:23:54.375+0000][gc,phases   ] GC(30)   Other: 2.8ms
[2026-04-09T23:23:54.376+0000][gc,heap     ] GC(30) Eden regions: 508->0(509)
[2026-04-09T23:23:54.376+0000][gc,heap     ] GC(30) Survivor regions: 4->3(64)
[2026-04-09T23:23:54.377+0000][gc,heap     ] GC(30) Old regions: 125->126
[2026-04-09T23:23:54.377+0000][gc,heap     ] GC(30) Archive regions: 2->2
[2026-04-09T23:23:54.378+0000][gc,heap     ] GC(30) Humongous regions: 14->14
[2026-04-09T23:23:54.379+0000][gc,metaspace] GC(30) Metaspace: 91731K(92672K)->91731K(92672K) NonClass: 80763K(81216K)->80763K(81216K) Class: 10968K(11456K)->10968K(11456K)
[2026-04-09T23:23:54.379+0000][gc          ] GC(30) Pause Young (Normal) (G1 Evacuation Pause) 650M->142M(1024M) 16.334ms
[2026-04-09T23:23:54.380+0000][gc,cpu      ] GC(30) User=0.04s Sys=0.01s Real=0.01s
[2026-04-09T23:55:11.682+0000][gc,start    ] GC(31) Pause Young (Normal) (G1 Evacuation Pause)
[2026-04-09T23:55:11.683+0000][gc,task     ] GC(31) Using 15 workers of 15 for evacuation
[2026-04-09T23:55:11.698+0000][gc,phases   ] GC(31)   Pre Evacuate Collection Set: 1.1ms
[2026-04-09T23:55:11.699+0000][gc,phases   ] GC(31)   Merge Heap Roots: 0.8ms
[2026-04-09T23:55:11.700+0000][gc,phases   ] GC(31)   Evacuate Collection Set: 8.7ms
[2026-04-09T23:55:11.700+0000][gc,phases   ] GC(31)   Post Evacuate Collection Set: 3.9ms
[2026-04-09T23:55:11.700+0000][gc,phases   ] GC(31)   Other: 1.9ms
[2026-04-09T23:55:11.700+0000][gc,heap     ] GC(31) Eden regions: 509->0(509)
[2026-04-09T23:55:11.701+0000][gc,heap     ] GC(31) Survivor regions: 3->3(64)
[2026-04-09T23:55:11.701+0000][gc,heap     ] GC(31) Old regions: 126->126
[2026-04-09T23:55:11.701+0000][gc,heap     ] GC(31) Archive regions: 2->2
[2026-04-09T23:55:11.701+0000][gc,heap     ] GC(31) Humongous regions: 14->14
[2026-04-09T23:55:11.701+0000][gc,metaspace] GC(31) Metaspace: 91759K(92672K)->91759K(92672K) NonClass: 80791K(81216K)->80791K(81216K) Class: 10968K(11456K)->10968K(11456K)
[2026-04-09T23:55:11.702+0000][gc          ] GC(31) Pause Young (Normal) (G1 Evacuation Pause) 651M->142M(1024M) 19.795ms
[2026-04-09T23:55:11.703+0000][gc,cpu      ] GC(31) User=0.09s Sys=0.00s Real=0.02s
[2026-04-10T00:26:28.496+0000][gc,start    ] GC(32) Pause Young (Normal) (G1 Evacuation Pause)
[2026-04-10T00:26:28.497+0000][gc,task     ] GC(32) Using 15 workers of 15 for evacuation
[2026-04-10T00:26:28.505+0000][gc,phases   ] GC(32)   Pre Evacuate Collection Set: 1.0ms
[2026-04-10T00:26:28.506+0000][gc,phases   ] GC(32)   Merge Heap Roots: 0.4ms
[2026-04-10T00:26:28.506+0000][gc,phases   ] GC(32)   Evacuate Collection Set: 3.8ms
[2026-04-10T00:26:28.507+0000][gc,phases   ] GC(32)   Post Evacuate Collection Set: 2.6ms
[2026-04-10T00:26:28.508+0000][gc,phases   ] GC(32)   Other: 1.6ms
[2026-04-10T00:26:28.508+0000][gc,heap     ] GC(32) Eden regions: 509->0(509)
[2026-04-10T00:26:28.509+0000][gc,heap     ] GC(32) Survivor regions: 3->3(64)
[2026-04-10T00:26:28.509+0000][gc,heap     ] GC(32) Old regions: 126->126
[2026-04-10T00:26:28.509+0000][gc,heap     ] GC(32) Archive regions: 2->2
[2026-04-10T00:26:28.511+0000][gc,heap     ] GC(32) Humongous regions: 14->14
[2026-04-10T00:26:28.511+0000][gc,metaspace] GC(32) Metaspace: 91788K(92800K)->91788K(92800K) NonClass: 80820K(81344K)->80820K(81344K) Class: 10968K(11456K)->10968K(11456K)
[2026-04-10T00:26:28.512+0000][gc          ] GC(32) Pause Young (Normal) (G1 Evacuation Pause) 651M->142M(1024M) 15.384ms
[2026-04-10T00:26:28.512+0000][gc,cpu      ] GC(32) User=0.05s Sys=0.01s Real=0.02s
[2026-04-10T01:41:52.491+0000][gc,start    ] GC(33) Pause Young (Normal) (G1 Evacuation Pause)
[2026-04-10T01:41:52.492+0000][gc,task     ] GC(33) Using 15 workers of 15 for evacuation
[2026-04-10T01:41:52.500+0000][gc,phases   ] GC(33)   Pre Evacuate Collection Set: 1.0ms
[2026-04-10T01:41:52.501+0000][gc,phases   ] GC(33)   Merge Heap Roots: 0.6ms
[2026-04-10T01:41:52.502+0000][gc,phases   ] GC(33)   Evacuate Collection Set: 3.4ms
[2026-04-10T01:41:52.503+0000][gc,phases   ] GC(33)   Post Evacuate Collection Set: 2.8ms
[2026-04-10T01:41:52.504+0000][gc,phases   ] GC(33)   Other: 1.7ms
[2026-04-10T01:41:52.505+0000][gc,heap     ] GC(33) Eden regions: 509->0(509)
[2026-04-10T01:41:52.506+0000][gc,heap     ] GC(33) Survivor regions: 3->3(64)
[2026-04-10T01:41:52.506+0000][gc,heap     ] GC(33) Old regions: 126->126
[2026-04-10T01:41:52.507+0000][gc,heap     ] GC(33) Archive regions: 2->2
[2026-04-10T01:41:52.507+0000][gc,heap     ] GC(33) Humongous regions: 14->14
[2026-04-10T01:41:52.508+0000][gc,metaspace] GC(33) Metaspace: 91791K(92800K)->91791K(92800K) NonClass: 80823K(81344K)->80823K(81344K) Class: 10968K(11456K)->10968K(11456K)
[2026-04-10T01:41:52.508+0000][gc          ] GC(33) Pause Young (Normal) (G1 Evacuation Pause) 651M->142M(1024M) 17.207ms
[2026-04-10T01:41:52.509+0000][gc,cpu      ] GC(33) User=0.05s Sys=0.00s Real=0.02s
[2026-04-10T02:13:04.206+0000][gc,start    ] GC(34) Pause Young (Normal) (G1 Evacuation Pause)
[2026-04-10T02:13:04.207+0000][gc,task     ] GC(34) Using 15 workers of 15 for evacuation
[2026-04-10T02:13:04.222+0000][gc,phases   ] GC(34)   Pre Evacuate Collection Set: 1.0ms
[2026-04-10T02:13:04.223+0000][gc,phases   ] GC(34)   Merge Heap Roots: 0.7ms
[2026-04-10T02:13:04.223+0000][gc,phases   ] GC(34)   Evacuate Collection Set: 7.8ms
[2026-04-10T02:13:04.224+0000][gc,phases   ] GC(34)   Post Evacuate Collection Set: 4.6ms
[2026-04-10T02:13:04.225+0000][gc,phases   ] GC(34)   Other: 2.0ms
[2026-04-10T02:13:04.226+0000][gc,heap     ] GC(34) Eden regions: 509->0(509)
[2026-04-10T02:13:04.226+0000][gc,heap     ] GC(34) Survivor regions: 3->3(64)
[2026-04-10T02:13:04.227+0000][gc,heap     ] GC(34) Old regions: 126->126
[2026-04-10T02:13:04.227+0000][gc,heap     ] GC(34) Archive regions: 2->2
[2026-04-10T02:13:04.227+0000][gc,heap     ] GC(34) Humongous regions: 14->14
[2026-04-10T02:13:04.228+0000][gc,metaspace] GC(34) Metaspace: 91816K(92800K)->91816K(92800K) NonClass: 80848K(81344K)->80848K(81344K) Class: 10968K(11456K)->10968K(11456K)
[2026-04-10T02:13:04.228+0000][gc          ] GC(34) Pause Young (Normal) (G1 Evacuation Pause) 651M->142M(1024M) 22.336ms
[2026-04-10T02:13:04.229+0000][gc,cpu      ] GC(34) User=0.09s Sys=0.01s Real=0.02s
[2026-04-10T02:44:19.996+0000][gc,start    ] GC(35) Pause Young (Normal) (G1 Evacuation Pause)
[2026-04-10T02:44:19.997+0000][gc,task     ] GC(35) Using 15 workers of 15 for evacuation
[2026-04-10T02:44:20.020+0000][gc,phases   ] GC(35)   Pre Evacuate Collection Set: 0.9ms
[2026-04-10T02:44:20.021+0000][gc,phases   ] GC(35)   Merge Heap Roots: 0.5ms
[2026-04-10T02:44:20.022+0000][gc,phases   ] GC(35)   Evacuate Collection Set: 13.9ms
[2026-04-10T02:44:20.022+0000][gc,phases   ] GC(35)   Post Evacuate Collection Set: 6.1ms
[2026-04-10T02:44:20.023+0000][gc,phases   ] GC(35)   Other: 2.6ms
[2026-04-10T02:44:20.023+0000][gc,heap     ] GC(35) Eden regions: 509->0(510)
[2026-04-10T02:44:20.024+0000][gc,heap     ] GC(35) Survivor regions: 3->2(64)
[2026-04-10T02:44:20.025+0000][gc,heap     ] GC(35) Old regions: 126->126
[2026-04-10T02:44:20.025+0000][gc,heap     ] GC(35) Archive regions: 2->2
[2026-04-10T02:44:20.026+0000][gc,heap     ] GC(35) Humongous regions: 14->14
[2026-04-10T02:44:20.026+0000][gc,metaspace] GC(35) Metaspace: 91816K(92800K)->91816K(92800K) NonClass: 80848K(81344K)->80848K(81344K) Class: 10968K(11456K)->10968K(11456K)
[2026-04-10T02:44:20.027+0000][gc          ] GC(35) Pause Young (Normal) (G1 Evacuation Pause) 651M->142M(1024M) 30.926ms
[2026-04-10T02:44:20.028+0000][gc,cpu      ] GC(35) User=0.09s Sys=0.02s Real=0.03s
[2026-04-10T06:32:08.673+0000][gc,start    ] GC(36) Pause Young (Normal) (G1 Evacuation Pause)
[2026-04-10T06:32:08.674+0000][gc,task     ] GC(36) Using 15 workers of 15 for evacuation
[2026-04-10T06:32:08.701+0000][gc,phases   ] GC(36)   Pre Evacuate Collection Set: 4.2ms
[2026-04-10T06:32:08.701+0000][gc,phases   ] GC(36)   Merge Heap Roots: 1.1ms
[2026-04-10T06:32:08.702+0000][gc,phases   ] GC(36)   Evacuate Collection Set: 14.2ms
[2026-04-10T06:32:08.703+0000][gc,phases   ] GC(36)   Post Evacuate Collection Set: 5.1ms
[2026-04-10T06:32:08.703+0000][gc,phases   ] GC(36)   Other: 7.1ms
[2026-04-10T06:32:08.704+0000][gc,heap     ] GC(36) Eden regions: 510->0(509)
[2026-04-10T06:32:08.704+0000][gc,heap     ] GC(36) Survivor regions: 2->3(64)
[2026-04-10T06:32:08.705+0000][gc,heap     ] GC(36) Old regions: 126->126
[2026-04-10T06:32:08.706+0000][gc,heap     ] GC(36) Archive regions: 2->2
[2026-04-10T06:32:08.706+0000][gc,heap     ] GC(36) Humongous regions: 14->14
[2026-04-10T06:32:08.707+0000][gc,metaspace] GC(36) Metaspace: 91838K(92800K)->91838K(92800K) NonClass: 80870K(81344K)->80870K(81344K) Class: 10968K(11456K)->10968K(11456K)
[2026-04-10T06:32:08.708+0000][gc          ] GC(36) Pause Young (Normal) (G1 Evacuation Pause) 652M->142M(1024M) 34.279ms
[2026-04-10T06:32:08.708+0000][gc,cpu      ] GC(36) User=0.16s Sys=0.05s Real=0.04s
[2026-04-10T07:03:20.140+0000][gc,start    ] GC(37) Pause Young (Normal) (G1 Evacuation Pause)
[2026-04-10T07:03:20.141+0000][gc,task     ] GC(37) Using 15 workers of 15 for evacuation
[2026-04-10T07:03:20.164+0000][gc,phases   ] GC(37)   Pre Evacuate Collection Set: 2.4ms
[2026-04-10T07:03:20.165+0000][gc,phases   ] GC(37)   Merge Heap Roots: 1.3ms
[2026-04-10T07:03:20.165+0000][gc,phases   ] GC(37)   Evacuate Collection Set: 13.3ms
[2026-04-10T07:03:20.166+0000][gc,phases   ] GC(37)   Post Evacuate Collection Set: 4.6ms
[2026-04-10T07:03:20.167+0000][gc,phases   ] GC(37)   Other: 4.4ms
[2026-04-10T07:03:20.167+0000][gc,heap     ] GC(37) Eden regions: 509->0(509)
[2026-04-10T07:03:20.168+0000][gc,heap     ] GC(37) Survivor regions: 3->3(64)
[2026-04-10T07:03:20.169+0000][gc,heap     ] GC(37) Old regions: 126->126
[2026-04-10T07:03:20.170+0000][gc,heap     ] GC(37) Archive regions: 2->2
[2026-04-10T07:03:20.170+0000][gc,heap     ] GC(37) Humongous regions: 14->14
[2026-04-10T07:03:20.171+0000][gc,metaspace] GC(37) Metaspace: 91871K(92864K)->91871K(92864K) NonClass: 80903K(81408K)->80903K(81408K) Class: 10968K(11456K)->10968K(11456K)
[2026-04-10T07:03:20.172+0000][gc          ] GC(37) Pause Young (Normal) (G1 Evacuation Pause) 651M->142M(1024M) 32.729ms
[2026-04-10T07:03:20.174+0000][gc,cpu      ] GC(37) User=0.16s Sys=0.00s Real=0.04s
[2026-04-10T07:34:33.847+0000][gc,start    ] GC(38) Pause Young (Normal) (G1 Evacuation Pause)
[2026-04-10T07:34:33.847+0000][gc,task     ] GC(38) Using 15 workers of 15 for evacuation
[2026-04-10T07:34:33.862+0000][gc,phases   ] GC(38)   Pre Evacuate Collection Set: 1.0ms
[2026-04-10T07:34:33.862+0000][gc,phases   ] GC(38)   Merge Heap Roots: 0.5ms
[2026-04-10T07:34:33.862+0000][gc,phases   ] GC(38)   Evacuate Collection Set: 9.1ms
[2026-04-10T07:34:33.863+0000][gc,phases   ] GC(38)   Post Evacuate Collection Set: 2.8ms
[2026-04-10T07:34:33.863+0000][gc,phases   ] GC(38)   Other: 2.5ms
[2026-04-10T07:34:33.863+0000][gc,heap     ] GC(38) Eden regions: 509->0(509)
[2026-04-10T07:34:33.864+0000][gc,heap     ] GC(38) Survivor regions: 3->3(64)
[2026-04-10T07:34:33.864+0000][gc,heap     ] GC(38) Old regions: 126->126
[2026-04-10T07:34:33.864+0000][gc,heap     ] GC(38) Archive regions: 2->2
[2026-04-10T07:34:33.864+0000][gc,heap     ] GC(38) Humongous regions: 14->14
[2026-04-10T07:34:33.864+0000][gc,metaspace] GC(38) Metaspace: 91926K(92928K)->91926K(92928K) NonClass: 80958K(81472K)->80958K(81472K) Class: 10968K(11456K)->10968K(11456K)
[2026-04-10T07:34:33.865+0000][gc          ] GC(38) Pause Young (Normal) (G1 Evacuation Pause) 651M->142M(1024M) 18.060ms
[2026-04-10T07:34:33.865+0000][gc,cpu      ] GC(38) User=0.11s Sys=0.00s Real=0.02s
[2026-04-10T08:05:50.524+0000][gc,start    ] GC(39) Pause Young (Normal) (G1 Evacuation Pause)
[2026-04-10T08:05:50.528+0000][gc,task     ] GC(39) Using 15 workers of 15 for evacuation
[2026-04-10T08:05:50.542+0000][gc,phases   ] GC(39)   Pre Evacuate Collection Set: 1.2ms
[2026-04-10T08:05:50.545+0000][gc,phases   ] GC(39)   Merge Heap Roots: 0.7ms
[2026-04-10T08:05:50.547+0000][gc,phases   ] GC(39)   Evacuate Collection Set: 8.1ms
[2026-04-10T08:05:50.549+0000][gc,phases   ] GC(39)   Post Evacuate Collection Set: 3.1ms
[2026-04-10T08:05:50.551+0000][gc,phases   ] GC(39)   Other: 4.8ms
[2026-04-10T08:05:50.553+0000][gc,heap     ] GC(39) Eden regions: 509->0(510)
[2026-04-10T08:05:50.556+0000][gc,heap     ] GC(39) Survivor regions: 3->2(64)
[2026-04-10T08:05:50.558+0000][gc,heap     ] GC(39) Old regions: 126->126
[2026-04-10T08:05:50.559+0000][gc,heap     ] GC(39) Archive regions: 2->2
[2026-04-10T08:05:50.560+0000][gc,heap     ] GC(39) Humongous regions: 14->14
[2026-04-10T08:05:50.562+0000][gc,metaspace] GC(39) Metaspace: 91962K(92928K)->91962K(92928K) NonClass: 80994K(81472K)->80994K(81472K) Class: 10968K(11456K)->10968K(11456K)
[2026-04-10T08:05:50.565+0000][gc          ] GC(39) Pause Young (Normal) (G1 Evacuation Pause) 651M->142M(1024M) 40.927ms
[2026-04-10T08:05:50.566+0000][gc,cpu      ] GC(39) User=0.07s Sys=0.00s Real=0.04s
[2026-04-10T16:17:06.005+0000][gc,start    ] GC(40) Pause Young (Normal) (G1 Evacuation Pause)
[2026-04-10T16:17:06.006+0000][gc,task     ] GC(40) Using 15 workers of 15 for evacuation
[2026-04-10T16:17:06.016+0000][gc,phases   ] GC(40)   Pre Evacuate Collection Set: 1.1ms
[2026-04-10T16:17:06.017+0000][gc,phases   ] GC(40)   Merge Heap Roots: 0.5ms
[2026-04-10T16:17:06.017+0000][gc,phases   ] GC(40)   Evacuate Collection Set: 4.6ms
[2026-04-10T16:17:06.017+0000][gc,phases   ] GC(40)   Post Evacuate Collection Set: 2.7ms
[2026-04-10T16:17:06.018+0000][gc,phases   ] GC(40)   Other: 2.7ms
[2026-04-10T16:17:06.018+0000][gc,heap     ] GC(40) Eden regions: 510->0(509)
[2026-04-10T16:17:06.019+0000][gc,heap     ] GC(40) Survivor regions: 2->3(64)
[2026-04-10T16:17:06.019+0000][gc,heap     ] GC(40) Old regions: 126->126
[2026-04-10T16:17:06.019+0000][gc,heap     ] GC(40) Archive regions: 2->2
[2026-04-10T16:17:06.019+0000][gc,heap     ] GC(40) Humongous regions: 14->14
[2026-04-10T16:17:06.020+0000][gc,metaspace] GC(40) Metaspace: 92109K(93056K)->92109K(93056K) NonClass: 81141K(81600K)->81141K(81600K) Class: 10968K(11456K)->10968K(11456K)
[2026-04-10T16:17:06.020+0000][gc          ] GC(40) Pause Young (Normal) (G1 Evacuation Pause) 652M->142M(1024M) 15.095ms
[2026-04-10T16:17:06.020+0000][gc,cpu      ] GC(40) User=0.03s Sys=0.02s Real=0.01s
[2026-04-10T16:48:29.651+0000][gc,start    ] GC(41) Pause Young (Normal) (G1 Evacuation Pause)
[2026-04-10T16:48:29.653+0000][gc,task     ] GC(41) Using 15 workers of 15 for evacuation
[2026-04-10T16:48:29.668+0000][gc,phases   ] GC(41)   Pre Evacuate Collection Set: 0.8ms
[2026-04-10T16:48:29.669+0000][gc,phases   ] GC(41)   Merge Heap Roots: 0.8ms
[2026-04-10T16:48:29.669+0000][gc,phases   ] GC(41)   Evacuate Collection Set: 6.8ms
[2026-04-10T16:48:29.670+0000][gc,phases   ] GC(41)   Post Evacuate Collection Set: 5.5ms
[2026-04-10T16:48:29.671+0000][gc,phases   ] GC(41)   Other: 2.9ms
[2026-04-10T16:48:29.671+0000][gc,heap     ] GC(41) Eden regions: 509->0(510)
[2026-04-10T16:48:29.672+0000][gc,heap     ] GC(41) Survivor regions: 3->2(64)
[2026-04-10T16:48:29.672+0000][gc,heap     ] GC(41) Old regions: 126->126
[2026-04-10T16:48:29.672+0000][gc,heap     ] GC(41) Archive regions: 2->2
[2026-04-10T16:48:29.673+0000][gc,heap     ] GC(41) Humongous regions: 14->14
[2026-04-10T16:48:29.674+0000][gc,metaspace] GC(41) Metaspace: 92113K(93056K)->92113K(93056K) NonClass: 81145K(81600K)->81145K(81600K) Class: 10968K(11456K)->10968K(11456K)
[2026-04-10T16:48:29.674+0000][gc          ] GC(41) Pause Young (Normal) (G1 Evacuation Pause) 651M->142M(1024M) 22.811ms
[2026-04-10T16:48:29.675+0000][gc,cpu      ] GC(41) User=0.07s Sys=0.00s Real=0.02s
[2026-04-10T23:44:18.613+0000][gc,start    ] GC(42) Pause Young (Normal) (G1 Evacuation Pause)
[2026-04-10T23:44:18.614+0000][gc,task     ] GC(42) Using 15 workers of 15 for evacuation
[2026-04-10T23:44:18.629+0000][gc,phases   ] GC(42)   Pre Evacuate Collection Set: 1.3ms
[2026-04-10T23:44:18.630+0000][gc,phases   ] GC(42)   Merge Heap Roots: 0.7ms
[2026-04-10T23:44:18.630+0000][gc,phases   ] GC(42)   Evacuate Collection Set: 9.9ms
[2026-04-10T23:44:18.631+0000][gc,phases   ] GC(42)   Post Evacuate Collection Set: 2.9ms
[2026-04-10T23:44:18.632+0000][gc,phases   ] GC(42)   Other: 2.0ms
[2026-04-10T23:44:18.633+0000][gc,heap     ] GC(42) Eden regions: 510->0(509)
[2026-04-10T23:44:18.633+0000][gc,heap     ] GC(42) Survivor regions: 2->3(64)
[2026-04-10T23:44:18.633+0000][gc,heap     ] GC(42) Old regions: 126->126
[2026-04-10T23:44:18.634+0000][gc,heap     ] GC(42) Archive regions: 2->2
[2026-04-10T23:44:18.635+0000][gc,heap     ] GC(42) Humongous regions: 18->18
[2026-04-10T23:44:18.636+0000][gc,metaspace] GC(42) Metaspace: 92186K(93120K)->92186K(93120K) NonClass: 81218K(81664K)->81218K(81664K) Class: 10968K(11456K)->10968K(11456K)
[2026-04-10T23:44:18.636+0000][gc          ] GC(42) Pause Young (Normal) (G1 Evacuation Pause) 656M->147M(1024M) 23.579ms
[2026-04-10T23:44:18.637+0000][gc,cpu      ] GC(42) User=0.09s Sys=0.01s Real=0.02s
[2026-04-11T00:15:44.984+0000][gc,start    ] GC(43) Pause Young (Normal) (G1 Evacuation Pause)
[2026-04-11T00:15:44.985+0000][gc,task     ] GC(43) Using 15 workers of 15 for evacuation
[2026-04-11T00:15:45.011+0000][gc,phases   ] GC(43)   Pre Evacuate Collection Set: 3.1ms
[2026-04-11T00:15:45.012+0000][gc,phases   ] GC(43)   Merge Heap Roots: 1.2ms
[2026-04-11T00:15:45.013+0000][gc,phases   ] GC(43)   Evacuate Collection Set: 14.3ms
[2026-04-11T00:15:45.013+0000][gc,phases   ] GC(43)   Post Evacuate Collection Set: 5.6ms
[2026-04-11T00:15:45.014+0000][gc,phases   ] GC(43)   Other: 4.3ms
[2026-04-11T00:15:45.015+0000][gc,heap     ] GC(43) Eden regions: 509->0(510)
[2026-04-11T00:15:45.016+0000][gc,heap     ] GC(43) Survivor regions: 3->2(64)
[2026-04-11T00:15:45.016+0000][gc,heap     ] GC(43) Old regions: 126->127
[2026-04-11T00:15:45.017+0000][gc,heap     ] GC(43) Archive regions: 2->2
[2026-04-11T00:15:45.018+0000][gc,heap     ] GC(43) Humongous regions: 18->18
[2026-04-11T00:15:45.019+0000][gc,metaspace] GC(43) Metaspace: 92186K(93120K)->92186K(93120K) NonClass: 81218K(81664K)->81218K(81664K) Class: 10968K(11456K)->10968K(11456K)
[2026-04-11T00:15:45.020+0000][gc          ] GC(43) Pause Young (Normal) (G1 Evacuation Pause) 656M->146M(1024M) 35.893ms
[2026-04-11T00:15:45.021+0000][gc,cpu      ] GC(43) User=0.20s Sys=0.00s Real=0.04s
[2026-04-11T00:47:29.370+0000][gc,start    ] GC(44) Pause Young (Normal) (G1 Evacuation Pause)
[2026-04-11T00:47:29.370+0000][gc,task     ] GC(44) Using 15 workers of 15 for evacuation
[2026-04-11T00:47:29.377+0000][gc,phases   ] GC(44)   Pre Evacuate Collection Set: 0.7ms
[2026-04-11T00:47:29.377+0000][gc,phases   ] GC(44)   Merge Heap Roots: 0.5ms
[2026-04-11T00:47:29.378+0000][gc,phases   ] GC(44)   Evacuate Collection Set: 3.2ms
[2026-04-11T00:47:29.378+0000][gc,phases   ] GC(44)   Post Evacuate Collection Set: 1.7ms
[2026-04-11T00:47:29.378+0000][gc,phases   ] GC(44)   Other: 1.5ms
[2026-04-11T00:47:29.379+0000][gc,heap     ] GC(44) Eden regions: 510->0(510)
[2026-04-11T00:47:29.379+0000][gc,heap     ] GC(44) Survivor regions: 2->2(64)
[2026-04-11T00:47:29.379+0000][gc,heap     ] GC(44) Old regions: 127->127
[2026-04-11T00:47:29.380+0000][gc,heap     ] GC(44) Archive regions: 2->2
[2026-04-11T00:47:29.380+0000][gc,heap     ] GC(44) Humongous regions: 18->18
[2026-04-11T00:47:29.381+0000][gc,metaspace] GC(44) Metaspace: 92190K(93120K)->92190K(93120K) NonClass: 81222K(81664K)->81222K(81664K) Class: 10968K(11456K)->10968K(11456K)
[2026-04-11T00:47:29.381+0000][gc          ] GC(44) Pause Young (Normal) (G1 Evacuation Pause) 656M->146M(1024M) 11.275ms
[2026-04-11T00:47:29.381+0000][gc,cpu      ] GC(44) User=0.04s Sys=0.01s Real=0.01s
[2026-04-11T03:42:57.475+0000][gc,start    ] GC(45) Pause Young (Normal) (G1 Evacuation Pause)
[2026-04-11T03:42:57.475+0000][gc,task     ] GC(45) Using 15 workers of 15 for evacuation
[2026-04-11T03:42:57.482+0000][gc,phases   ] GC(45)   Pre Evacuate Collection Set: 0.7ms
[2026-04-11T03:42:57.482+0000][gc,phases   ] GC(45)   Merge Heap Roots: 0.5ms
[2026-04-11T03:42:57.483+0000][gc,phases   ] GC(45)   Evacuate Collection Set: 3.2ms
[2026-04-11T03:42:57.483+0000][gc,phases   ] GC(45)   Post Evacuate Collection Set: 1.7ms
[2026-04-11T03:42:57.484+0000][gc,phases   ] GC(45)   Other: 1.2ms
[2026-04-11T03:42:57.484+0000][gc,heap     ] GC(45) Eden regions: 510->0(509)
[2026-04-11T03:42:57.485+0000][gc,heap     ] GC(45) Survivor regions: 2->3(64)
[2026-04-11T03:42:57.485+0000][gc,heap     ] GC(45) Old regions: 127->127
[2026-04-11T03:42:57.486+0000][gc,heap     ] GC(45) Archive regions: 2->2
[2026-04-11T03:42:57.486+0000][gc,heap     ] GC(45) Humongous regions: 18->18
[2026-04-11T03:42:57.486+0000][gc,metaspace] GC(45) Metaspace: 92251K(93184K)->92251K(93184K) NonClass: 81283K(81728K)->81283K(81728K) Class: 10968K(11456K)->10968K(11456K)
[2026-04-11T03:42:57.487+0000][gc          ] GC(45) Pause Young (Normal) (G1 Evacuation Pause) 656M->147M(1024M) 12.037ms
[2026-04-11T03:42:57.487+0000][gc,cpu      ] GC(45) User=0.03s Sys=0.02s Real=0.01s
[2026-04-11T04:18:08.977+0000][gc,start    ] GC(46) Pause Young (Normal) (G1 Evacuation Pause)
[2026-04-11T04:18:08.978+0000][gc,task     ] GC(46) Using 15 workers of 15 for evacuation
[2026-04-11T04:18:08.992+0000][gc,phases   ] GC(46)   Pre Evacuate Collection Set: 3.5ms
[2026-04-11T04:18:08.993+0000][gc,phases   ] GC(46)   Merge Heap Roots: 0.7ms
[2026-04-11T04:18:08.993+0000][gc,phases   ] GC(46)   Evacuate Collection Set: 7.2ms
[2026-04-11T04:18:08.993+0000][gc,phases   ] GC(46)   Post Evacuate Collection Set: 2.3ms
[2026-04-11T04:18:08.994+0000][gc,phases   ] GC(46)   Other: 3.2ms
[2026-04-11T04:18:08.994+0000][gc,heap     ] GC(46) Eden regions: 509->0(509)
[2026-04-11T04:18:08.994+0000][gc,heap     ] GC(46) Survivor regions: 3->3(64)
[2026-04-11T04:18:08.994+0000][gc,heap     ] GC(46) Old regions: 127->127
[2026-04-11T04:18:08.994+0000][gc,heap     ] GC(46) Archive regions: 2->2
[2026-04-11T04:18:08.995+0000][gc,heap     ] GC(46) Humongous regions: 18->18
[2026-04-11T04:18:08.995+0000][gc,metaspace] GC(46) Metaspace: 92302K(93248K)->92302K(93248K) NonClass: 81332K(81792K)->81332K(81792K) Class: 10969K(11456K)->10969K(11456K)
[2026-04-11T04:18:08.995+0000][gc          ] GC(46) Pause Young (Normal) (G1 Evacuation Pause) 656M->147M(1024M) 17.511ms
[2026-04-11T04:18:08.995+0000][gc,cpu      ] GC(46) User=0.11s Sys=0.00s Real=0.02s
[2026-04-11T06:05:11.321+0000][gc,start    ] GC(47) Pause Young (Normal) (G1 Evacuation Pause)
[2026-04-11T06:05:11.321+0000][gc,task     ] GC(47) Using 15 workers of 15 for evacuation
[2026-04-11T06:05:11.363+0000][gc,phases   ] GC(47)   Pre Evacuate Collection Set: 2.8ms
[2026-04-11T06:05:11.364+0000][gc,phases   ] GC(47)   Merge Heap Roots: 0.8ms
[2026-04-11T06:05:11.364+0000][gc,phases   ] GC(47)   Evacuate Collection Set: 33.8ms
[2026-04-11T06:05:11.364+0000][gc,phases   ] GC(47)   Post Evacuate Collection Set: 2.9ms
[2026-04-11T06:05:11.365+0000][gc,phases   ] GC(47)   Other: 4.6ms
[2026-04-11T06:05:11.365+0000][gc,heap     ] GC(47) Eden regions: 509->0(509)
[2026-04-11T06:05:11.365+0000][gc,heap     ] GC(47) Survivor regions: 3->3(64)
[2026-04-11T06:05:11.365+0000][gc,heap     ] GC(47) Old regions: 127->127
[2026-04-11T06:05:11.366+0000][gc,heap     ] GC(47) Archive regions: 2->2
[2026-04-11T06:05:11.366+0000][gc,heap     ] GC(47) Humongous regions: 18->18
[2026-04-11T06:05:11.367+0000][gc,metaspace] GC(47) Metaspace: 92322K(93248K)->92322K(93248K) NonClass: 81352K(81792K)->81352K(81792K) Class: 10969K(11456K)->10969K(11456K)
[2026-04-11T06:05:11.367+0000][gc          ] GC(47) Pause Young (Normal) (G1 Evacuation Pause) 656M->147M(1024M) 46.494ms
[2026-04-11T06:05:11.368+0000][gc,cpu      ] GC(47) User=0.40s Sys=0.13s Real=0.04s
[2026-04-11T23:08:14.123+0000][gc,start    ] GC(48) Pause Young (Normal) (G1 Evacuation Pause)
[2026-04-11T23:08:14.124+0000][gc,task     ] GC(48) Using 15 workers of 15 for evacuation
[2026-04-11T23:08:14.207+0000][gc,phases   ] GC(48)   Pre Evacuate Collection Set: 2.7ms
[2026-04-11T23:08:14.207+0000][gc,phases   ] GC(48)   Merge Heap Roots: 0.7ms
[2026-04-11T23:08:14.208+0000][gc,phases   ] GC(48)   Evacuate Collection Set: 7.3ms
[2026-04-11T23:08:14.208+0000][gc,phases   ] GC(48)   Post Evacuate Collection Set: 3.6ms
[2026-04-11T23:08:14.209+0000][gc,phases   ] GC(48)   Other: 71.4ms
[2026-04-11T23:08:14.209+0000][gc,heap     ] GC(48) Eden regions: 509->0(509)
[2026-04-11T23:08:14.209+0000][gc,heap     ] GC(48) Survivor regions: 3->3(64)
[2026-04-11T23:08:14.210+0000][gc,heap     ] GC(48) Old regions: 127->127
[2026-04-11T23:08:14.210+0000][gc,heap     ] GC(48) Archive regions: 2->2
[2026-04-11T23:08:14.210+0000][gc,heap     ] GC(48) Humongous regions: 18->18
[2026-04-11T23:08:14.211+0000][gc,metaspace] GC(48) Metaspace: 92405K(93376K)->92405K(93376K) NonClass: 81435K(81920K)->81435K(81920K) Class: 10969K(11456K)->10969K(11456K)
[2026-04-11T23:08:14.211+0000][gc          ] GC(48) Pause Young (Normal) (G1 Evacuation Pause) 656M->147M(1024M) 87.827ms
[2026-04-11T23:08:14.212+0000][gc,cpu      ] GC(48) User=0.17s Sys=0.04s Real=0.09s
[2026-04-11T23:39:32.811+0000][gc,start    ] GC(49) Pause Young (Normal) (G1 Evacuation Pause)
[2026-04-11T23:39:32.811+0000][gc,task     ] GC(49) Using 15 workers of 15 for evacuation
[2026-04-11T23:39:32.829+0000][gc,phases   ] GC(49)   Pre Evacuate Collection Set: 1.7ms
[2026-04-11T23:39:32.830+0000][gc,phases   ] GC(49)   Merge Heap Roots: 0.5ms
[2026-04-11T23:39:32.830+0000][gc,phases   ] GC(49)   Evacuate Collection Set: 11.6ms
[2026-04-11T23:39:32.830+0000][gc,phases   ] GC(49)   Post Evacuate Collection Set: 2.9ms
[2026-04-11T23:39:32.830+0000][gc,phases   ] GC(49)   Other: 3.8ms
[2026-04-11T23:39:32.831+0000][gc,heap     ] GC(49) Eden regions: 509->0(509)
[2026-04-11T23:39:32.831+0000][gc,heap     ] GC(49) Survivor regions: 3->3(64)
[2026-04-11T23:39:32.831+0000][gc,heap     ] GC(49) Old regions: 127->127
[2026-04-11T23:39:32.831+0000][gc,heap     ] GC(49) Archive regions: 2->2
[2026-04-11T23:39:32.832+0000][gc,heap     ] GC(49) Humongous regions: 18->18
[2026-04-11T23:39:32.832+0000][gc,metaspace] GC(49) Metaspace: 92438K(93440K)->92438K(93440K) NonClass: 81468K(81984K)->81468K(81984K) Class: 10969K(11456K)->10969K(11456K)
[2026-04-11T23:39:32.832+0000][gc          ] GC(49) Pause Young (Normal) (G1 Evacuation Pause) 656M->147M(1024M) 21.578ms
[2026-04-11T23:39:32.833+0000][gc,cpu      ] GC(49) User=0.17s Sys=0.00s Real=0.02s
[2026-04-12T00:13:17.023+0000][gc,start    ] GC(50) Pause Young (Normal) (G1 Evacuation Pause)
[2026-04-12T00:13:17.024+0000][gc,task     ] GC(50) Using 15 workers of 15 for evacuation
[2026-04-12T00:13:17.058+0000][gc,phases   ] GC(50)   Pre Evacuate Collection Set: 0.8ms
[2026-04-12T00:13:17.059+0000][gc,phases   ] GC(50)   Merge Heap Roots: 0.5ms
[2026-04-12T00:13:17.059+0000][gc,phases   ] GC(50)   Evacuate Collection Set: 3.8ms
[2026-04-12T00:13:17.060+0000][gc,phases   ] GC(50)   Post Evacuate Collection Set: 2.2ms
[2026-04-12T00:13:17.060+0000][gc,phases   ] GC(50)   Other: 28.0ms
[2026-04-12T00:13:17.060+0000][gc,heap     ] GC(50) Eden regions: 509->0(509)
[2026-04-12T00:13:17.061+0000][gc,heap     ] GC(50) Survivor regions: 3->3(64)
[2026-04-12T00:13:17.061+0000][gc,heap     ] GC(50) Old regions: 127->127
[2026-04-12T00:13:17.061+0000][gc,heap     ] GC(50) Archive regions: 2->2
[2026-04-12T00:13:17.062+0000][gc,heap     ] GC(50) Humongous regions: 18->18
[2026-04-12T00:13:17.062+0000][gc,metaspace] GC(50) Metaspace: 92457K(93440K)->92457K(93440K) NonClass: 81488K(81984K)->81488K(81984K) Class: 10969K(11456K)->10969K(11456K)
[2026-04-12T00:13:17.062+0000][gc          ] GC(50) Pause Young (Normal) (G1 Evacuation Pause) 656M->147M(1024M) 38.847ms
[2026-04-12T00:13:17.063+0000][gc,cpu      ] GC(50) User=0.08s Sys=0.01s Real=0.03s
[2026-04-12T01:37:11.191+0000][gc,start    ] GC(51) Pause Young (Normal) (G1 Evacuation Pause)
[2026-04-12T01:37:11.191+0000][gc,task     ] GC(51) Using 15 workers of 15 for evacuation
[2026-04-12T01:37:11.197+0000][gc,phases   ] GC(51)   Pre Evacuate Collection Set: 0.6ms
[2026-04-12T01:37:11.198+0000][gc,phases   ] GC(51)   Merge Heap Roots: 0.4ms
[2026-04-12T01:37:11.198+0000][gc,phases   ] GC(51)   Evacuate Collection Set: 3.2ms
[2026-04-12T01:37:11.198+0000][gc,phases   ] GC(51)   Post Evacuate Collection Set: 1.5ms
[2026-04-12T01:37:11.198+0000][gc,phases   ] GC(51)   Other: 1.0ms
[2026-04-12T01:37:11.199+0000][gc,heap     ] GC(51) Eden regions: 509->0(509)
[2026-04-12T01:37:11.199+0000][gc,heap     ] GC(51) Survivor regions: 3->3(64)
[2026-04-12T01:37:11.199+0000][gc,heap     ] GC(51) Old regions: 127->127
[2026-04-12T01:37:11.199+0000][gc,heap     ] GC(51) Archive regions: 2->2
[2026-04-12T01:37:11.200+0000][gc,heap     ] GC(51) Humongous regions: 18->18
[2026-04-12T01:37:11.200+0000][gc,metaspace] GC(51) Metaspace: 92484K(93440K)->92484K(93440K) NonClass: 81515K(81984K)->81515K(81984K) Class: 10969K(11456K)->10969K(11456K)
[2026-04-12T01:37:11.200+0000][gc          ] GC(51) Pause Young (Normal) (G1 Evacuation Pause) 656M->147M(1024M) 9.240ms
[2026-04-12T01:37:11.201+0000][gc,cpu      ] GC(51) User=0.02s Sys=0.01s Real=0.01s
[2026-04-12T03:11:36.810+0000][gc,start    ] GC(52) Pause Young (Normal) (G1 Evacuation Pause)
[2026-04-12T03:11:36.810+0000][gc,task     ] GC(52) Using 15 workers of 15 for evacuation
[2026-04-12T03:11:36.818+0000][gc,phases   ] GC(52)   Pre Evacuate Collection Set: 0.5ms
[2026-04-12T03:11:36.818+0000][gc,phases   ] GC(52)   Merge Heap Roots: 0.4ms
[2026-04-12T03:11:36.818+0000][gc,phases   ] GC(52)   Evacuate Collection Set: 3.9ms
[2026-04-12T03:11:36.818+0000][gc,phases   ] GC(52)   Post Evacuate Collection Set: 1.4ms
[2026-04-12T03:11:36.819+0000][gc,phases   ] GC(52)   Other: 2.1ms
[2026-04-12T03:11:36.819+0000][gc,heap     ] GC(52) Eden regions: 509->0(509)
[2026-04-12T03:11:36.819+0000][gc,heap     ] GC(52) Survivor regions: 3->3(64)
[2026-04-12T03:11:36.819+0000][gc,heap     ] GC(52) Old regions: 127->127
[2026-04-12T03:11:36.819+0000][gc,heap     ] GC(52) Archive regions: 2->2
[2026-04-12T03:11:36.820+0000][gc,heap     ] GC(52) Humongous regions: 18->18
[2026-04-12T03:11:36.820+0000][gc,metaspace] GC(52) Metaspace: 92493K(93440K)->92493K(93440K) NonClass: 81523K(81984K)->81523K(81984K) Class: 10969K(11456K)->10969K(11456K)
[2026-04-12T03:11:36.820+0000][gc          ] GC(52) Pause Young (Normal) (G1 Evacuation Pause) 656M->147M(1024M) 10.145ms
[2026-04-12T03:11:36.820+0000][gc,cpu      ] GC(52) User=0.03s Sys=0.01s Real=0.01s
[2026-04-12T06:34:41.360+0000][gc,start    ] GC(53) Pause Young (Normal) (G1 Evacuation Pause)
[2026-04-12T06:34:41.360+0000][gc,task     ] GC(53) Using 15 workers of 15 for evacuation
[2026-04-12T06:34:41.374+0000][gc,phases   ] GC(53)   Pre Evacuate Collection Set: 1.6ms
[2026-04-12T06:34:41.374+0000][gc,phases   ] GC(53)   Merge Heap Roots: 0.6ms
[2026-04-12T06:34:41.374+0000][gc,phases   ] GC(53)   Evacuate Collection Set: 6.3ms
[2026-04-12T06:34:41.375+0000][gc,phases   ] GC(53)   Post Evacuate Collection Set: 2.6ms
[2026-04-12T06:34:41.375+0000][gc,phases   ] GC(53)   Other: 5.3ms
[2026-04-12T06:34:41.375+0000][gc,heap     ] GC(53) Eden regions: 509->0(509)
[2026-04-12T06:34:41.375+0000][gc,heap     ] GC(53) Survivor regions: 3->3(64)
[2026-04-12T06:34:41.376+0000][gc,heap     ] GC(53) Old regions: 127->127
[2026-04-12T06:34:41.376+0000][gc,heap     ] GC(53) Archive regions: 2->2
[2026-04-12T06:34:41.377+0000][gc,heap     ] GC(53) Humongous regions: 18->18
[2026-04-12T06:34:41.377+0000][gc,metaspace] GC(53) Metaspace: 92519K(93504K)->92519K(93504K) NonClass: 81549K(82048K)->81549K(82048K) Class: 10969K(11456K)->10969K(11456K)
[2026-04-12T06:34:41.377+0000][gc          ] GC(53) Pause Young (Normal) (G1 Evacuation Pause) 656M->147M(1024M) 17.617ms
[2026-04-12T06:34:41.378+0000][gc,cpu      ] GC(53) User=0.09s Sys=0.01s Real=0.02s
[2026-04-12T07:05:51.619+0000][gc,start    ] GC(54) Pause Young (Normal) (G1 Evacuation Pause)
[2026-04-12T07:05:51.619+0000][gc,task     ] GC(54) Using 15 workers of 15 for evacuation
[2026-04-12T07:05:51.629+0000][gc,phases   ] GC(54)   Pre Evacuate Collection Set: 1.4ms
[2026-04-12T07:05:51.629+0000][gc,phases   ] GC(54)   Merge Heap Roots: 0.5ms
[2026-04-12T07:05:51.630+0000][gc,phases   ] GC(54)   Evacuate Collection Set: 4.1ms
[2026-04-12T07:05:51.630+0000][gc,phases   ] GC(54)   Post Evacuate Collection Set: 2.6ms
[2026-04-12T07:05:51.630+0000][gc,phases   ] GC(54)   Other: 2.1ms
[2026-04-12T07:05:51.630+0000][gc,heap     ] GC(54) Eden regions: 509->0(509)
[2026-04-12T07:05:51.631+0000][gc,heap     ] GC(54) Survivor regions: 3->3(64)
[2026-04-12T07:05:51.631+0000][gc,heap     ] GC(54) Old regions: 127->127
[2026-04-12T07:05:51.632+0000][gc,heap     ] GC(54) Archive regions: 2->2
[2026-04-12T07:05:51.632+0000][gc,heap     ] GC(54) Humongous regions: 18->18
[2026-04-12T07:05:51.632+0000][gc,metaspace] GC(54) Metaspace: 92596K(93568K)->92596K(93568K) NonClass: 81625K(82112K)->81625K(82112K) Class: 10970K(11456K)->10970K(11456K)
[2026-04-12T07:05:51.633+0000][gc          ] GC(54) Pause Young (Normal) (G1 Evacuation Pause) 656M->147M(1024M) 13.957ms
[2026-04-12T07:05:51.633+0000][gc,cpu      ] GC(54) User=0.07s Sys=0.00s Real=0.01s
[2026-04-12T07:37:28.662+0000][gc,start    ] GC(55) Pause Young (Normal) (G1 Evacuation Pause)
[2026-04-12T07:37:28.663+0000][gc,task     ] GC(55) Using 15 workers of 15 for evacuation
[2026-04-12T07:37:28.668+0000][gc,phases   ] GC(55)   Pre Evacuate Collection Set: 0.8ms
[2026-04-12T07:37:28.669+0000][gc,phases   ] GC(55)   Merge Heap Roots: 0.3ms
[2026-04-12T07:37:28.669+0000][gc,phases   ] GC(55)   Evacuate Collection Set: 2.5ms
[2026-04-12T07:37:28.669+0000][gc,phases   ] GC(55)   Post Evacuate Collection Set: 1.9ms
[2026-04-12T07:37:28.669+0000][gc,phases   ] GC(55)   Other: 1.1ms
[2026-04-12T07:37:28.669+0000][gc,heap     ] GC(55) Eden regions: 509->0(510)
[2026-04-12T07:37:28.669+0000][gc,heap     ] GC(55) Survivor regions: 3->2(64)
[2026-04-12T07:37:28.669+0000][gc,heap     ] GC(55) Old regions: 127->127
[2026-04-12T07:37:28.669+0000][gc,heap     ] GC(55) Archive regions: 2->2
[2026-04-12T07:37:28.670+0000][gc,heap     ] GC(55) Humongous regions: 18->18
[2026-04-12T07:37:28.670+0000][gc,metaspace] GC(55) Metaspace: 92596K(93568K)->92596K(93568K) NonClass: 81625K(82112K)->81625K(82112K) Class: 10970K(11456K)->10970K(11456K)
[2026-04-12T07:37:28.670+0000][gc          ] GC(55) Pause Young (Normal) (G1 Evacuation Pause) 656M->147M(1024M) 7.828ms
[2026-04-12T07:37:28.670+0000][gc,cpu      ] GC(55) User=0.03s Sys=0.00s Real=0.01s
[2026-04-12T23:47:36.182+0000][gc,start    ] GC(56) Pause Young (Normal) (G1 Evacuation Pause)
[2026-04-12T23:47:36.183+0000][gc,task     ] GC(56) Using 15 workers of 15 for evacuation
[2026-04-12T23:47:36.190+0000][gc,phases   ] GC(56)   Pre Evacuate Collection Set: 0.6ms
[2026-04-12T23:47:36.190+0000][gc,phases   ] GC(56)   Merge Heap Roots: 0.4ms
[2026-04-12T23:47:36.190+0000][gc,phases   ] GC(56)   Evacuate Collection Set: 4.2ms
[2026-04-12T23:47:36.190+0000][gc,phases   ] GC(56)   Post Evacuate Collection Set: 1.2ms
[2026-04-12T23:47:36.191+0000][gc,phases   ] GC(56)   Other: 0.9ms
[2026-04-12T23:47:36.191+0000][gc,heap     ] GC(56) Eden regions: 510->0(509)
[2026-04-12T23:47:36.191+0000][gc,heap     ] GC(56) Survivor regions: 2->3(64)
[2026-04-12T23:47:36.191+0000][gc,heap     ] GC(56) Old regions: 127->127
[2026-04-12T23:47:36.192+0000][gc,heap     ] GC(56) Archive regions: 2->2
[2026-04-12T23:47:36.192+0000][gc,heap     ] GC(56) Humongous regions: 18->18
[2026-04-12T23:47:36.192+0000][gc,metaspace] GC(56) Metaspace: 92647K(93568K)->92647K(93568K) NonClass: 81676K(82112K)->81676K(82112K) Class: 10970K(11456K)->10970K(11456K)
[2026-04-12T23:47:36.192+0000][gc          ] GC(56) Pause Young (Normal) (G1 Evacuation Pause) 657M->147M(1024M) 9.939ms
[2026-04-12T23:47:36.193+0000][gc,cpu      ] GC(56) User=0.05s Sys=0.00s Real=0.01s
[2026-04-13T00:18:53.445+0000][gc,start    ] GC(57) Pause Young (Normal) (G1 Evacuation Pause)
[2026-04-13T00:18:53.445+0000][gc,task     ] GC(57) Using 15 workers of 15 for evacuation
[2026-04-13T00:18:53.452+0000][gc,phases   ] GC(57)   Pre Evacuate Collection Set: 0.6ms
[2026-04-13T00:18:53.453+0000][gc,phases   ] GC(57)   Merge Heap Roots: 0.3ms
[2026-04-13T00:18:53.453+0000][gc,phases   ] GC(57)   Evacuate Collection Set: 3.6ms
[2026-04-13T00:18:53.453+0000][gc,phases   ] GC(57)   Post Evacuate Collection Set: 1.8ms
[2026-04-13T00:18:53.453+0000][gc,phases   ] GC(57)   Other: 0.9ms
[2026-04-13T00:18:53.453+0000][gc,heap     ] GC(57) Eden regions: 509->0(510)
[2026-04-13T00:18:53.454+0000][gc,heap     ] GC(57) Survivor regions: 3->2(64)
[2026-04-13T00:18:53.454+0000][gc,heap     ] GC(57) Old regions: 127->127
[2026-04-13T00:18:53.454+0000][gc,heap     ] GC(57) Archive regions: 2->2
[2026-04-13T00:18:53.454+0000][gc,heap     ] GC(57) Humongous regions: 18->18
[2026-04-13T00:18:53.454+0000][gc,metaspace] GC(57) Metaspace: 92663K(93632K)->92663K(93632K) NonClass: 81692K(82176K)->81692K(82176K) Class: 10970K(11456K)->10970K(11456K)
[2026-04-13T00:18:53.454+0000][gc          ] GC(57) Pause Young (Normal) (G1 Evacuation Pause) 656M->147M(1024M) 9.035ms
[2026-04-13T00:18:53.454+0000][gc,cpu      ] GC(57) User=0.04s Sys=0.00s Real=0.01s
[2026-04-13T00:50:17.823+0000][gc,start    ] GC(58) Pause Young (Normal) (G1 Evacuation Pause)
[2026-04-13T00:50:17.824+0000][gc,task     ] GC(58) Using 15 workers of 15 for evacuation
[2026-04-13T00:50:17.830+0000][gc,phases   ] GC(58)   Pre Evacuate Collection Set: 0.8ms
[2026-04-13T00:50:17.830+0000][gc,phases   ] GC(58)   Merge Heap Roots: 0.4ms
[2026-04-13T00:50:17.831+0000][gc,phases   ] GC(58)   Evacuate Collection Set: 2.8ms
[2026-04-13T00:50:17.831+0000][gc,phases   ] GC(58)   Post Evacuate Collection Set: 1.7ms
[2026-04-13T00:50:17.831+0000][gc,phases   ] GC(58)   Other: 1.0ms
[2026-04-13T00:50:17.831+0000][gc,heap     ] GC(58) Eden regions: 510->0(510)
[2026-04-13T00:50:17.831+0000][gc,heap     ] GC(58) Survivor regions: 2->2(64)
[2026-04-13T00:50:17.831+0000][gc,heap     ] GC(58) Old regions: 127->127
[2026-04-13T00:50:17.831+0000][gc,heap     ] GC(58) Archive regions: 2->2
[2026-04-13T00:50:17.832+0000][gc,heap     ] GC(58) Humongous regions: 18->18
[2026-04-13T00:50:17.832+0000][gc,metaspace] GC(58) Metaspace: 92680K(93632K)->92680K(93632K) NonClass: 81709K(82176K)->81709K(82176K) Class: 10970K(11456K)->10970K(11456K)
[2026-04-13T00:50:17.832+0000][gc          ] GC(58) Pause Young (Normal) (G1 Evacuation Pause) 657M->147M(1024M) 8.358ms
[2026-04-13T00:50:17.832+0000][gc,cpu      ] GC(58) User=0.03s Sys=0.00s Real=0.00s
[2026-04-13T02:30:17.420+0000][gc,start    ] GC(59) Pause Young (Normal) (G1 Evacuation Pause)
[2026-04-13T02:30:17.421+0000][gc,task     ] GC(59) Using 15 workers of 15 for evacuation
[2026-04-13T02:30:17.434+0000][gc,phases   ] GC(59)   Pre Evacuate Collection Set: 2.1ms
[2026-04-13T02:30:17.435+0000][gc,phases   ] GC(59)   Merge Heap Roots: 0.6ms
[2026-04-13T02:30:17.435+0000][gc,phases   ] GC(59)   Evacuate Collection Set: 6.7ms
[2026-04-13T02:30:17.435+0000][gc,phases   ] GC(59)   Post Evacuate Collection Set: 2.6ms
[2026-04-13T02:30:17.436+0000][gc,phases   ] GC(59)   Other: 4.3ms
[2026-04-13T02:30:17.436+0000][gc,heap     ] GC(59) Eden regions: 510->0(510)
[2026-04-13T02:30:17.436+0000][gc,heap     ] GC(59) Survivor regions: 2->2(64)
[2026-04-13T02:30:17.436+0000][gc,heap     ] GC(59) Old regions: 127->127
[2026-04-13T02:30:17.437+0000][gc,heap     ] GC(59) Archive regions: 2->2
[2026-04-13T02:30:17.437+0000][gc,heap     ] GC(59) Humongous regions: 18->18
[2026-04-13T02:30:17.437+0000][gc,metaspace] GC(59) Metaspace: 92699K(93632K)->92699K(93632K) NonClass: 81728K(82176K)->81728K(82176K) Class: 10970K(11456K)->10970K(11456K)
[2026-04-13T02:30:17.438+0000][gc          ] GC(59) Pause Young (Normal) (G1 Evacuation Pause) 657M->147M(1024M) 17.170ms
[2026-04-13T02:30:17.438+0000][gc,cpu      ] GC(59) User=0.09s Sys=0.00s Real=0.02s
[2026-04-13T03:01:39.618+0000][gc,start    ] GC(60) Pause Young (Normal) (G1 Evacuation Pause)
[2026-04-13T03:01:39.618+0000][gc,task     ] GC(60) Using 15 workers of 15 for evacuation
[2026-04-13T03:01:39.630+0000][gc,phases   ] GC(60)   Pre Evacuate Collection Set: 2.1ms
[2026-04-13T03:01:39.631+0000][gc,phases   ] GC(60)   Merge Heap Roots: 0.4ms
[2026-04-13T03:01:39.631+0000][gc,phases   ] GC(60)   Evacuate Collection Set: 5.1ms
[2026-04-13T03:01:39.632+0000][gc,phases   ] GC(60)   Post Evacuate Collection Set: 3.2ms
[2026-04-13T03:01:39.632+0000][gc,phases   ] GC(60)   Other: 3.5ms
[2026-04-13T03:01:39.632+0000][gc,heap     ] GC(60) Eden regions: 510->0(510)
[2026-04-13T03:01:39.633+0000][gc,heap     ] GC(60) Survivor regions: 2->2(64)
[2026-04-13T03:01:39.633+0000][gc,heap     ] GC(60) Old regions: 127->127
[2026-04-13T03:01:39.633+0000][gc,heap     ] GC(60) Archive regions: 2->2
[2026-04-13T03:01:39.634+0000][gc,heap     ] GC(60) Humongous regions: 18->18
[2026-04-13T03:01:39.634+0000][gc,metaspace] GC(60) Metaspace: 92729K(93696K)->92729K(93696K) NonClass: 81758K(82240K)->81758K(82240K) Class: 10970K(11456K)->10970K(11456K)
[2026-04-13T03:01:39.635+0000][gc          ] GC(60) Pause Young (Normal) (G1 Evacuation Pause) 657M->147M(1024M) 16.873ms
[2026-04-13T03:01:39.635+0000][gc,cpu      ] GC(60) User=0.08s Sys=0.01s Real=0.01s
[2026-04-13T03:38:07.808+0000][gc,start    ] GC(61) Pause Young (Normal) (G1 Evacuation Pause)
[2026-04-13T03:38:07.808+0000][gc,task     ] GC(61) Using 15 workers of 15 for evacuation
[2026-04-13T03:38:07.817+0000][gc,phases   ] GC(61)   Pre Evacuate Collection Set: 1.3ms
[2026-04-13T03:38:07.818+0000][gc,phases   ] GC(61)   Merge Heap Roots: 0.3ms
[2026-04-13T03:38:07.818+0000][gc,phases   ] GC(61)   Evacuate Collection Set: 5.1ms
[2026-04-13T03:38:07.819+0000][gc,phases   ] GC(61)   Post Evacuate Collection Set: 1.8ms
[2026-04-13T03:38:07.819+0000][gc,phases   ] GC(61)   Other: 2.9ms
[2026-04-13T03:38:07.819+0000][gc,heap     ] GC(61) Eden regions: 510->0(509)
[2026-04-13T03:38:07.819+0000][gc,heap     ] GC(61) Survivor regions: 2->3(64)
[2026-04-13T03:38:07.820+0000][gc,heap     ] GC(61) Old regions: 127->128
[2026-04-13T03:38:07.820+0000][gc,heap     ] GC(61) Archive regions: 2->2
[2026-04-13T03:38:07.820+0000][gc,heap     ] GC(61) Humongous regions: 18->18
[2026-04-13T03:38:07.821+0000][gc,metaspace] GC(61) Metaspace: 92746K(93696K)->92746K(93696K) NonClass: 81774K(82240K)->81774K(82240K) Class: 10971K(11456K)->10971K(11456K)
[2026-04-13T03:38:07.821+0000][gc          ] GC(61) Pause Young (Normal) (G1 Evacuation Pause) 657M->148M(1024M) 13.373ms
[2026-04-13T03:38:07.821+0000][gc,cpu      ] GC(61) User=0.07s Sys=0.00s Real=0.02s
[2026-04-13T04:21:32.257+0000][gc,start    ] GC(62) Pause Young (Normal) (G1 Evacuation Pause)
[2026-04-13T04:21:32.257+0000][gc,task     ] GC(62) Using 15 workers of 15 for evacuation
[2026-04-13T04:21:32.266+0000][gc,phases   ] GC(62)   Pre Evacuate Collection Set: 1.2ms
[2026-04-13T04:21:32.266+0000][gc,phases   ] GC(62)   Merge Heap Roots: 0.8ms
[2026-04-13T04:21:32.267+0000][gc,phases   ] GC(62)   Evacuate Collection Set: 3.8ms
[2026-04-13T04:21:32.267+0000][gc,phases   ] GC(62)   Post Evacuate Collection Set: 2.0ms
[2026-04-13T04:21:32.267+0000][gc,phases   ] GC(62)   Other: 1.9ms
[2026-04-13T04:21:32.267+0000][gc,heap     ] GC(62) Eden regions: 509->0(509)
[2026-04-13T04:21:32.268+0000][gc,heap     ] GC(62) Survivor regions: 3->3(64)
[2026-04-13T04:21:32.268+0000][gc,heap     ] GC(62) Old regions: 128->128
[2026-04-13T04:21:32.268+0000][gc,heap     ] GC(62) Archive regions: 2->2
[2026-04-13T04:21:32.268+0000][gc,heap     ] GC(62) Humongous regions: 18->18
[2026-04-13T04:21:32.268+0000][gc,metaspace] GC(62) Metaspace: 92747K(93696K)->92747K(93696K) NonClass: 81776K(82240K)->81776K(82240K) Class: 10971K(11456K)->10971K(11456K)
[2026-04-13T04:21:32.269+0000][gc          ] GC(62) Pause Young (Normal) (G1 Evacuation Pause) 657M->148M(1024M) 11.691ms
[2026-04-13T04:21:32.269+0000][gc,cpu      ] GC(62) User=0.05s Sys=0.01s Real=0.01s
[2026-04-13T06:48:15.924+0000][gc,start    ] GC(63) Pause Young (Normal) (G1 Evacuation Pause)
[2026-04-13T06:48:15.924+0000][gc,task     ] GC(63) Using 15 workers of 15 for evacuation
[2026-04-13T06:48:15.933+0000][gc,phases   ] GC(63)   Pre Evacuate Collection Set: 0.6ms
[2026-04-13T06:48:15.933+0000][gc,phases   ] GC(63)   Merge Heap Roots: 1.4ms
[2026-04-13T06:48:15.933+0000][gc,phases   ] GC(63)   Evacuate Collection Set: 3.9ms
[2026-04-13T06:48:15.933+0000][gc,phases   ] GC(63)   Post Evacuate Collection Set: 1.9ms
[2026-04-13T06:48:15.934+0000][gc,phases   ] GC(63)   Other: 1.1ms
[2026-04-13T06:48:15.934+0000][gc,heap     ] GC(63) Eden regions: 509->0(509)
[2026-04-13T06:48:15.934+0000][gc,heap     ] GC(63) Survivor regions: 3->3(64)
[2026-04-13T06:48:15.935+0000][gc,heap     ] GC(63) Old regions: 128->128
[2026-04-13T06:48:15.935+0000][gc,heap     ] GC(63) Archive regions: 2->2
[2026-04-13T06:48:15.935+0000][gc,heap     ] GC(63) Humongous regions: 18->18
[2026-04-13T06:48:15.936+0000][gc,metaspace] GC(63) Metaspace: 92836K(93760K)->92836K(93760K) NonClass: 81859K(82304K)->81859K(82304K) Class: 10977K(11456K)->10977K(11456K)
[2026-04-13T06:48:15.936+0000][gc          ] GC(63) Pause Young (Normal) (G1 Evacuation Pause) 657M->148M(1024M) 11.981ms
[2026-04-13T06:48:15.936+0000][gc,cpu      ] GC(63) User=0.06s Sys=0.01s Real=0.01s
[2026-04-14T00:05:10.687+0000][gc,start    ] GC(64) Pause Young (Normal) (G1 Evacuation Pause)
[2026-04-14T00:05:10.688+0000][gc,task     ] GC(64) Using 15 workers of 15 for evacuation
[2026-04-14T00:05:10.696+0000][gc,phases   ] GC(64)   Pre Evacuate Collection Set: 0.9ms
[2026-04-14T00:05:10.697+0000][gc,phases   ] GC(64)   Merge Heap Roots: 0.4ms
[2026-04-14T00:05:10.697+0000][gc,phases   ] GC(64)   Evacuate Collection Set: 4.4ms
[2026-04-14T00:05:10.698+0000][gc,phases   ] GC(64)   Post Evacuate Collection Set: 1.8ms
[2026-04-14T00:05:10.698+0000][gc,phases   ] GC(64)   Other: 1.6ms
[2026-04-14T00:05:10.699+0000][gc,heap     ] GC(64) Eden regions: 509->0(509)
[2026-04-14T00:05:10.699+0000][gc,heap     ] GC(64) Survivor regions: 3->3(64)
[2026-04-14T00:05:10.700+0000][gc,heap     ] GC(64) Old regions: 128->128
[2026-04-14T00:05:10.700+0000][gc,heap     ] GC(64) Archive regions: 2->2
[2026-04-14T00:05:10.700+0000][gc,heap     ] GC(64) Humongous regions: 18->18
[2026-04-14T00:05:10.701+0000][gc,metaspace] GC(64) Metaspace: 92875K(93824K)->92875K(93824K) NonClass: 81897K(82368K)->81897K(82368K) Class: 10978K(11456K)->10978K(11456K)
[2026-04-14T00:05:10.701+0000][gc          ] GC(64) Pause Young (Normal) (G1 Evacuation Pause) 657M->148M(1024M) 13.764ms
[2026-04-14T00:05:10.702+0000][gc,cpu      ] GC(64) User=0.05s Sys=0.00s Real=0.01s
[2026-04-14T01:04:36.890+0000][gc,start    ] GC(65) Pause Young (Normal) (G1 Evacuation Pause)
[2026-04-14T01:04:36.891+0000][gc,task     ] GC(65) Using 15 workers of 15 for evacuation
[2026-04-14T01:04:36.908+0000][gc,phases   ] GC(65)   Pre Evacuate Collection Set: 1.8ms
[2026-04-14T01:04:36.908+0000][gc,phases   ] GC(65)   Merge Heap Roots: 3.5ms
[2026-04-14T01:04:36.908+0000][gc,phases   ] GC(65)   Evacuate Collection Set: 6.7ms
[2026-04-14T01:04:36.909+0000][gc,phases   ] GC(65)   Post Evacuate Collection Set: 3.3ms
[2026-04-14T01:04:36.909+0000][gc,phases   ] GC(65)   Other: 3.8ms
[2026-04-14T01:04:36.910+0000][gc,heap     ] GC(65) Eden regions: 509->0(509)
[2026-04-14T01:04:36.910+0000][gc,heap     ] GC(65) Survivor regions: 3->3(64)
[2026-04-14T01:04:36.910+0000][gc,heap     ] GC(65) Old regions: 128->128
[2026-04-14T01:04:36.911+0000][gc,heap     ] GC(65) Archive regions: 2->2
[2026-04-14T01:04:36.911+0000][gc,heap     ] GC(65) Humongous regions: 18->18
[2026-04-14T01:04:36.911+0000][gc,metaspace] GC(65) Metaspace: 92884K(93888K)->92884K(93888K) NonClass: 81906K(82432K)->81906K(82432K) Class: 10978K(11456K)->10978K(11456K)
[2026-04-14T01:04:36.912+0000][gc          ] GC(65) Pause Young (Normal) (G1 Evacuation Pause) 657M->148M(1024M) 21.470ms
[2026-04-14T01:04:36.913+0000][gc,cpu      ] GC(65) User=0.09s Sys=0.00s Real=0.02s
[2026-04-14T02:06:56.590+0000][gc,start    ] GC(66) Pause Young (Normal) (G1 Evacuation Pause)
[2026-04-14T02:06:56.591+0000][gc,task     ] GC(66) Using 15 workers of 15 for evacuation
[2026-04-14T02:06:56.597+0000][gc,phases   ] GC(66)   Pre Evacuate Collection Set: 1.0ms
[2026-04-14T02:06:56.598+0000][gc,phases   ] GC(66)   Merge Heap Roots: 0.5ms
[2026-04-14T02:06:56.598+0000][gc,phases   ] GC(66)   Evacuate Collection Set: 2.4ms
[2026-04-14T02:06:56.598+0000][gc,phases   ] GC(66)   Post Evacuate Collection Set: 1.7ms
[2026-04-14T02:06:56.598+0000][gc,phases   ] GC(66)   Other: 1.5ms
[2026-04-14T02:06:56.598+0000][gc,heap     ] GC(66) Eden regions: 509->0(509)
[2026-04-14T02:06:56.599+0000][gc,heap     ] GC(66) Survivor regions: 3->3(64)
[2026-04-14T02:06:56.599+0000][gc,heap     ] GC(66) Old regions: 128->128
[2026-04-14T02:06:56.599+0000][gc,heap     ] GC(66) Archive regions: 2->2
[2026-04-14T02:06:56.599+0000][gc,heap     ] GC(66) Humongous regions: 18->18
[2026-04-14T02:06:56.599+0000][gc,metaspace] GC(66) Metaspace: 92884K(93888K)->92884K(93888K) NonClass: 81906K(82432K)->81906K(82432K) Class: 10978K(11456K)->10978K(11456K)
[2026-04-14T02:06:56.599+0000][gc          ] GC(66) Pause Young (Normal) (G1 Evacuation Pause) 657M->148M(1024M) 8.731ms
[2026-04-14T02:06:56.599+0000][gc,cpu      ] GC(66) User=0.03s Sys=0.01s Real=0.01s
[2026-04-14T02:38:31.436+0000][gc,start    ] GC(67) Pause Young (Normal) (G1 Evacuation Pause)
[2026-04-14T02:38:31.436+0000][gc,task     ] GC(67) Using 15 workers of 15 for evacuation
[2026-04-14T02:38:31.451+0000][gc,phases   ] GC(67)   Pre Evacuate Collection Set: 1.4ms
[2026-04-14T02:38:31.451+0000][gc,phases   ] GC(67)   Merge Heap Roots: 3.7ms
[2026-04-14T02:38:31.452+0000][gc,phases   ] GC(67)   Evacuate Collection Set: 5.3ms
[2026-04-14T02:38:31.452+0000][gc,phases   ] GC(67)   Post Evacuate Collection Set: 3.0ms
[2026-04-14T02:38:31.452+0000][gc,phases   ] GC(67)   Other: 2.5ms
[2026-04-14T02:38:31.453+0000][gc,heap     ] GC(67) Eden regions: 509->0(509)
[2026-04-14T02:38:31.453+0000][gc,heap     ] GC(67) Survivor regions: 3->3(64)
[2026-04-14T02:38:31.454+0000][gc,heap     ] GC(67) Old regions: 128->128
[2026-04-14T02:38:31.454+0000][gc,heap     ] GC(67) Archive regions: 2->2
[2026-04-14T02:38:31.454+0000][gc,heap     ] GC(67) Humongous regions: 18->18
[2026-04-14T02:38:31.455+0000][gc,metaspace] GC(67) Metaspace: 92888K(93888K)->92888K(93888K) NonClass: 81909K(82432K)->81909K(82432K) Class: 10978K(11456K)->10978K(11456K)
[2026-04-14T02:38:31.455+0000][gc          ] GC(67) Pause Young (Normal) (G1 Evacuation Pause) 657M->148M(1024M) 19.691ms
[2026-04-14T02:38:31.456+0000][gc,cpu      ] GC(67) User=0.08s Sys=0.01s Real=0.02s
[2026-04-14T04:29:08.630+0000][gc,start    ] GC(68) Pause Young (Normal) (G1 Evacuation Pause)
[2026-04-14T04:29:08.630+0000][gc,task     ] GC(68) Using 15 workers of 15 for evacuation
[2026-04-14T04:29:08.636+0000][gc,phases   ] GC(68)   Pre Evacuate Collection Set: 0.6ms
[2026-04-14T04:29:08.636+0000][gc,phases   ] GC(68)   Merge Heap Roots: 0.4ms
[2026-04-14T04:29:08.637+0000][gc,phases   ] GC(68)   Evacuate Collection Set: 2.8ms
[2026-04-14T04:29:08.637+0000][gc,phases   ] GC(68)   Post Evacuate Collection Set: 1.3ms
[2026-04-14T04:29:08.637+0000][gc,phases   ] GC(68)   Other: 1.1ms
[2026-04-14T04:29:08.637+0000][gc,heap     ] GC(68) Eden regions: 509->0(509)
[2026-04-14T04:29:08.638+0000][gc,heap     ] GC(68) Survivor regions: 3->3(64)
[2026-04-14T04:29:08.638+0000][gc,heap     ] GC(68) Old regions: 128->128
[2026-04-14T04:29:08.639+0000][gc,heap     ] GC(68) Archive regions: 2->2
[2026-04-14T04:29:08.639+0000][gc,heap     ] GC(68) Humongous regions: 18->18
[2026-04-14T04:29:08.639+0000][gc,metaspace] GC(68) Metaspace: 92910K(93888K)->92910K(93888K) NonClass: 81932K(82432K)->81932K(82432K) Class: 10978K(11456K)->10978K(11456K)
[2026-04-14T04:29:08.640+0000][gc          ] GC(68) Pause Young (Normal) (G1 Evacuation Pause) 657M->148M(1024M) 10.056ms
[2026-04-14T04:29:08.640+0000][gc,cpu      ] GC(68) User=0.02s Sys=0.01s Real=0.01s
[2026-04-14T10:22:17.348+0000][gc,start    ] GC(69) Pause Young (Normal) (G1 Evacuation Pause)
[2026-04-14T10:22:17.348+0000][gc,task     ] GC(69) Using 15 workers of 15 for evacuation
[2026-04-14T10:22:17.358+0000][gc,phases   ] GC(69)   Pre Evacuate Collection Set: 0.7ms
[2026-04-14T10:22:17.358+0000][gc,phases   ] GC(69)   Merge Heap Roots: 0.9ms
[2026-04-14T10:22:17.358+0000][gc,phases   ] GC(69)   Evacuate Collection Set: 5.2ms
[2026-04-14T10:22:17.359+0000][gc,phases   ] GC(69)   Post Evacuate Collection Set: 2.2ms
[2026-04-14T10:22:17.359+0000][gc,phases   ] GC(69)   Other: 1.3ms
[2026-04-14T10:22:17.359+0000][gc,heap     ] GC(69) Eden regions: 509->0(509)
[2026-04-14T10:22:17.360+0000][gc,heap     ] GC(69) Survivor regions: 3->3(64)
[2026-04-14T10:22:17.360+0000][gc,heap     ] GC(69) Old regions: 128->128
[2026-04-14T10:22:17.360+0000][gc,heap     ] GC(69) Archive regions: 2->2
[2026-04-14T10:22:17.360+0000][gc,heap     ] GC(69) Humongous regions: 18->18
[2026-04-14T10:22:17.361+0000][gc,metaspace] GC(69) Metaspace: 93002K(93952K)->93002K(93952K) NonClass: 82023K(82496K)->82023K(82496K) Class: 10978K(11456K)->10978K(11456K)
[2026-04-14T10:22:17.361+0000][gc          ] GC(69) Pause Young (Normal) (G1 Evacuation Pause) 657M->149M(1024M) 13.144ms
[2026-04-14T10:22:17.362+0000][gc,cpu      ] GC(69) User=0.08s Sys=0.00s Real=0.01s
[2026-04-14T10:53:03.088+0000][gc,start    ] GC(70) Pause Young (Normal) (G1 Evacuation Pause)
[2026-04-14T10:53:03.089+0000][gc,task     ] GC(70) Using 15 workers of 15 for evacuation
[2026-04-14T10:53:03.104+0000][gc,phases   ] GC(70)   Pre Evacuate Collection Set: 1.6ms
[2026-04-14T10:53:03.105+0000][gc,phases   ] GC(70)   Merge Heap Roots: 3.7ms
[2026-04-14T10:53:03.105+0000][gc,phases   ] GC(70)   Evacuate Collection Set: 5.7ms
[2026-04-14T10:53:03.105+0000][gc,phases   ] GC(70)   Post Evacuate Collection Set: 3.0ms
[2026-04-14T10:53:03.105+0000][gc,phases   ] GC(70)   Other: 2.9ms
[2026-04-14T10:53:03.106+0000][gc,heap     ] GC(70) Eden regions: 509->0(509)
[2026-04-14T10:53:03.106+0000][gc,heap     ] GC(70) Survivor regions: 3->3(64)
[2026-04-14T10:53:03.106+0000][gc,heap     ] GC(70) Old regions: 128->128
[2026-04-14T10:53:03.107+0000][gc,heap     ] GC(70) Archive regions: 2->2
[2026-04-14T10:53:03.107+0000][gc,heap     ] GC(70) Humongous regions: 18->18
[2026-04-14T10:53:03.107+0000][gc,metaspace] GC(70) Metaspace: 93017K(94016K)->93017K(94016K) NonClass: 82038K(82560K)->82038K(82560K) Class: 10978K(11456K)->10978K(11456K)
[2026-04-14T10:53:03.108+0000][gc          ] GC(70) Pause Young (Normal) (G1 Evacuation Pause) 658M->148M(1024M) 19.240ms
[2026-04-14T10:53:03.108+0000][gc,cpu      ] GC(70) User=0.09s Sys=0.01s Real=0.02s
[2026-04-14T13:26:04.589+0000][gc,start    ] GC(71) Pause Young (Normal) (G1 Evacuation Pause)
[2026-04-14T13:26:04.590+0000][gc,task     ] GC(71) Using 15 workers of 15 for evacuation
[2026-04-14T13:26:04.597+0000][gc,phases   ] GC(71)   Pre Evacuate Collection Set: 0.5ms
[2026-04-14T13:26:04.597+0000][gc,phases   ] GC(71)   Merge Heap Roots: 0.4ms
[2026-04-14T13:26:04.597+0000][gc,phases   ] GC(71)   Evacuate Collection Set: 4.3ms
[2026-04-14T13:26:04.598+0000][gc,phases   ] GC(71)   Post Evacuate Collection Set: 1.6ms
[2026-04-14T13:26:04.598+0000][gc,phases   ] GC(71)   Other: 1.0ms
[2026-04-14T13:26:04.598+0000][gc,heap     ] GC(71) Eden regions: 509->0(509)
[2026-04-14T13:26:04.598+0000][gc,heap     ] GC(71) Survivor regions: 3->3(64)
[2026-04-14T13:26:04.598+0000][gc,heap     ] GC(71) Old regions: 128->128
[2026-04-14T13:26:04.598+0000][gc,heap     ] GC(71) Archive regions: 2->2
[2026-04-14T13:26:04.598+0000][gc,heap     ] GC(71) Humongous regions: 18->18
[2026-04-14T13:26:04.599+0000][gc,metaspace] GC(71) Metaspace: 93027K(94016K)->93027K(94016K) NonClass: 82049K(82560K)->82049K(82560K) Class: 10978K(11456K)->10978K(11456K)
[2026-04-14T13:26:04.599+0000][gc          ] GC(71) Pause Young (Normal) (G1 Evacuation Pause) 657M->148M(1024M) 9.436ms
[2026-04-14T13:26:04.599+0000][gc,cpu      ] GC(71) User=0.02s Sys=0.01s Real=0.01s
[2026-04-14T13:57:05.058+0000][gc,start    ] GC(72) Pause Young (Normal) (G1 Evacuation Pause)
[2026-04-14T13:57:05.059+0000][gc,task     ] GC(72) Using 15 workers of 15 for evacuation
[2026-04-14T13:57:05.066+0000][gc,phases   ] GC(72)   Pre Evacuate Collection Set: 0.9ms
[2026-04-14T13:57:05.066+0000][gc,phases   ] GC(72)   Merge Heap Roots: 0.4ms
[2026-04-14T13:57:05.066+0000][gc,phases   ] GC(72)   Evacuate Collection Set: 3.2ms
[2026-04-14T13:57:05.066+0000][gc,phases   ] GC(72)   Post Evacuate Collection Set: 1.9ms
[2026-04-14T13:57:05.066+0000][gc,phases   ] GC(72)   Other: 1.8ms
[2026-04-14T13:57:05.066+0000][gc,heap     ] GC(72) Eden regions: 509->0(509)
[2026-04-14T13:57:05.067+0000][gc,heap     ] GC(72) Survivor regions: 3->3(64)
[2026-04-14T13:57:05.067+0000][gc,heap     ] GC(72) Old regions: 128->128
[2026-04-14T13:57:05.067+0000][gc,heap     ] GC(72) Archive regions: 2->2
[2026-04-14T13:57:05.067+0000][gc,heap     ] GC(72) Humongous regions: 18->18
[2026-04-14T13:57:05.067+0000][gc,metaspace] GC(72) Metaspace: 93028K(94016K)->93028K(94016K) NonClass: 82049K(82560K)->82049K(82560K) Class: 10978K(11456K)->10978K(11456K)
[2026-04-14T13:57:05.067+0000][gc          ] GC(72) Pause Young (Normal) (G1 Evacuation Pause) 657M->148M(1024M) 8.865ms
[2026-04-14T13:57:05.067+0000][gc,cpu      ] GC(72) User=0.04s Sys=0.01s Real=0.01s
[2026-04-14T14:28:03.760+0000][gc,start    ] GC(73) Pause Young (Normal) (G1 Evacuation Pause)
[2026-04-14T14:28:03.760+0000][gc,task     ] GC(73) Using 15 workers of 15 for evacuation
[2026-04-14T14:28:03.773+0000][gc,phases   ] GC(73)   Pre Evacuate Collection Set: 1.8ms
[2026-04-14T14:28:03.774+0000][gc,phases   ] GC(73)   Merge Heap Roots: 0.7ms
[2026-04-14T14:28:03.774+0000][gc,phases   ] GC(73)   Evacuate Collection Set: 6.9ms
[2026-04-14T14:28:03.774+0000][gc,phases   ] GC(73)   Post Evacuate Collection Set: 2.4ms
